02-06 22:12:26.201 32352 32352 I SendBroadcastPermission: action:com.huawei.appmarket.service.downloadservice.Receiver, mPermissionType:0
02-06 22:12:26.206 18140 18188 W ResourceType: For resource 0x7f021089, entry index(4233) is beyond type entryCount(562)
02-06 22:12:26.206 18140 18188 W ResourceType: Failure getting entry for 0x7f021089 (t=1 e=4233) (error -75)
02-06 22:12:26.207 18140 18188 W ResourceType: For resource 0x7f021088, entry index(4232) is beyond type entryCount(562)
02-06 22:12:26.207 18140 18188 W ResourceType: Failure getting entry for 0x7f021088 (t=1 e=4232) (error -75)
02-06 22:12:26.222  4048  4048 I PushLog2824: [main-1]broadcast(),and mReceivers  4(android/null:-1)
02-06 22:12:26.223  4048  4048 I PushLog2824: [main-1]action is android.intent.action.PACKAGE_ADDED(android/null:-1)
02-06 22:12:26.227  4048  4048 W PackageManager: STAHP USING HIDDEN APIS KTHX
02-06 22:12:26.228  4048  4048 I PushLog2824: [main-1]enter ctrlSockets(cmd:1 param:3)(android/null:-1)
02-06 22:12:26.233  4048  4048 W PackageManager: STAHP USING HIDDEN APIS KTHX
02-06 22:12:26.235  4048  4048 I PushLog2824: [main-1]broadcast(),and mReceivers  4(android/null:-1)
02-06 22:12:26.236 18140 18188 W ResourceType: For resource 0x7f020f28, entry index(3880) is beyond type entryCount(562)
02-06 22:12:26.236 18140 18188 W ResourceType: Failure getting entry for 0x7f020f28 (t=1 e=3880) (error -75)
02-06 22:12:26.236 18140 18188 W ResourceType: For resource 0x7f020f28, entry index(3880) is beyond type entryCount(562)
02-06 22:12:26.236 18140 18188 W ResourceType: Failure getting entry for 0x7f020f28 (t=1 e=3880) (error -75)
02-06 22:12:26.236 18140 18188 W ResourceType: For resource 0x7f020f28, entry index(3880) is beyond type entryCount(562)
02-06 22:12:26.236 18140 18188 W ResourceType: Failure getting entry for 0x7f020f28 (t=1 e=3880) (error -75)
02-06 22:12:26.246  1621  1773 I chatty  : uid=1000(system) StartupService expire 1 line
02-06 22:12:26.259 32352 32352 I SendBroadcastPermission: action:com.huawei.appmarket.service.downloadservice.Receiver, mPermissionType:0
02-06 22:12:26.263 32352 32352 I SendBroadcastPermission: action:com.huawei.appmarket.service.downloadservice.Receiver, mPermissionType:0
02-06 22:12:26.266 32352 32391 E HiApp.DBHandler: pool-5-thread-1{501} <<< ERROR >>> delete ex:
02-06 22:12:26.266 32352 32391 E HiApp.DBHandler: java.lang.IllegalStateException: attempt to re-open an already-closed object: SQLiteDatabase: /data/user/0/com.huawei.appmarket/databases/app.db
02-06 22:12:26.266 32352 32391 E HiApp.DBHandler: 	at android.database.sqlite.SQLiteClosable.acquireReference(SQLiteClosable.java:55)
02-06 22:12:26.266 32352 32391 E HiApp.DBHandler: 	at android.database.sqlite.SQLiteDatabase.delete(SQLiteDatabase.java:1755)
02-06 22:12:26.266 32352 32391 E HiApp.DBHandler: 	at o.sn.ˎ(:9278)
02-06 22:12:26.266 32352 32391 E HiApp.DBHandler: 	at o.aga$b.doInBackground(:3044)
02-06 22:12:26.266 32352 32391 E HiApp.DBHandler: 	at android.os.AsyncTask$2.call(AsyncTask.java:316)
02-06 22:12:26.266 32352 32391 E HiApp.DBHandler: 	at java.util.concurrent.FutureTask.run(FutureTask.java:237)
02-06 22:12:26.266 32352 32391 E HiApp.DBHandler: 	at java.util.concurrent.ThreadPoolExecutor.runWorker(ThreadPoolExecutor.java:1133)
02-06 22:12:26.266 32352 32391 E HiApp.DBHandler: 	at java.util.concurrent.ThreadPoolExecutor$Worker.run(ThreadPoolExecutor.java:607)
02-06 22:12:26.266 32352 32391 E HiApp.DBHandler: 	at java.lang.Thread.run(Thread.java:776)
02-06 22:12:26.285 32352 32352 I SendBroadcastPermission: action:com.huawei.appmarket.service.downloadservice.Receiver, mPermissionType:0
02-06 22:12:26.300 18191 18191 I PushLogAC2818: [main-1]action is android.intent.action.PACKAGE_REMOVED(pushagent/null:-1)
02-06 22:12:26.303 18191 18205 I PushLogAC2818: [Thread-3-808]votedPackage from file:android(pushagent/null:-1)
02-06 22:12:26.325 18207 18207 I PushLogSC2609: [main-1]action is android.intent.action.PACKAGE_REMOVED(remoteassistant/null:-1)
02-06 22:12:26.328 18207 18223 I PushLogSC2609: [Thread-3-924]framework push exist, use framework push first(remoteassistant/null:-1)
02-06 22:12:26.331  1338  1338 I AppUninstallReceiver: replaced = true dataRemoved = false
02-06 22:12:26.333  1029  1042 I chatty  : uid=1000(system) android.bg expire 12 lines
02-06 22:12:26.441 32352 32352 I SendBroadcastPermission: action:com.huawei.appmarket.service.downloadservice.Receiver, mPermissionType:0
02-06 22:12:26.456 18191 18191 I PushLogAC2818: [main-1]action is android.intent.action.PACKAGE_ADDED(pushagent/null:-1)
02-06 22:12:26.469 18191 18191 I PushLogAC2818: [main-1]run push selfshow(pushagent/null:-1)
02-06 22:12:26.470 18191 18205 I PushLogAC2818: [Thread-3-808]votedPackage from file:android(pushagent/null:-1)
02-06 22:12:26.486 18207 18207 I PushLogSC2609: [main-1]action is android.intent.action.PACKAGE_ADDED(remoteassistant/null:-1)
02-06 22:12:26.489 18207 18207 I PushLogSC2609: [main-1]run push selfshow(remoteassistant/null:-1)
02-06 22:12:26.503 18207 18223 I PushLogSC2609: [Thread-3-924]framework push exist, use framework push first(remoteassistant/null:-1)
02-06 22:12:26.508 32352 32715 E ConnectivityManager.CallbackHandler: callback not found for RELEASED message
02-06 22:12:26.518  1850  3497 W HwSystemManager: AppInstallationReceiver:The installed app has already configured. ignore com.apptest
02-06 22:12:26.518  1850  3497 I SendBroadcastPermission: action:PACKAGE_ADDED_OR_REMOVED, mPermissionType:0
02-06 22:12:26.547  1850  1990 W HwSystemManager: ProtectAppControl:com.apptest already exist!
02-06 22:12:26.547  1621 22449 I chatty  : uid=1000(system) com.huawei.systemmanager:service expire 5 lines
02-06 22:12:26.570  1850  3905 E HwSystemManager: SpaceCleanReceiver:doPkgAdd pi is not valid permission
02-06 22:12:26.619  1850  1850 W HwSystemManager: HsmIntentService:still has some task running, don't stop service.
02-06 22:12:26.651  1850  3663 I SendBroadcastPermission: action:PACKAGE_ADDED_OR_REMOVED, mPermissionType:0
02-06 22:12:27.318  2226 22463 I chatty  : uid=10059(com.huawei.android.launcher) expire 2 lines
02-06 22:12:27.330 22464 22464 I         : power log dlsym ok
02-06 22:12:27.332 22464 22464 I chatty  : uid=10194(com.apptest) expire 14 lines
02-06 22:12:27.368  2051  2801 W Ptm.AbnormalObserver: unhandled mesg: 4005
02-06 22:12:27.375 10965 22480 I TotemWeather: WeatherService info:processIntent action =com.huawei.android.action.NOTIFY_STATE
02-06 22:12:27.375 10965 22480 I TotemWeather: DeviceStateListener info:onTaskStateChanged->taskType:1, taskState:0
02-06 22:12:27.435 22464 22485 I chatty  : uid=10194(com.apptest) expire 1 line
02-06 22:12:27.439 22464 22489 I chatty  : uid=10194(com.apptest) expire 1 line
02-06 22:12:27.439 22464 22490 I chatty  : uid=10194(com.apptest) expire 1 line
02-06 22:12:27.463  1268  1268 I PhoneStatusBarPolicy: updateBluetooth:::setBluetoothBatteryEnable false.
02-06 22:12:27.464  1268  1268 I PhoneStatusBarPolicy: updateBluetooth::bluetoothEnabled:false, bluetoothConnected=false, bluetoothTransfering=false
02-06 22:12:27.466 22464 22493 I chatty  : uid=10194(com.apptest) expire 43 lines
02-06 22:12:27.476 22464 22491 I chatty  : uid=10194(com.apptest) expire 2 lines
02-06 22:12:27.675  1517  2345 I chatty  : uid=1000(system) NRTUserHabitTra expire 3 lines
02-06 22:12:27.980   574   574 I chatty  : uid=1000(system) /vendor/bin/thermal-daemon expire 12 lines
02-06 22:12:28.825  1029  1029 I chatty  : uid=1000 system_server expire 10 lines
02-06 22:12:28.828  1621  1621 I chatty  : uid=1000(system) com.huawei.systemmanager:service expire 2 lines
02-06 22:12:29.787  1268  1268 I SlideTouchEvent: Sliding distance is too short, can not trigger the lazy mode
02-06 22:12:30.456  1029  2164 I chatty  : uid=1000(system) Binder:1029_F expire 10 lines
02-06 22:12:30.456  2181  2344 I amsnl   : csr
02-06 22:12:30.457  2181  2344 I amsnl   : t:false, fl: false, p: 2147483647000, ce: true, we: true
02-06 22:12:30.460  2181  2344 I amsnl   : m1: false
02-06 22:12:30.462  2181  2344 I amsnl   : m2: false, m3: false
02-06 22:12:30.463  2181  2344 I amsnl   : c: true, w: false, t: false, l: false
02-06 22:12:32.995 15015 17880 I SocketReaderNew: SocketReader(962) continue
02-06 22:12:32.996 15015 17880 W System.err: java.net.SocketException: Socket is closed
02-06 22:12:32.996 15015 17880 W System.err: 	at java.net.Socket.getSoTimeout(Socket.java:1128)
02-06 22:12:32.996 15015 17880 W System.err: 	at com.tencent.qphone.base.util.MsfSocketInputBuffer.isDataAvailable(MsfSocketInputBuffer.java:71)
02-06 22:12:32.996 15015 17880 W System.err: 	at com.tencent.mobileqq.msf.core.net.l$b.run(SocketEngine.java:491)
02-06 22:12:32.996 15015 17880 I SocketReaderNew: SocketReader(962) wait
02-06 22:12:35.115 22525 22525 E XmlParser: open file:/vendor/etc/HwFrameworkNormalization.xml filed in parseXml
02-06 22:12:35.115 22525 22525 E XmlParser: parse File:/vendor/etc/HwFrameworkNormalization.xml failed
02-06 22:12:35.115 22525 22525 I libEGL  : egl_cache_t() !XML_VALUE_GETCORRECT NAME_MAXKEYSIZE
02-06 22:12:35.115 22525 22525 E XmlParser: open file:/vendor/etc/HwFrameworkNormalization.xml filed in parseXml
02-06 22:12:35.115 22525 22525 E XmlParser: parse File:/vendor/etc/HwFrameworkNormalization.xml failed
02-06 22:12:35.115 22525 22525 I libEGL  : egl_cache_t() !XML_VALUE_GETCORRECT NAME_MAXTOTLESIZE
02-06 22:12:35.115 22525 22525 I libEGL  : egl_cache_t() maxKeySize:1024  maxTotalSize:65536
02-06 22:12:35.119 22525 22525 I appproc : CLASSPATH=/system/framework/am.jar
02-06 22:12:35.119 22525 22525 I appproc : Command=app_process /system/bin com.android.commands.am.Am start -n com.apptest/com.apptest.MainActivity 
02-06 22:12:35.121 22525 22525 I AndroidRuntime: readDownloadBoosterConfig: 'false'
02-06 22:12:35.159 22525 22525 I art     : Reinit property: dalvik.vm.checkjni= false
02-06 22:12:35.170 22525 22525 I HWSERVICES: hwnative_get_component_register:libdrmbitmap,JNI
02-06 22:12:35.173 22525 22525 I Radio-JNI: register_android_hardware_Radio DONE
02-06 22:12:35.175 22525 22525 I android_hardware_fm.cpp: register_android_hardware_fm_fmradio
02-06 22:12:35.175 22525 22525 I android_hardware_fm.cpp: ========64bit long size = 8
02-06 22:12:35.175 22525 22525 I android_hardware_fm.cpp: FM: get chip type = bcm43xx
02-06 22:12:35.176 22525 22525 E fm_if.c : find the id:fm and begins to open the devices
02-06 22:12:35.176 22525 22525 I android_hardware_fm.cpp: register_android_hardware_fm_fmradio, ret is 0
02-06 22:12:35.305  1029 25718 I chatty  : uid=1000(system) Binder:1029_19 expire 12 lines
02-06 22:12:36.463  2181  2344 I amsnl   : csr
02-06 22:12:36.464  2181  2344 I amsnl   : t:false, fl: false, p: 2147483647000, ce: true, we: true
02-06 22:12:36.466  2181  2344 I amsnl   : m1: false
02-06 22:12:36.468  2181  2344 I amsnl   : m2: false, m3: false
02-06 22:12:36.468  2181  2344 I amsnl   : c: true, w: false, t: false, l: false
02-06 22:12:39.824  2226  2226 I chatty  : uid=10059(com.huawei.android.launcher) expire 115 lines
02-06 22:12:39.827  2051  2801 W Ptm.AbnormalObserver: unhandled mesg: 4005
02-06 22:12:39.827  1029  2160 I chatty  : uid=1000(system) Binder:1029_C expire 5 lines
02-06 22:12:39.827  2226  2375 I chatty  : uid=10059(com.huawei.android.launcher) launcher-loader expire 21 lines
02-06 22:12:39.831 10965 30668 I TotemWeather: Utils info:launcherIntent for weather DynamicIcon
02-06 22:12:39.831 10965 30668 I TotemWeather: Utils info:getWidgetShowCityInfo return myLocation
02-06 22:12:39.837 10965 30668 I SendBroadcastPermission: action:com.huawei.android.action.launcher_weather_icon_change, mPermissionType:0
02-06 22:12:39.839 10965 22553 I TotemWeather: WeatherService info:processIntent action =com.huawei.android.action.NOTIFY_STATE
02-06 22:12:39.839 10965 22553 I TotemWeather: DeviceStateListener info:onTaskStateChanged->taskType:1, taskState:1
02-06 22:12:39.839 10965 22553 I TotemWeather: DeviceStateListener info:checkWeatherInfoTimeOut: weather update in half an hour,return
02-06 22:12:39.859  1268  1268 I PhoneStatusBarPolicy: updateBluetooth:::setBluetoothBatteryEnable false.
02-06 22:12:39.859  1268  1268 I PhoneStatusBarPolicy: updateBluetooth::bluetoothEnabled:false, bluetoothConnected=false, bluetoothTransfering=false
02-06 22:12:39.869 25101 25101 I SendBroadcastPermission: action:com.baidu.input.entry.launcer, mPermissionType:0
02-06 22:12:40.161   420   420 I chatty  : uid=1000(system) /system/bin/surfaceflinger expire 11 lines
02-06 22:12:40.524  2226 22554 I chatty  : uid=10059(com.huawei.android.launcher) expire 2 lines
02-06 22:12:40.539  1517  1811 I chatty  : uid=1000(system) sdk thread expire 10 lines
02-06 22:12:40.539  2051  2801 W Ptm.AbnormalObserver: unhandled mesg: 4005
02-06 22:12:40.561   420  4432 I chatty  : uid=1000(system) Binder:420_5 expire 12 lines
02-06 22:12:40.568  1517  1601 I chatty  : uid=1000(system) core expire 12 lines
02-06 22:12:40.579  1268  1268 I PhoneStatusBarPolicy: updateBluetooth:::setBluetoothBatteryEnable false.
02-06 22:12:40.579  1268  1268 I PhoneStatusBarPolicy: updateBluetooth::bluetoothEnabled:false, bluetoothConnected=false, bluetoothTransfering=false
02-06 22:12:40.579 10965 22560 I TotemWeather: WeatherService info:processIntent action =com.huawei.android.action.NOTIFY_STATE
02-06 22:12:40.580 10965 22560 I TotemWeather: DeviceStateListener info:onTaskStateChanged->taskType:1, taskState:0
02-06 22:12:41.315  2051  2445 W Ptm.AbnormalObserver: unhandled mesg: 4008
02-06 22:12:41.617   420  1256 I chatty  : uid=1000(system) Binder:420_3 expire 9 lines
02-06 22:12:41.632  2051  2801 W Ptm.AbnormalObserver: unhandled mesg: 4005
02-06 22:12:41.635 10965 30668 I TotemWeather: Utils info:launcherIntent for weather DynamicIcon
02-06 22:12:41.635 10965 30668 I TotemWeather: Utils info:getWidgetShowCityInfo return myLocation
02-06 22:12:41.636 10965 30668 I SendBroadcastPermission: action:com.huawei.android.action.launcher_weather_icon_change, mPermissionType:0
02-06 22:12:41.645 10965 22567 I TotemWeather: WeatherService info:processIntent action =com.huawei.android.action.NOTIFY_STATE
02-06 22:12:41.645 10965 22567 I TotemWeather: DeviceStateListener info:onTaskStateChanged->taskType:1, taskState:1
02-06 22:12:41.645 10965 22567 I TotemWeather: DeviceStateListener info:checkWeatherInfoTimeOut: weather update in half an hour,return
02-06 22:12:41.667  1268  1268 I PhoneStatusBarPolicy: updateBluetooth:::setBluetoothBatteryEnable false.
02-06 22:12:41.667  1268  1268 I PhoneStatusBarPolicy: updateBluetooth::bluetoothEnabled:false, bluetoothConnected=false, bluetoothTransfering=false
02-06 22:12:41.694 25101 25101 I SendBroadcastPermission: action:com.baidu.input.entry.launcer, mPermissionType:0
02-06 22:12:41.714  2051  2066 W Ptm.AbnormalObserver: unhandled mesg: 4008
02-06 22:12:41.861  4048 14915 I PushLog2824: [SocketRead_20:57:39-4316]received a msg cmdId:DB(android/null:-1)
02-06 22:12:41.869  4048 14915 I PushLog2824: [SocketRead_20:57:39-4316]broadcast(),and mReceivers  4(android/null:-1)
02-06 22:12:42.247  1517  1528 I chatty  : uid=1000(system) Binder:1517_1 expire 2 lines
02-06 22:12:42.466  2181  2344 I amsnl   : csr
02-06 22:12:42.466  2181  2344 I amsnl   : t:false, fl: false, p: 2147483647000, ce: true, we: true
02-06 22:12:42.469  2181  2344 I amsnl   : m1: false
02-06 22:12:42.471  2181  2344 I amsnl   : m2: false, m3: false
02-06 22:12:42.471  2181  2344 I amsnl   : c: true, w: false, t: false, l: false
02-06 22:12:42.998   574   574 I chatty  : uid=1000(system) /vendor/bin/thermal-daemon expire 12 lines
02-06 22:12:44.168  1029  1231 I chatty  : uid=1000(system) WiFiArpStateMac expire 19 lines
02-06 22:12:46.435 22573 22573 E XmlParser: open file:/vendor/etc/HwFrameworkNormalization.xml filed in parseXml
02-06 22:12:46.435 22573 22573 E XmlParser: parse File:/vendor/etc/HwFrameworkNormalization.xml failed
02-06 22:12:46.435 22573 22573 I libEGL  : egl_cache_t() !XML_VALUE_GETCORRECT NAME_MAXKEYSIZE
02-06 22:12:46.435 22573 22573 E XmlParser: open file:/vendor/etc/HwFrameworkNormalization.xml filed in parseXml
02-06 22:12:46.435 22573 22573 E XmlParser: parse File:/vendor/etc/HwFrameworkNormalization.xml failed
02-06 22:12:46.435 22573 22573 I libEGL  : egl_cache_t() !XML_VALUE_GETCORRECT NAME_MAXTOTLESIZE
02-06 22:12:46.435 22573 22573 I libEGL  : egl_cache_t() maxKeySize:1024  maxTotalSize:65536
02-06 22:12:46.440 22573 22573 I appproc : CLASSPATH=/system/framework/am.jar
02-06 22:12:46.440 22573 22573 I appproc : Command=app_process /system/bin com.android.commands.am.Am get-config 
02-06 22:12:46.442 22573 22573 I AndroidRuntime: readDownloadBoosterConfig: 'false'
02-06 22:12:46.480 22573 22573 I art     : Reinit property: dalvik.vm.checkjni= false
02-06 22:12:46.489 22573 22573 I HWSERVICES: hwnative_get_component_register:libdrmbitmap,JNI
02-06 22:12:46.492 22573 22573 I Radio-JNI: register_android_hardware_Radio DONE
02-06 22:12:46.494 22573 22573 I android_hardware_fm.cpp: register_android_hardware_fm_fmradio
02-06 22:12:46.494 22573 22573 I android_hardware_fm.cpp: ========64bit long size = 8
02-06 22:12:46.494 22573 22573 I android_hardware_fm.cpp: FM: get chip type = bcm43xx
02-06 22:12:46.494 22573 22573 E fm_if.c : find the id:fm and begins to open the devices
02-06 22:12:46.494 22573 22573 I android_hardware_fm.cpp: register_android_hardware_fm_fmradio, ret is 0
02-06 22:12:46.778 22583 22583 E XmlParser: open file:/vendor/etc/HwFrameworkNormalization.xml filed in parseXml
02-06 22:12:46.778 22583 22583 E XmlParser: parse File:/vendor/etc/HwFrameworkNormalization.xml failed
02-06 22:12:46.778 22583 22583 I libEGL  : egl_cache_t() !XML_VALUE_GETCORRECT NAME_MAXKEYSIZE
02-06 22:12:46.778 22583 22583 E XmlParser: open file:/vendor/etc/HwFrameworkNormalization.xml filed in parseXml
02-06 22:12:46.778 22583 22583 E XmlParser: parse File:/vendor/etc/HwFrameworkNormalization.xml failed
02-06 22:12:46.778 22583 22583 I libEGL  : egl_cache_t() !XML_VALUE_GETCORRECT NAME_MAXTOTLESIZE
02-06 22:12:46.778 22583 22583 I libEGL  : egl_cache_t() maxKeySize:1024  maxTotalSize:65536
02-06 22:12:46.782 22583 22583 I appproc : CLASSPATH=/system/framework/pm.jar
02-06 22:12:46.782 22583 22583 I appproc : Command=app_process /system/bin com.android.commands.pm.Pm install-create -r -S 8007480 
02-06 22:12:46.784 22583 22583 I AndroidRuntime: readDownloadBoosterConfig: 'false'
02-06 22:12:46.821 22583 22583 I art     : Reinit property: dalvik.vm.checkjni= false
02-06 22:12:46.829 22583 22583 I HWSERVICES: hwnative_get_component_register:libdrmbitmap,JNI
02-06 22:12:46.832 22583 22583 I Radio-JNI: register_android_hardware_Radio DONE
02-06 22:12:46.834 22583 22583 I android_hardware_fm.cpp: register_android_hardware_fm_fmradio
02-06 22:12:46.834 22583 22583 I android_hardware_fm.cpp: ========64bit long size = 8
02-06 22:12:46.834 22583 22583 I android_hardware_fm.cpp: FM: get chip type = bcm43xx
02-06 22:12:46.834 22583 22583 E fm_if.c : find the id:fm and begins to open the devices
02-06 22:12:46.834 22583 22583 I android_hardware_fm.cpp: register_android_hardware_fm_fmradio, ret is 0
02-06 22:12:46.850 22583 22583 I art     : System.exit called, status: 0
02-06 22:12:46.850 22583 22583 I AndroidRuntime: VM exiting with result code 0.
02-06 22:12:47.077  1268  1485 I EventCenter: ContentChange for slot: 1
02-06 22:12:47.080  1268  1485 I EventCenter: ContentChange for slot: 1
02-06 22:12:47.080  1268  1485 I EventCenter: ContentChange for slot: 1
02-06 22:12:47.080  1268  1485 I EventCenter: ContentChange for slot: 1
02-06 22:12:47.107 22594 22594 E XmlParser: open file:/vendor/etc/HwFrameworkNormalization.xml filed in parseXml
02-06 22:12:47.107 22594 22594 E XmlParser: parse File:/vendor/etc/HwFrameworkNormalization.xml failed
02-06 22:12:47.107 22594 22594 I libEGL  : egl_cache_t() !XML_VALUE_GETCORRECT NAME_MAXKEYSIZE
02-06 22:12:47.107 22594 22594 E XmlParser: open file:/vendor/etc/HwFrameworkNormalization.xml filed in parseXml
02-06 22:12:47.107 22594 22594 E XmlParser: parse File:/vendor/etc/HwFrameworkNormalization.xml failed
02-06 22:12:47.107 22594 22594 I libEGL  : egl_cache_t() !XML_VALUE_GETCORRECT NAME_MAXTOTLESIZE
02-06 22:12:47.107 22594 22594 I libEGL  : egl_cache_t() maxKeySize:1024  maxTotalSize:65536
02-06 22:12:47.112 22594 22594 I appproc : CLASSPATH=/system/framework/pm.jar
02-06 22:12:47.112 22594 22594 I appproc : Command=app_process /system/bin com.android.commands.pm.Pm install-write -S 8007480 1278657441 0_app-debug - 
02-06 22:12:47.114 22594 22594 I AndroidRuntime: readDownloadBoosterConfig: 'false'
02-06 22:12:47.152 22594 22594 I art     : Reinit property: dalvik.vm.checkjni= false
02-06 22:12:47.161 22594 22594 I HWSERVICES: hwnative_get_component_register:libdrmbitmap,JNI
02-06 22:12:47.164 22594 22594 I Radio-JNI: register_android_hardware_Radio DONE
02-06 22:12:47.166 22594 22594 I android_hardware_fm.cpp: register_android_hardware_fm_fmradio
02-06 22:12:47.166 22594 22594 I android_hardware_fm.cpp: ========64bit long size = 8
02-06 22:12:47.166 22594 22594 I android_hardware_fm.cpp: FM: get chip type = bcm43xx
02-06 22:12:47.167 22594 22594 E fm_if.c : find the id:fm and begins to open the devices
02-06 22:12:47.167 22594 22594 I android_hardware_fm.cpp: register_android_hardware_fm_fmradio, ret is 0
02-06 22:12:47.182   580   580 I         : free_cache(8007480) avail 45654614016
02-06 22:12:47.715  1268  1485 I EventCenter: ContentChange for slot: 1
02-06 22:12:47.937 22594 22594 I art     : System.exit called, status: 0
02-06 22:12:47.937 22594 22594 I AndroidRuntime: VM exiting with result code 0.
02-06 22:12:48.264 22607 22607 E XmlParser: open file:/vendor/etc/HwFrameworkNormalization.xml filed in parseXml
02-06 22:12:48.264 22607 22607 E XmlParser: parse File:/vendor/etc/HwFrameworkNormalization.xml failed
02-06 22:12:48.264 22607 22607 I libEGL  : egl_cache_t() !XML_VALUE_GETCORRECT NAME_MAXKEYSIZE
02-06 22:12:48.264 22607 22607 E XmlParser: open file:/vendor/etc/HwFrameworkNormalization.xml filed in parseXml
02-06 22:12:48.264 22607 22607 E XmlParser: parse File:/vendor/etc/HwFrameworkNormalization.xml failed
02-06 22:12:48.264 22607 22607 I libEGL  : egl_cache_t() !XML_VALUE_GETCORRECT NAME_MAXTOTLESIZE
02-06 22:12:48.264 22607 22607 I libEGL  : egl_cache_t() maxKeySize:1024  maxTotalSize:65536
02-06 22:12:48.268 22607 22607 I appproc : CLASSPATH=/system/framework/pm.jar
02-06 22:12:48.268 22607 22607 I appproc : Command=app_process /system/bin com.android.commands.pm.Pm install-commit 1278657441 
02-06 22:12:48.270 22607 22607 I AndroidRuntime: readDownloadBoosterConfig: 'false'
02-06 22:12:48.308 22607 22607 I art     : Reinit property: dalvik.vm.checkjni= false
02-06 22:12:48.317 22607 22607 I HWSERVICES: hwnative_get_component_register:libdrmbitmap,JNI
02-06 22:12:48.319 22607 22607 I Radio-JNI: register_android_hardware_Radio DONE
02-06 22:12:48.321 22607 22607 I android_hardware_fm.cpp: register_android_hardware_fm_fmradio
02-06 22:12:48.321 22607 22607 I android_hardware_fm.cpp: ========64bit long size = 8
02-06 22:12:48.321 22607 22607 I android_hardware_fm.cpp: FM: get chip type = bcm43xx
02-06 22:12:48.322 22607 22607 E fm_if.c : find the id:fm and begins to open the devices
02-06 22:12:48.322 22607 22607 I android_hardware_fm.cpp: register_android_hardware_fm_fmradio, ret is 0
02-06 22:12:48.351   591  2309 E iMonitor: [M/listen_server] dsm_stat_mm has error (924003001) reported
02-06 22:12:48.351   591  2309 E iMonitor: [M/listen_server] action-0, cname-dsm_stat_mm, info-0
02-06 22:12:48.351   591  2309 E iMonitor: [M/dsm_dump_error] dsm_stat_mm finish dump 49 bytes
02-06 22:12:48.358   591  2309 E iMonitor: [M/listen_server] Enter select
02-06 22:12:48.365   591  2309 E iMonitor: [M/listen_server] dsm_stat_mm has error (924003001) reported
02-06 22:12:48.365   591  2309 E iMonitor: [M/listen_server] action-0, cname-dsm_stat_mm, info-0
02-06 22:12:48.365   591  2309 E iMonitor: [M/dsm_dump_error] dsm_stat_mm finish dump 49 bytes
02-06 22:12:48.378   591  2309 E iMonitor: [M/listen_server] Enter select
02-06 22:12:48.378   591  2309 E iMonitor: [M/listen_server] dsm_stat_mm has error (924003001) reported
02-06 22:12:48.378   591  2309 E iMonitor: [M/listen_server] action-0, cname-dsm_stat_mm, info-0
02-06 22:12:48.378   591  2309 E iMonitor: [M/dsm_dump_error] dsm_stat_mm finish dump 49 bytes
02-06 22:12:48.391  1268  1485 I EventCenter: ContentChange for slot: 1
02-06 22:12:48.392   591  2309 E iMonitor: [M/listen_server] Enter select
02-06 22:12:48.392   591  2309 E iMonitor: [M/listen_server] dsm_stat_mm has error (924003001) reported
02-06 22:12:48.392   591  2309 E iMonitor: [M/listen_server] action-0, cname-dsm_stat_mm, info-0
02-06 22:12:48.392   591  2309 E iMonitor: [M/dsm_dump_error] dsm_stat_mm finish dump 49 bytes
02-06 22:12:48.398   591  2309 E iMonitor: [M/listen_server] Enter select
02-06 22:12:48.404   591  2309 E iMonitor: [M/listen_server] dsm_stat_mm has error (924003001) reported
02-06 22:12:48.404   591  2309 E iMonitor: [M/listen_server] action-0, cname-dsm_stat_mm, info-0
02-06 22:12:48.404   591  2309 E iMonitor: [M/dsm_dump_error] dsm_stat_mm finish dump 49 bytes
02-06 22:12:48.409   591  2309 E iMonitor: [M/listen_server] Enter select
02-06 22:12:48.410   591  2309 E iMonitor: [M/listen_server] dsm_stat_mm has error (924003001) reported
02-06 22:12:48.410   591  2309 E iMonitor: [M/listen_server] action-0, cname-dsm_stat_mm, info-0
02-06 22:12:48.410   591  2309 E iMonitor: [M/dsm_dump_error] dsm_stat_mm finish dump 49 bytes
02-06 22:12:48.415   591  2309 E iMonitor: [M/listen_server] Enter select
02-06 22:12:48.417   591  2309 E iMonitor: [M/listen_server] dsm_stat_mm has error (924003001) reported
02-06 22:12:48.417   591  2309 E iMonitor: [M/listen_server] action-0, cname-dsm_stat_mm, info-0
02-06 22:12:48.417   591  2309 E iMonitor: [M/dsm_dump_error] dsm_stat_mm finish dump 49 bytes
02-06 22:12:48.422   591  2309 E iMonitor: [M/listen_server] Enter select
02-06 22:12:48.423   591  2309 E iMonitor: [M/listen_server] dsm_stat_mm has error (924003001) reported
02-06 22:12:48.423   591  2309 E iMonitor: [M/listen_server] action-0, cname-dsm_stat_mm, info-0
02-06 22:12:48.423   591  2309 E iMonitor: [M/dsm_dump_error] dsm_stat_mm finish dump 49 bytes
02-06 22:12:48.428   591  2309 E iMonitor: [M/listen_server] Enter select
02-06 22:12:48.428   591  2309 E iMonitor: [M/listen_server] dsm_stat_mm has error (924003001) reported
02-06 22:12:48.428   591  2309 E iMonitor: [M/listen_server] action-0, cname-dsm_stat_mm, info-0
02-06 22:12:48.428   591  2309 E iMonitor: [M/dsm_dump_error] dsm_stat_mm finish dump 49 bytes
02-06 22:12:48.433   591  2309 E iMonitor: [M/listen_server] Enter select
02-06 22:12:48.521  1029  1067 I chatty  : uid=1000(system) PackageManager expire 25 lines
02-06 22:12:48.539 22618 22618 I dex2oat : /system/bin/dex2oat --compiler-filter=interpret-only -j4 --debuggable
02-06 22:12:48.728 22618 22620 W dex2oat : Before Android 4.1, method int android.support.v7.internal.widget.ListViewCompat.lookForSelectablePosition(int, boolean) would have incorrectly overridden the package-private method in android.widget.ListView
02-06 22:12:48.986 22618 22618 I dex2oat : dex2oat took 447.542ms (threads: 4) arena alloc=5KB (6112B) java alloc=4MB (4260992B) native alloc=5MB (6223264B) free=2MB (2689632B)
02-06 22:12:49.005  1268  1485 I EventCenter: ContentChange for slot: 1
02-06 22:12:49.006  1029  1039 I chatty  : uid=1000(system) Binder:1029_1 expire 3 lines
02-06 22:12:49.361   580   580 E         : Couldn't opendir /data/app/vmdl1278657441.tmp: No such file or directory
02-06 22:12:49.364 22607 22607 I art     : System.exit called, status: 0
02-06 22:12:49.364 22607 22607 I AndroidRuntime: VM exiting with result code 0.
02-06 22:12:49.384  1029  1161 I chatty  : uid=1000(system) sManagerService expire 4 lines
02-06 22:12:49.387  4048  4048 I PushLog2824: [main-1]action is android.intent.action.PACKAGE_REMOVED(android/null:-1)
02-06 22:12:49.388  1268  1268 I EventCenter: EventCenter Get :android.intent.action.PACKAGE_REMOVED
02-06 22:12:49.388  1268  1268 I EventCenter: EventCenter Get :android.intent.action.PACKAGE_ADDED
02-06 22:12:49.410  4048  4048 W PackageManager: STAHP USING HIDDEN APIS KTHX
02-06 22:12:49.411  4048  4048 I PushLog2824: [main-1]enter ctrlSockets(cmd:1 param:3)(android/null:-1)
02-06 22:12:49.426  4048  4048 W PackageManager: STAHP USING HIDDEN APIS KTHX
02-06 22:12:49.427  4048  4048 I PushLog2824: [main-1]broadcast(),and mReceivers  4(android/null:-1)
02-06 22:12:49.433  4048  4048 I PushLog2824: [main-1]action is android.intent.action.PACKAGE_ADDED(android/null:-1)
02-06 22:12:49.437  4048  4048 W PackageManager: STAHP USING HIDDEN APIS KTHX
02-06 22:12:49.443  4048  4048 I PushLog2824: [main-1]enter ctrlSockets(cmd:1 param:3)(android/null:-1)
02-06 22:12:49.454  4048  4048 W PackageManager: STAHP USING HIDDEN APIS KTHX
02-06 22:12:49.456  4048  4048 I PushLog2824: [main-1]broadcast(),and mReceivers  4(android/null:-1)
02-06 22:12:49.467 18140 18188 W ResourceType: For resource 0x7f021089, entry index(4233) is beyond type entryCount(562)
02-06 22:12:49.467 18140 18188 W ResourceType: Failure getting entry for 0x7f021089 (t=1 e=4233) (error -75)
02-06 22:12:49.467 18140 18188 W ResourceType: For resource 0x7f021088, entry index(4232) is beyond type entryCount(562)
02-06 22:12:49.467 18140 18188 W ResourceType: Failure getting entry for 0x7f021088 (t=1 e=4232) (error -75)
02-06 22:12:49.468 32352 32352 I SendBroadcastPermission: action:com.huawei.appmarket.service.downloadservice.Receiver, mPermissionType:0
02-06 22:12:49.485 32352 32352 I SendBroadcastPermission: action:com.huawei.appmarket.service.downloadservice.Receiver, mPermissionType:0
02-06 22:12:49.491 18140 18188 W ResourceType: For resource 0x7f020f28, entry index(3880) is beyond type entryCount(562)
02-06 22:12:49.491 18140 18188 W ResourceType: Failure getting entry for 0x7f020f28 (t=1 e=3880) (error -75)
02-06 22:12:49.491 18140 18188 W ResourceType: For resource 0x7f020f28, entry index(3880) is beyond type entryCount(562)
02-06 22:12:49.491 18140 18188 W ResourceType: Failure getting entry for 0x7f020f28 (t=1 e=3880) (error -75)
02-06 22:12:49.491 18140 18188 W ResourceType: For resource 0x7f020f28, entry index(3880) is beyond type entryCount(562)
02-06 22:12:49.491 18140 18188 W ResourceType: Failure getting entry for 0x7f020f28 (t=1 e=3880) (error -75)
02-06 22:12:49.494  1621  1773 E HwSystemManager: StartupProviderHelper:querySingleNormalStartupInfo got invalid result for package:com.apptest
02-06 22:12:49.512 32352 32352 I SendBroadcastPermission: action:com.huawei.appmarket.service.downloadservice.Receiver, mPermissionType:0
02-06 22:12:49.516 18140 18188 W ResourceType: For resource 0x7f021089, entry index(4233) is beyond type entryCount(562)
02-06 22:12:49.516 18140 18188 W ResourceType: Failure getting entry for 0x7f021089 (t=1 e=4233) (error -75)
02-06 22:12:49.517 18140 18188 W ResourceType: For resource 0x7f021088, entry index(4232) is beyond type entryCount(562)
02-06 22:12:49.517 18140 18188 W ResourceType: Failure getting entry for 0x7f021088 (t=1 e=4232) (error -75)
02-06 22:12:49.521 32352 32352 I SendBroadcastPermission: action:com.huawei.appmarket.service.downloadservice.Receiver, mPermissionType:0
02-06 22:12:49.525 18140 18188 W ResourceType: For resource 0x7f020f28, entry index(3880) is beyond type entryCount(562)
02-06 22:12:49.525 18140 18188 W ResourceType: Failure getting entry for 0x7f020f28 (t=1 e=3880) (error -75)
02-06 22:12:49.525 18140 18188 W ResourceType: For resource 0x7f020f28, entry index(3880) is beyond type entryCount(562)
02-06 22:12:49.525 18140 18188 W ResourceType: Failure getting entry for 0x7f020f28 (t=1 e=3880) (error -75)
02-06 22:12:49.525 18140 18188 W ResourceType: For resource 0x7f020f28, entry index(3880) is beyond type entryCount(562)
02-06 22:12:49.525 18140 18188 W ResourceType: Failure getting entry for 0x7f020f28 (t=1 e=3880) (error -75)
02-06 22:12:49.581 18191 18191 I PushLogAC2818: [main-1]action is android.intent.action.PACKAGE_REMOVED(pushagent/null:-1)
02-06 22:12:49.584 18191 18205 I PushLogAC2818: [Thread-3-808]votedPackage from file:android(pushagent/null:-1)
02-06 22:12:49.611 18207 18207 I PushLogSC2609: [main-1]action is android.intent.action.PACKAGE_REMOVED(remoteassistant/null:-1)
02-06 22:12:49.615 18207 18223 I PushLogSC2609: [Thread-3-924]framework push exist, use framework push first(remoteassistant/null:-1)
02-06 22:12:49.617  1338  1338 I AppUninstallReceiver: replaced = true dataRemoved = false
02-06 22:12:49.684  1621  1621 E HwSystemManager: AppCleanUpService:msg is 1
02-06 22:12:49.698 32352 32352 I SendBroadcastPermission: action:com.huawei.appmarket.service.downloadservice.Receiver, mPermissionType:0
02-06 22:12:49.704  1268  1485 I EventCenter: ContentChange for slot: 1
02-06 22:12:49.738  2226  2375 I chatty  : uid=10059(com.huawei.android.launcher) launcher-loader expire 5 lines
02-06 22:12:49.750 18191 18191 I PushLogAC2818: [main-1]action is android.intent.action.PACKAGE_ADDED(pushagent/null:-1)
02-06 22:12:49.753  2226  2226 I chatty  : uid=10059(com.huawei.android.launcher) expire 54 lines
02-06 22:12:49.761 18191 18191 I PushLogAC2818: [main-1]run push selfshow(pushagent/null:-1)
02-06 22:12:49.764 18191 18205 I PushLogAC2818: [Thread-3-808]votedPackage from file:android(pushagent/null:-1)
02-06 22:12:49.777 18207 18207 I PushLogSC2609: [main-1]action is android.intent.action.PACKAGE_ADDED(remoteassistant/null:-1)
02-06 22:12:49.786 18207 18207 I PushLogSC2609: [main-1]run push selfshow(remoteassistant/null:-1)
02-06 22:12:49.792 18207 18223 I PushLogSC2609: [Thread-3-924]framework push exist, use framework push first(remoteassistant/null:-1)
02-06 22:12:49.825  1850  3679 W HwSystemManager: AppInstallationReceiver:The installed app has already configured. ignore com.apptest
02-06 22:12:49.826  1850  3679 I SendBroadcastPermission: action:PACKAGE_ADDED_OR_REMOVED, mPermissionType:0
02-06 22:12:49.828 32352 32715 E ConnectivityManager.CallbackHandler: callback not found for RELEASED message
02-06 22:12:49.852  1850  1990 W HwSystemManager: ProtectAppControl:com.apptest already exist!
02-06 22:12:49.867  1621 22646 W HwSystemManager: TencentAntiVirusEngine:initQScanner: Already initialized ,skip
02-06 22:12:49.873  1621 22646 W HwSystemManager: PushFileProvider:file does not exist which uri is content://com.huawei.systemmanager.push.provider/HwSystemManager/hsm_virus_pkgs.xml
02-06 22:12:49.873  1621 22646 E HwSystemManager: VirusPkgParser:parse InputStream is null
02-06 22:12:49.906  1621 22646 E TL      : Locale = zh_CN_#Hans
02-06 22:12:49.919  1850  3502 E HwSystemManager: SpaceCleanReceiver:doPkgAdd pi is not valid permission
02-06 22:12:49.920  1621  1621 E HwSystemManager: AppCleanUpService:msg is 0
02-06 22:12:49.962 32352 32715 E ConnectivityManager.CallbackHandler: callback not found for RELEASED message
02-06 22:12:50.033  1850  3493 I SendBroadcastPermission: action:PACKAGE_ADDED_OR_REMOVED, mPermissionType:0
02-06 22:12:50.327  1268  1485 I EventCenter: ContentChange for slot: 1
02-06 22:12:50.955  1268  1485 I EventCenter: ContentChange for slot: 1
02-06 22:12:51.117  1268  1268 W KeyguardUpdateMonitor: ACTION_BATTERY_CHANGED AMP: 0; Volt: 0
02-06 22:12:51.117  1268  1268 W KeyguardUpdateMonitor: ChargingSpeed  Wattage: -1 ST: 5000000 --> 7500000
02-06 22:12:51.117  1268  1268 I KgBattery: BatteryInfo updated:  5lPC-1
02-06 22:12:51.117  1268  1268 W AppHandler: sendMessage with obj100
02-06 22:12:51.119  1268  1268 W HwLockScreenPanel: refreshBatteryInfo: null
02-06 22:12:51.119  1268  1268 W HwLockScreenPanel: Handle message: 100
02-06 22:12:51.122 24124 22298 E CloudAlbum[8.0.3.304]: [ReceiverManager] not log on ignore
02-06 22:12:51.122  2128  3507 I VRService: no vr mode
02-06 22:12:51.139  2051  2051 I iMonitor: create: 903001012
02-06 22:12:51.143  2051  2051 I iMonitor: send: 903001012
02-06 22:12:51.144   591   860 I logserver: handle_exception_events enter
02-06 22:12:51.146  2051  2051 I Ptm.AbnormalObserver: current battery level value: 100
02-06 22:12:51.148  2051  2051 W Ptm.AbnormalObserver: ljs, in checkIsAbnormalHot, Ap_temp = 27
02-06 22:12:51.169  2051  2102 E LogCollectService: illegal eventid
02-06 22:12:51.449  1029  1178 I chatty  : uid=1000(system) WifiStateMachin expire 14 lines
02-06 22:12:51.624  1268  1485 I EventCenter: ContentChange for slot: 1
02-06 22:12:52.083  1621  1621 W HwSystemManager: AbsRecordInfo:createRecordFromBundle type provider or service
02-06 22:12:52.295  1268  1485 I EventCenter: ContentChange for slot: 1
02-06 22:12:52.979  1268  1485 I EventCenter: ContentChange for slot: 1
02-06 22:12:53.617  1268  1485 I EventCenter: ContentChange for slot: 1
02-06 22:12:54.333  1268  1485 I EventCenter: ContentChange for slot: 1
02-06 22:12:54.909  1621 22646 E TL      : ========== NETWORK ERROR ========
02-06 22:12:54.909  1621 22646 W System.err: java.net.SocketTimeoutException: timeout
02-06 22:12:54.909  1621 22646 W System.err: 	at com.android.okhttp.okio.Okio$3.newTimeoutException(Okio.java:212)
02-06 22:12:54.909  1621 22646 W System.err: 	at com.android.okhttp.okio.AsyncTimeout.exit(AsyncTimeout.java:261)
02-06 22:12:54.909  1621 22646 W System.err: 	at com.android.okhttp.okio.AsyncTimeout$2.read(AsyncTimeout.java:215)
02-06 22:12:54.909  1621 22646 W System.err: 	at com.android.okhttp.okio.RealBufferedSource.indexOf(RealBufferedSource.java:306)
02-06 22:12:54.909  1621 22646 W System.err: 	at com.android.okhttp.okio.RealBufferedSource.indexOf(RealBufferedSource.java:300)
02-06 22:12:54.909  1621 22646 W System.err: 	at com.android.okhttp.okio.RealBufferedSource.readUtf8LineStrict(RealBufferedSource.java:196)
02-06 22:12:54.909  1621 22646 W System.err: 	at com.android.okhttp.internal.http.HttpConnection.readResponse(HttpConnection.java:191)
02-06 22:12:54.909  1621 22646 W System.err: 	at com.android.okhttp.internal.http.HttpTransport.readResponseHeaders(HttpTransport.java:80)
02-06 22:12:54.909  1621 22646 W System.err: 	at com.android.okhttp.internal.http.HttpEngine.readNetworkResponse(HttpEngine.java:906)
02-06 22:12:54.909  1621 22646 W System.err: 	at com.android.okhttp.internal.http.HttpEngine.readResponse(HttpEngine.java:782)
02-06 22:12:54.909  1621 22646 W System.err: 	at com.android.okhttp.internal.huc.HttpURLConnectionImpl.execute(HttpURLConnectionImpl.java:463)
02-06 22:12:54.909  1621 22646 W System.err: 	at com.android.okhttp.internal.huc.HttpURLConnectionImpl.getResponse(HttpURLConnectionImpl.java:405)
02-06 22:12:54.909  1621 22646 W System.err: 	at com.android.okhttp.internal.huc.HttpURLConnectionImpl.getResponseCode(HttpURLConnectionImpl.java:521)
02-06 22:12:54.909  1621 22646 W System.err: 	at com.trustlook.sdk.cloudscan.b.a(NetworkUtils.java:1072)
02-06 22:12:54.910  1621 22646 W System.err: 	at com.trustlook.sdk.cloudscan.CloudScanClient.cloudScan(CloudScanClient.java:251)
02-06 22:12:54.910  1621 22646 W System.err: 	at com.huawei.systemmanager.antivirus.engine.trustlook.TrustLookAntiVirusEngine.scanPackage(TrustLookAntiVirusEngine.java:54)
02-06 22:12:54.910  1621 22646 W System.err: 	at com.huawei.systemmanager.antivirus.engine.tencent.QScanSinglePkgListenerWrapper.handleScanResult(QScanSinglePkgListenerWrapper.java:104)
02-06 22:12:54.910  1621 22646 W System.err: 	at com.huawei.systemmanager.antivirus.engine.tencent.QScanSinglePkgListenerWrapper.onScanProgress(QScanSinglePkgListenerWrapper.java:66)
02-06 22:12:54.910  1621 22646 W System.err: 	at tmsdk.fg.module.qscanner.d.a(Unknown)
02-06 22:12:54.910  1621 22646 W System.err: 	at tmsdk.fg.module.qscanner.d.b(Unknown)
02-06 22:12:54.910  1621 22646 W System.err: 	at tmsdk.fg.module.qscanner.d.a(Unknown)
02-06 22:12:54.910  1621 22646 W System.err: 	at tmsdk.fg.module.qscanner.QScannerManagerV2.scanSelectedPackages(Unknown)
02-06 22:12:54.910  1621 22646 W System.err: 	at com.huawei.systemmanager.antivirus.engine.tencent.TencentAntiVirusEngine.onCheckInstalledApk(TencentAntiVirusEngine.java:336)
02-06 22:12:54.910  1621 22646 W System.err: 	at com.huawei.systemmanager.antivirus.AntiVirusService$6.run(AntiVirusService.java:253)
02-06 22:12:54.910  1621 22646 W System.err: 	at java.lang.Thread.run(Thread.java:776)
02-06 22:12:54.910  1621 22646 W System.err: Caused by: java.net.SocketException: Socket closed
02-06 22:12:54.910  1621 22646 W System.err: 	at java.net.SocketInputStream.socketRead0(Native Method)
02-06 22:12:54.910  1621 22646 W System.err: 	at java.net.SocketInputStream.read(SocketInputStream.java:151)
02-06 22:12:54.910  1621 22646 W System.err: 	at java.net.SocketInputStream.read(SocketInputStream.java:120)
02-06 22:12:54.910  1621 22646 W System.err: 	at com.android.okhttp.okio.Okio$2.read(Okio.java:136)
02-06 22:12:54.910  1621 22646 W System.err: 	at com.android.okhttp.okio.AsyncTimeout$2.read(AsyncTimeout.java:211)
02-06 22:12:54.910  1621 22646 W System.err: 	... 22 more
02-06 22:12:54.993  1268  1485 I EventCenter: ContentChange for slot: 1
02-06 22:12:55.192  1621 22646 I SendBroadcastPermission: action:com.huawei.systemmanager.action.found_virusscan_app, mPermissionType:0
02-06 22:12:55.651  1268  1485 I EventCenter: ContentChange for slot: 1
02-06 22:12:56.397  1268  1485 I EventCenter: ContentChange for slot: 1
02-06 22:12:56.739  2226  2226 W HwLauncher: Workspace workspace notfiyPageSwitchListener clingContoller is NULL
02-06 22:12:56.740  2226  2226 I HwLauncher: FPSMonitor  [Launcher , dispatchTouchEvent end, false, true] up event  x = 757 y = 1188
02-06 22:12:57.047  2226  2226 I HwLauncher:  FPSMonitor endScroll
02-06 22:12:57.110  1268  1485 I EventCenter: ContentChange for slot: 1
02-06 22:12:57.752  1268  1485 I EventCenter: ContentChange for slot: 1
02-06 22:12:58.010   574   574 I chatty  : uid=1000(system) /vendor/bin/thermal-daemon expire 10 lines
02-06 22:12:58.360 22656 22656 E XmlParser: open file:/vendor/etc/HwFrameworkNormalization.xml filed in parseXml
02-06 22:12:58.360 22656 22656 E XmlParser: parse File:/vendor/etc/HwFrameworkNormalization.xml failed
02-06 22:12:58.360 22656 22656 I libEGL  : egl_cache_t() !XML_VALUE_GETCORRECT NAME_MAXKEYSIZE
02-06 22:12:58.360 22656 22656 E XmlParser: open file:/vendor/etc/HwFrameworkNormalization.xml filed in parseXml
02-06 22:12:58.360 22656 22656 E XmlParser: parse File:/vendor/etc/HwFrameworkNormalization.xml failed
02-06 22:12:58.360 22656 22656 I libEGL  : egl_cache_t() !XML_VALUE_GETCORRECT NAME_MAXTOTLESIZE
02-06 22:12:58.360 22656 22656 I libEGL  : egl_cache_t() maxKeySize:1024  maxTotalSize:65536
02-06 22:12:58.365 22656 22656 I appproc : CLASSPATH=/system/framework/am.jar
02-06 22:12:58.365 22656 22656 I appproc : Command=app_process /system/bin com.android.commands.am.Am start -n com.apptest/com.apptest.MainActivity 
02-06 22:12:58.367 22656 22656 I AndroidRuntime: readDownloadBoosterConfig: 'false'
02-06 22:12:58.395  1268  1485 I EventCenter: ContentChange for slot: 1
02-06 22:12:58.404 22656 22656 I art     : Reinit property: dalvik.vm.checkjni= false
02-06 22:12:58.415 22656 22656 I HWSERVICES: hwnative_get_component_register:libdrmbitmap,JNI
02-06 22:12:58.418 22656 22656 I Radio-JNI: register_android_hardware_Radio DONE
02-06 22:12:58.420 22656 22656 I android_hardware_fm.cpp: register_android_hardware_fm_fmradio
02-06 22:12:58.420 22656 22656 I android_hardware_fm.cpp: ========64bit long size = 8
02-06 22:12:58.420 22656 22656 I android_hardware_fm.cpp: FM: get chip type = bcm43xx
02-06 22:12:58.420 22656 22656 E fm_if.c : find the id:fm and begins to open the devices
02-06 22:12:58.420 22656 22656 I android_hardware_fm.cpp: register_android_hardware_fm_fmradio, ret is 0
02-06 22:12:58.443  2226  2226 I HwLauncher: Launcher onPause()
02-06 22:12:58.444  2226 22666 I HwLauncher: Launcher.MotionManager stopMotionAppsReco begin,mFlg = 403
02-06 22:12:58.444  2226 22666 W HwLauncher: Launcher.MotionManager stopMotionAppsReco service flg 403 is unavailable
02-06 22:12:58.452 22667 22667 I         : power log dlsym ok
02-06 22:12:58.454 22667 22667 I chatty  : uid=10194(com.apptest) expire 9 lines
02-06 22:12:58.502   420   440 I chatty  : uid=1000(system) Binder:420_1 expire 16 lines
02-06 22:12:58.502  2051  2801 W Ptm.AbnormalObserver: unhandled mesg: 4005
02-06 22:12:58.504  1029  2371 I chatty  : uid=1000(system) Binder:1029_14 expire 2 lines
02-06 22:12:58.512 10965 22683 I TotemWeather: WeatherService info:processIntent action =com.huawei.android.action.NOTIFY_STATE
02-06 22:12:58.512 10965 22683 I TotemWeather: DeviceStateListener info:onTaskStateChanged->taskType:1, taskState:0
02-06 22:12:58.567  1029  1040 I chatty  : uid=1000(system) Binder:1029_2 expire 4 lines
02-06 22:12:58.581 22667 22695 I chatty  : uid=10194(com.apptest) expire 1 line
02-06 22:12:58.624 22667 22698 I chatty  : uid=10194(com.apptest) expire 2 lines
02-06 22:12:58.628  1268  1268 I PhoneStatusBarPolicy: updateBluetooth:::setBluetoothBatteryEnable false.
02-06 22:12:58.628  1268  1268 I PhoneStatusBarPolicy: updateBluetooth::bluetoothEnabled:false, bluetoothConnected=false, bluetoothTransfering=false
02-06 22:12:58.794  2226  2226 I HwLauncher: Launcher onStop()
02-06 22:12:58.801  1517  2424 I chatty  : uid=1000(system) Binder:1517_4 expire 1 line
02-06 22:12:58.980 22667 22688 I chatty  : uid=10194(com.apptest) expire 2 lines
02-06 22:12:58.999 22667 22692 I chatty  : uid=10194(com.apptest) expire 1 line
02-06 22:12:59.023 22667 22667 I HwPointEventFilter: support AFT
02-06 22:12:59.042  1268  1485 I EventCenter: ContentChange for slot: 1
02-06 22:12:59.648  1268  1485 I EventCenter: ContentChange for slot: 1
02-06 22:13:00.012  1268  1268 I EventCenter: EventCenter Get :android.intent.action.TIME_TICK
02-06 22:13:00.014  1268  1268 W ResourceType: Failure getting entry for 0xffffffff (t=254 e=65535) (error -2147483647)
02-06 22:13:00.015  1268  1268 E DateLunarView: mDateString is: 2月6日星期二
02-06 22:13:00.017  1268  1268 W ResourceType: Failure getting entry for 0xffffffff (t=254 e=65535) (error -2147483647)
02-06 22:13:00.018  1268  1268 E DateLunarView: mDateString is: 2月6日星期二
02-06 22:13:00.027  2226  2226 I HwLauncher: Model  onReceive intent=Intent { act=android.intent.action.TIME_TICK flg=0x50000014 (has extras) }
02-06 22:13:00.027  2226  2226 I HwLauncher: Model  onReceive user=UserHandle{0}
02-06 22:13:00.035  2226  2226 I TotemWeather: WeatherDataObserver info:receive action = #Intent;action=android.intent.action.TIME_TICK;launchFlags=0x50000014;i.android.intent.extra.ALARM_COUNT=1;end
02-06 22:13:00.053 24990 25031 I Step_LSC: 80001313|processHandleBroadcastAction action:android.intent.action.TIME_TICK
02-06 22:13:00.085  2226  2226 I TotemWeather: DateTimeView info:onTimeChanged
02-06 22:13:00.086  2226  2226 I TotemWeather: DateTimeView info:updateNextData nextTime: 0
02-06 22:13:00.086  2226  2226 I TotemWeather: DateTimeView info:onTimeChanged
02-06 22:13:00.086  2226  2226 I TotemWeather: DateTimeView info:updateNextData nextTime: 0
02-06 22:13:00.091  2226  2226 I TotemWeather: DateTimeView info:,Time =10:13,[:] timezone=中国标准时间
02-06 22:13:00.107  2226  2226 I TotemWeather: DateTimeView info:updateNextData nextTime: 60893
02-06 22:13:00.278  1268  1485 I EventCenter: ContentChange for slot: 1
02-06 22:13:00.913  1268  1485 I EventCenter: ContentChange for slot: 1
02-06 22:13:01.618  1268  1485 I EventCenter: ContentChange for slot: 1
02-06 22:13:02.318  1268  1485 I EventCenter: ContentChange for slot: 1
02-06 22:13:02.343  1029  1038 I chatty  : uid=1000(system) HeapTaskDaemon expire 34 lines
02-06 22:13:02.996 15015 17880 I SocketReaderNew: SocketReader(962) continue
02-06 22:13:02.997 15015 17880 W System.err: java.net.SocketException: Socket is closed
02-06 22:13:02.997 15015 17880 W System.err: 	at java.net.Socket.getSoTimeout(Socket.java:1128)
02-06 22:13:02.997 15015 17880 W System.err: 	at com.tencent.qphone.base.util.MsfSocketInputBuffer.isDataAvailable(MsfSocketInputBuffer.java:71)
02-06 22:13:02.997 15015 17880 W System.err: 	at com.tencent.mobileqq.msf.core.net.l$b.run(SocketEngine.java:491)
02-06 22:13:02.997 15015 17880 I SocketReaderNew: SocketReader(962) wait
02-06 22:13:03.007  1268  1485 I EventCenter: ContentChange for slot: 1
02-06 22:13:03.708  1268  1485 I EventCenter: ContentChange for slot: 1
02-06 22:13:04.361  1268  1485 I EventCenter: ContentChange for slot: 1
02-06 22:13:05.071  1268  1485 I EventCenter: ContentChange for slot: 1
02-06 22:13:05.255  1029  1231 I chatty  : uid=1000(system) WiFiArpStateMac expire 13 lines
02-06 22:13:05.765  1268  1485 I EventCenter: ContentChange for slot: 1
02-06 22:13:06.475  1268  1485 I EventCenter: ContentChange for slot: 1
02-06 22:13:07.152  1268  1485 I EventCenter: ContentChange for slot: 1
02-06 22:13:07.854  1268  1485 I EventCenter: ContentChange for slot: 1
02-06 22:13:08.556  1268  1485 I EventCenter: ContentChange for slot: 1
02-06 22:13:08.917  2181  2344 I amsnl   : csr
02-06 22:13:08.917  2181  2344 I amsnl   : t:false, fl: false, p: 2147483647000, ce: true, we: true
02-06 22:13:08.918  1029  1029 I chatty  : uid=1000 system_server expire 23 lines
02-06 22:13:08.920  2181  2344 I amsnl   : m1: false
02-06 22:13:08.923  2181  2344 I amsnl   : m2: false, m3: false
02-06 22:13:08.923  2181  2344 I amsnl   : c: true, w: false, t: false, l: false
02-06 22:13:13.924 22731 22731 E XmlParser: open file:/vendor/etc/HwFrameworkNormalization.xml filed in parseXml
02-06 22:13:13.924 22731 22731 E XmlParser: parse File:/vendor/etc/HwFrameworkNormalization.xml failed
02-06 22:13:13.924 22731 22731 I libEGL  : egl_cache_t() !XML_VALUE_GETCORRECT NAME_MAXKEYSIZE
02-06 22:13:13.924 22731 22731 E XmlParser: open file:/vendor/etc/HwFrameworkNormalization.xml filed in parseXml
