02-06 22:18:13.284   574   574 E Thermal-daemon: [pa_0] temp_new :26  temp_old :27
02-06 22:18:13.285   574   574 E Thermal-daemon: Report temperature: [pa_0] temp :26  report_threshold:1
02-06 22:18:13.285   574   574 E Thermal-daemon: [charger_ic] temp_new :27  temp_old :28
02-06 22:18:13.285   574   574 E Thermal-daemon: Report temperature: [charger_ic] temp :27  report_threshold:1
02-06 22:18:13.495  2181  2344 I amsnl   : csr
02-06 22:18:13.495  1029  1476 I chatty  : uid=1000(system) Binder:1029_6 expire 1 line
02-06 22:18:13.495  2181  2344 I amsnl   : t:false, fl: false, p: 2147483647000, ce: true, we: true
02-06 22:18:13.498  2181  2344 I amsnl   : m1: false
02-06 22:18:13.501  2181  2344 I amsnl   : m2: false, m3: false
02-06 22:18:13.501  2181  2344 I amsnl   : c: true, w: false, t: false, l: false
02-06 22:18:17.835  1029  1050 I chatty  : uid=1000(system) android.fg expire 2 lines
02-06 22:18:18.292   574   574 E Thermal-daemon: [ap] temp_new :28  temp_old :29
02-06 22:18:18.292   574   574 E Thermal-daemon: Report temperature: [ap] temp :28  report_threshold:1
02-06 22:18:21.205  1029  1231 I chatty  : uid=1000(system) WiFiArpStateMac expire 14 lines
02-06 22:18:22.882  1268  1268 W KeyguardUpdateMonitor: ACTION_BATTERY_CHANGED AMP: 0; Volt: 0
02-06 22:18:22.883  1268  1268 W KeyguardUpdateMonitor: ChargingSpeed  Wattage: -1 ST: 5000000 --> 7500000
02-06 22:18:22.883  1268  1268 I KgBattery: BatteryInfo updated:  5lPC-1
02-06 22:18:22.883  1268  1268 W AppHandler: sendMessage with obj100
02-06 22:18:22.895  2128  3507 I VRService: no vr mode
02-06 22:18:22.897  1268  1268 W HwLockScreenPanel: refreshBatteryInfo: null
02-06 22:18:22.897 24124 22298 E CloudAlbum[8.0.3.304]: [ReceiverManager] not log on ignore
02-06 22:18:22.897  1268  1268 W HwLockScreenPanel: Handle message: 100
02-06 22:18:22.899  2051  2051 I chatty  : uid=1000(system) com.huawei.imonitor expire 4 lines
02-06 22:18:23.295   574   574 E Thermal-daemon: [flash_led] temp_new :26  temp_old :27
02-06 22:18:23.295   574   574 E Thermal-daemon: Report temperature: [flash_led] temp :26  report_threshold:1
02-06 22:18:28.297   574   574 E Thermal-daemon: [battery] temp_new :25  temp_old :26
02-06 22:18:28.297   574   574 E Thermal-daemon: Report temperature: [battery] temp :25  report_threshold:1
02-06 22:18:33.022 15015 17880 I SocketReaderNew: SocketReader(962) continue
02-06 22:18:33.025 15015 17880 W System.err: java.net.SocketException: Socket is closed
02-06 22:18:33.025 15015 17880 W System.err: 	at java.net.Socket.getSoTimeout(Socket.java:1128)
02-06 22:18:33.025 15015 17880 W System.err: 	at com.tencent.qphone.base.util.MsfSocketInputBuffer.isDataAvailable(MsfSocketInputBuffer.java:71)
02-06 22:18:33.025 15015 17880 W System.err: 	at com.tencent.mobileqq.msf.core.net.l$b.run(SocketEngine.java:491)
02-06 22:18:33.026 15015 17880 I SocketReaderNew: SocketReader(962) wait
02-06 22:18:33.363 22831 22840 E System  : Uncaught exception thrown by finalizer
02-06 22:18:33.363 22831 22840 E System  : java.lang.IllegalStateException: Binder has been finalized!
02-06 22:18:33.363 22831 22840 E System  : 	at android.os.BinderProxy.transactNative(Native Method)
02-06 22:18:33.363 22831 22840 E System  : 	at android.os.BinderProxy.transact(Binder.java:617)
02-06 22:18:33.363 22831 22840 E System  : 	at com.android.internal.app.IAppOpsService$Stub$Proxy.stopWatchingMode(IAppOpsService.java:435)
02-06 22:18:33.363 22831 22840 E System  : 	at android.media.PlayerBase.baseRelease(PlayerBase.java:136)
02-06 22:18:33.363 22831 22840 E System  : 	at android.media.MediaPlayer.finalize(MediaPlayer.java:2867)
02-06 22:18:33.363 22831 22840 E System  : 	at java.lang.Daemons$FinalizerDaemon.doFinalize(Daemons.java:222)
02-06 22:18:33.363 22831 22840 E System  : 	at java.lang.Daemons$FinalizerDaemon.run(Daemons.java:209)
02-06 22:18:33.363 22831 22840 E System  : 	at java.lang.Thread.run(Thread.java:776)
02-06 22:18:33.989  2181  2344 I amsnl   : csr
02-06 22:18:33.991  2181  2344 I amsnl   : t:false, fl: false, p: 2147483647000, ce: true, we: true
02-06 22:18:34.000  2181  2344 I amsnl   : m1: false
02-06 22:18:34.008  2181  2344 I amsnl   : m2: false, m3: false
02-06 22:18:34.009  2181  2344 I amsnl   : c: true, w: false, t: false, l: false
02-06 22:18:35.264  1029  1178 I chatty  : uid=1000(system) WifiStateMachin expire 15 lines
02-06 22:18:37.215  1029  1231 I chatty  : uid=1000(system) WiFiArpStateMac expire 16 lines
02-06 22:18:38.310   574   574 E Thermal-daemon: [ap] temp_new :27  temp_old :28
02-06 22:18:38.311   574   574 E Thermal-daemon: Report temperature: [ap] temp :27  report_threshold:1
02-06 22:18:39.990  1029  1567 I chatty  : uid=1000(system) Binder:1029_8 expire 1 line
02-06 22:18:39.990  2181  2344 I amsnl   : csr
02-06 22:18:39.991  2181  2344 I amsnl   : t:false, fl: false, p: 2147483647000, ce: true, we: true
02-06 22:18:40.000  2181  2344 I amsnl   : m1: false
02-06 22:18:40.008  2181  2344 I amsnl   : m2: false, m3: false
02-06 22:18:40.009  2181  2344 I amsnl   : c: true, w: false, t: false, l: false
02-06 22:18:44.213  1029  1087 I chatty  : uid=1000(system) Binder:1029_3 expire 1 line
02-06 22:18:44.214  2181  2344 I amsnl   : csr
02-06 22:18:44.215  2181  2344 I amsnl   : t:false, fl: false, p: 2147483647000, ce: true, we: true
02-06 22:18:44.217  2181  2344 I amsnl   : m1: false
02-06 22:18:44.220  2181  2344 I amsnl   : m2: false, m3: false
02-06 22:18:44.220  2181  2344 I amsnl   : c: true, w: false, t: false, l: false
02-06 22:18:48.319   574   574 E Thermal-daemon: [ap] temp_new :28  temp_old :27
02-06 22:18:48.319   574   574 E Thermal-daemon: Report temperature: [ap] temp :28  report_threshold:1
02-06 22:18:52.336  1029  1231 I chatty  : uid=1000(system) WiFiArpStateMac expire 12 lines
02-06 22:18:53.043  1268  1268 W KeyguardUpdateMonitor: ACTION_BATTERY_CHANGED AMP: 0; Volt: 0
02-06 22:18:53.053  2128  3507 I VRService: no vr mode
02-06 22:18:53.056 24124 22298 E CloudAlbum[8.0.3.304]: [ReceiverManager] not log on ignore
02-06 22:18:53.057  1268  1268 W KeyguardUpdateMonitor: ChargingSpeed  Wattage: -1 ST: 5000000 --> 7500000
02-06 22:18:53.057  1268  1268 I KgBattery: BatteryInfo updated:  5lPC-1
02-06 22:18:53.057  1268  1268 W AppHandler: sendMessage with obj100
02-06 22:18:53.070  1268  1268 W HwLockScreenPanel: refreshBatteryInfo: null
02-06 22:18:53.071  1268  1268 W HwLockScreenPanel: Handle message: 100
02-06 22:18:53.323   574   574 E Thermal-daemon: [ap] temp_new :27  temp_old :28
02-06 22:18:53.323   574   574 E Thermal-daemon: Report temperature: [ap] temp :27  report_threshold:1
02-06 22:18:58.326   574   574 E Thermal-daemon: [charger_ic] temp_new :26  temp_old :27
02-06 22:18:58.326   574   574 E Thermal-daemon: Report temperature: [charger_ic] temp :26  report_threshold:1
02-06 22:19:00.040  1268  1268 I EventCenter: EventCenter Get :android.intent.action.TIME_TICK
02-06 22:19:00.042  1268  1268 W ResourceType: Failure getting entry for 0xffffffff (t=254 e=65535) (error -2147483647)
02-06 22:19:00.043  1268  1268 E DateLunarView: mDateString is: 2月6日星期二
02-06 22:19:00.047  1268  1268 W ResourceType: Failure getting entry for 0xffffffff (t=254 e=65535) (error -2147483647)
02-06 22:19:00.048  1268  1268 E DateLunarView: mDateString is: 2月6日星期二
02-06 22:19:00.063  2226  2226 I HwLauncher: Model  onReceive intent=Intent { act=android.intent.action.TIME_TICK flg=0x50000014 (has extras) }
02-06 22:19:00.063  2226  2226 I HwLauncher: Model  onReceive user=UserHandle{0}
02-06 22:19:00.074  2226  2226 I TotemWeather: WeatherDataObserver info:receive action = #Intent;action=android.intent.action.TIME_TICK;launchFlags=0x50000014;i.android.intent.extra.ALARM_COUNT=1;end
02-06 22:19:00.095 24990 25031 I Step_LSC: 80001313|processHandleBroadcastAction action:android.intent.action.TIME_TICK
02-06 22:19:00.125  2226  2226 I TotemWeather: DateTimeView info:onTimeChanged
02-06 22:19:00.126  2226  2226 I TotemWeather: DateTimeView info:updateNextData nextTime: 0
02-06 22:19:00.126  2226  2226 I TotemWeather: DateTimeView info:onTimeChanged
02-06 22:19:00.126  2226  2226 I TotemWeather: DateTimeView info:updateNextData nextTime: 0
02-06 22:19:00.130  2226  2226 I TotemWeather: DateTimeView info:,Time =10:19,[:] timezone=中国标准时间
02-06 22:19:00.135  2226  2226 I TotemWeather: DateTimeView info:updateNextData nextTime: 60866
02-06 22:19:02.204  1029  1029 I chatty  : uid=1000 system_server expire 8 lines
02-06 22:19:02.205  1029  2164 I chatty  : uid=1000(system) Binder:1029_F expire 1 line
02-06 22:19:02.205  2181  2344 I amsnl   : csr
02-06 22:19:02.206  2181  2344 I amsnl   : t:false, fl: false, p: 2147483647000, ce: true, we: true
02-06 22:19:02.212  2181  2344 I amsnl   : m1: false
02-06 22:19:02.219  2181  2344 I amsnl   : m2: false, m3: false
02-06 22:19:02.221  2181  2344 I amsnl   : c: true, w: false, t: false, l: false
02-06 22:19:03.027 15015 17880 I SocketReaderNew: SocketReader(962) continue
02-06 22:19:03.028 15015 17880 W System.err: java.net.SocketException: Socket is closed
02-06 22:19:03.029 15015 17880 W System.err: 	at java.net.Socket.getSoTimeout(Socket.java:1128)
02-06 22:19:03.029 15015 17880 W System.err: 	at com.tencent.qphone.base.util.MsfSocketInputBuffer.isDataAvailable(MsfSocketInputBuffer.java:71)
02-06 22:19:03.029 15015 17880 W System.err: 	at com.tencent.mobileqq.msf.core.net.l$b.run(SocketEngine.java:491)
02-06 22:19:03.029 15015 17880 I SocketReaderNew: SocketReader(962) wait
02-06 22:19:03.849  1029  1050 I chatty  : uid=1000(system) android.fg expire 3 lines
02-06 22:19:08.211  1029  2160 I chatty  : uid=1000(system) Binder:1029_C expire 1 line
02-06 22:19:08.211  2181  2344 I amsnl   : csr
02-06 22:19:08.213  2181  2344 I amsnl   : t:false, fl: false, p: 2147483647000, ce: true, we: true
02-06 22:19:08.221  2181  2344 I amsnl   : m1: false
02-06 22:19:08.229  2181  2344 I amsnl   : m2: false, m3: false
02-06 22:19:08.230  2181  2344 I amsnl   : c: true, w: false, t: false, l: false
02-06 22:19:08.343  1029  1231 I chatty  : uid=1000(system) WiFiArpStateMac expire 13 lines
02-06 22:19:10.642  1029  1476 I chatty  : uid=1000(system) Binder:1029_6 expire 2 lines
02-06 22:19:10.684  1268  1268 I SlideTouchEvent: Sliding distance is too short, can not trigger the lazy mode
02-06 22:19:10.720  1517  1601 I SensorState: sensor:0 enable:false uid:10194
02-06 22:19:10.720  1517  1601 I SensorState: removeSensor,mHandles:{}
02-06 22:19:10.720  1517  1601 I PGServer: report state:4 event type:2 pid:0 uid:10194 pkg:null to pid: 1029
02-06 22:19:10.736   420  1259 I gralloc : alloc_device_alloc:564: Alloc handle(0x79c4cad900): interfmt=1, stride=704, size=2920448, usage=0x333
02-06 22:19:10.736   420  4432 I gralloc : alloc_device_free:586: Free handle(0x79c4cad900)
02-06 22:19:10.753  1517  1811 I PGServer: report state:10000 event type:2 pid:0 uid:0 pkg:com.apptest to pid: 1029
02-06 22:19:10.753  1517  1811 I PGServer: report state:10000 event type:1 pid:0 uid:0 pkg:com.android.systemui to pid: 1029
02-06 22:19:10.753  2051  2801 I chatty  : uid=1000(system) CallbackHandler expire 2 lines
02-06 22:19:10.753  1029  2161 I chatty  : uid=1000(system) Binder:1029_D expire 2 lines
02-06 22:19:10.758  2226  2226 I HwIntelligent3_HiBoardHwIntelligentManager: onReceive: action: android.intent.action.CLOSE_SYSTEM_DIALOGS
02-06 22:19:10.765   420  1256 I gralloc : alloc_device_free:586: Free handle(0x79d7e70100)
02-06 22:19:10.765   420  1256 I gralloc : alloc_device_free:586: Free handle(0x79dd235900)
02-06 22:19:10.772  1268  1268 W StatusBarWindowManager: Apply window Height 72
02-06 22:19:10.772   420   440 I gralloc : alloc_device_alloc:564: Alloc handle(0x79dd235b00): interfmt=200000001, stride=1088, size=8486912, usage=0xb00
02-06 22:19:10.773  1268  1268 I PanelBar: panelExpansionChanged 0.0, false
02-06 22:19:10.773  1268  1268 I PanelBar: panelExpansionChanged 0.0, false
02-06 22:19:10.778   420   440 I gralloc : alloc_device_alloc:564: Alloc handle(0x79dd232200): interfmt=200000001, stride=1088, size=8486912, usage=0xb00
02-06 22:19:10.778   420   440 I gralloc : alloc_device_alloc:564: Alloc handle(0x79dd235e00): interfmt=200000001, stride=1088, size=8486912, usage=0xb00
02-06 22:19:10.796   420  1259 I gralloc : alloc_device_alloc:564: Alloc handle(0x79c4cadf00): interfmt=1, stride=1024, size=688128, usage=0x933
02-06 22:19:10.841  1029  1038 I chatty  : uid=1000(system) HeapTaskDaemon expire 1 line
02-06 22:19:11.079  1517  2423 I PGServer: checkPkgType. calling pkg: android
02-06 22:19:11.178   420   420 I gralloc : alloc_device_free:586: Free handle(0x79c4cadf00)
02-06 22:19:11.179   420   420 I gralloc : alloc_device_free:586: Free handle(0x79dd235800)
02-06 22:19:11.824  1268  1268 I SendBroadcastPermission: action:huawei.intent.action.hsm_remove_pkg, mPermissionType:0
02-06 22:19:11.825  1029  2238 I chatty  : uid=1000(system) AsyUploadThread expire 1 line
02-06 22:19:11.857  1029  2264 I chatty  : uid=1000(system) Binder:1029_11 expire 12 lines
02-06 22:19:12.243  2226  2226 I HwIntelligent3_HiBoardHwIntelligentManager: onReceive: action: android.intent.action.CLOSE_SYSTEM_DIALOGS
02-06 22:19:12.243  1268  1268 I HwRecentTaskRemove: notifyRemoveStart called, clickTime:0
02-06 22:19:12.251  1517  1601 I ScenarioService: old above launcher pkgs: [com.apptest, com.android.systemui] new front:com.apptest
02-06 22:19:12.260  1268  1268 W StatusBarWindowManager: Apply window Height 72
02-06 22:19:12.261  1268  1268 I PanelBar: panelExpansionChanged 0.0, false
02-06 22:19:12.261  1268  1268 I PanelBar: panelExpansionChanged 0.0, false
02-06 22:19:12.266  1268  1268 W ImageWallpaper: trimMemory condition not ready!
02-06 22:19:12.267  1517  1811 I PGServer: report state:10000 event type:2 pid:0 uid:0 pkg:com.android.systemui to pid: 1029
02-06 22:19:12.268  1517  1811 I PGServer: report state:10000 event type:1 pid:0 uid:0 pkg:com.apptest to pid: 1029
02-06 22:19:12.268  1029 12176 I chatty  : uid=1000(system) Binder:1029_16 expire 2 lines
02-06 22:19:12.273  1029  1788 I chatty  : uid=1000(system) Binder:1029_B expire 1 line
02-06 22:19:12.274  1517  1601 I SensorState: sensor:0 enable:true uid:10194
02-06 22:19:12.274  1517  1601 I PGServer: report state:4 event type:1 pid:0 uid:10194 pkg:null to pid: 1029
02-06 22:19:12.274  1517  1601 I SensorState: addSensor,mHandles:{0=1}
02-06 22:19:12.278  1029 20206 I chatty  : uid=1000(system) Binder:1029_17 expire 9 lines
02-06 22:19:12.278  1029  2371 I chatty  : uid=1000(system) Binder:1029_14 expire 9 lines
02-06 22:19:12.288   420  1256 I gralloc : alloc_device_alloc:564: Alloc handle(0x79dd20f600): interfmt=200000001, stride=1088, size=8486912, usage=0xb00
02-06 22:19:12.294  1029  2265 I chatty  : uid=1000(system) Binder:1029_12 expire 9 lines
02-06 22:19:12.294   420  1256 I gralloc : alloc_device_alloc:564: Alloc handle(0x79c4cad600): interfmt=200000001, stride=1088, size=8486912, usage=0xb00
02-06 22:19:12.295   420  1256 I gralloc : alloc_device_alloc:564: Alloc handle(0x79dd232000): interfmt=200000001, stride=1088, size=8486912, usage=0xb00
02-06 22:19:12.309   420   441 I gralloc : alloc_device_alloc:564: Alloc handle(0x79c4cadc00): interfmt=1, stride=1024, size=688128, usage=0x933
02-06 22:19:12.343  2226  2226 W HwIntelligent3_CardRootView50:  var is null at CardRootView50 dismissPopMenu 209
02-06 22:19:12.362  1029  1782 I chatty  : uid=1000(system) Binder:1029_9 expire 2 lines
02-06 22:19:12.562  1517  1528 I PGServer: checkPkgType. calling pkg: android
02-06 22:19:12.681   420   420 I gralloc : alloc_device_free:586: Free handle(0x79c4cadc00)
02-06 22:19:12.682   420  1259 I gralloc : alloc_device_free:586: Free handle(0x79dd232200)
02-06 22:19:12.682   420  1259 I gralloc : alloc_device_free:586: Free handle(0x79dd235e00)
02-06 22:19:12.698   420   420 I gralloc : alloc_device_free:586: Free handle(0x79dd235b00)
02-06 22:19:13.338   574   574 E Thermal-daemon: [charger_ic] temp_new :27  temp_old :26
02-06 22:19:13.338   574   574 E Thermal-daemon: Report temperature: [charger_ic] temp :27  report_threshold:1
02-06 22:19:13.340   574   574 E Thermal-daemon: [ap] temp_new :28  temp_old :27
02-06 22:19:13.340   574   574 E Thermal-daemon: Report temperature: [ap] temp :28  report_threshold:1
02-06 22:19:14.208  1029  2165 I chatty  : uid=1000(system) Binder:1029_10 expire 1 line
02-06 22:19:14.209  2181  2344 I amsnl   : csr
02-06 22:19:14.210  2181  2344 I amsnl   : t:false, fl: false, p: 2147483647000, ce: true, we: true
02-06 22:19:14.213  2181  2344 I amsnl   : m1: false
02-06 22:19:14.215  2181  2344 I amsnl   : m2: false, m3: false
02-06 22:19:14.215  2181  2344 I amsnl   : c: true, w: false, t: false, l: false
02-06 22:19:20.218  1029 25718 I chatty  : uid=1000(system) Binder:1029_19 expire 1 line
02-06 22:19:20.218  2181  2344 I amsnl   : csr
02-06 22:19:20.219  2181  2344 I amsnl   : t:false, fl: false, p: 2147483647000, ce: true, we: true
02-06 22:19:20.230  2181  2344 I amsnl   : m1: false
02-06 22:19:20.238  2181  2344 I amsnl   : m2: false, m3: false
02-06 22:19:20.240  2181  2344 I amsnl   : c: true, w: false, t: false, l: false
02-06 22:19:20.515  1029  1178 I chatty  : uid=1000(system) WifiStateMachin expire 1 line
02-06 22:19:23.204  1268  1268 W KeyguardUpdateMonitor: ACTION_BATTERY_CHANGED AMP: 0; Volt: 0
02-06 22:19:23.209  2128  3507 I VRService: no vr mode
02-06 22:19:23.217  2051  2051 I chatty  : uid=1000(system) com.huawei.imonitor expire 4 lines
02-06 22:19:23.220 24124 22298 E CloudAlbum[8.0.3.304]: [ReceiverManager] not log on ignore
02-06 22:19:23.238  1268  1268 W KeyguardUpdateMonitor: ChargingSpeed  Wattage: -1 ST: 5000000 --> 7500000
02-06 22:19:23.238  1268  1268 I KgBattery: BatteryInfo updated:  5lPC-1
02-06 22:19:23.238  1268  1268 W AppHandler: sendMessage with obj100
02-06 22:19:23.243  1268  1268 W HwLockScreenPanel: refreshBatteryInfo: null
02-06 22:19:23.243  1268  1268 W HwLockScreenPanel: Handle message: 100
02-06 22:19:23.348   574   574 E Thermal-daemon: [ap] temp_new :27  temp_old :28
02-06 22:19:23.348   574   574 E Thermal-daemon: Report temperature: [ap] temp :27  report_threshold:1
02-06 22:19:23.512  1029  1231 I chatty  : uid=1000(system) WiFiArpStateMac expire 12 lines
02-06 22:19:23.527  1029  1178 I chatty  : uid=1000(system) WifiStateMachin expire 11 lines
02-06 22:19:28.351   574   574 E Thermal-daemon: [charger_ic] temp_new :26  temp_old :27
02-06 22:19:28.351   574   574 E Thermal-daemon: Report temperature: [charger_ic] temp :26  report_threshold:1
02-06 22:19:33.031 15015 17880 I SocketReaderNew: SocketReader(962) continue
02-06 22:19:33.033 15015 17880 W System.err: java.net.SocketException: Socket is closed
02-06 22:19:33.033 15015 17880 W System.err: 	at java.net.Socket.getSoTimeout(Socket.java:1128)
02-06 22:19:33.033 15015 17880 W System.err: 	at com.tencent.qphone.base.util.MsfSocketInputBuffer.isDataAvailable(MsfSocketInputBuffer.java:71)
02-06 22:19:33.034 15015 17880 W System.err: 	at com.tencent.mobileqq.msf.core.net.l$b.run(SocketEngine.java:491)
02-06 22:19:33.034 15015 17880 I SocketReaderNew: SocketReader(962) wait
02-06 22:19:35.668 22831 22880 I ReactNativeJS: 'APP press', 1517926775667
02-06 22:19:35.695  1517  1601 I SensorState: sensor:0 enable:false uid:10194
02-06 22:19:35.695  1517  1601 I SensorState: removeSensor,mHandles:{}
02-06 22:19:35.695  1517  1601 I PGServer: report state:4 event type:2 pid:0 uid:10194 pkg:null to pid: 1029
02-06 22:19:35.696  1029  1052 I chatty  : uid=1000(system) android.display expire 2 lines
02-06 22:19:35.707 23586 23586 I         : power log dlsym ok
02-06 22:19:35.709 23586 23586 I art     : Late-enabling -Xcheck:jni
02-06 22:19:35.709 23586 23586 I art     : Reinit property: dalvik.vm.checkjni= false
02-06 22:19:35.712   420   440 I gralloc : alloc_device_alloc:564: Alloc handle(0x79c4cad700): interfmt=1, stride=704, size=2920448, usage=0x333
02-06 22:19:35.713   420  4432 I gralloc : alloc_device_free:586: Free handle(0x79c4cad700)
02-06 22:19:35.741  1517  1781 I BacklightControl: can't adjust backlight when app launch from other scene.
02-06 22:19:35.742   420  1256 I gralloc : alloc_device_alloc:564: Alloc handle(0x79dd235100): interfmt=1, stride=64, size=4096, usage=0x100
02-06 22:19:35.750   420  1256 I gralloc : alloc_device_alloc:564: Alloc handle(0x79dd232300): interfmt=1, stride=1088, size=8486912, usage=0x933
02-06 22:19:35.757  1517  1811 I PGServer: report state:10000 event type:2 pid:0 uid:0 pkg:com.apptest to pid: 1029
02-06 22:19:35.758  1517  1811 I PGServer: report state:10000 event type:1 pid:0 uid:0 pkg:com.example.zt.testandroid to pid: 1029
02-06 22:19:35.758  1029  1475 I chatty  : uid=1000(system) Binder:1029_5 expire 2 lines
02-06 22:19:35.758  2051  2801 I chatty  : uid=1000(system) CallbackHandler expire 1 line
02-06 22:19:35.765   420  4432 I gralloc : alloc_device_free:586: Free handle(0x79dd235100)
02-06 22:19:35.766   420  1256 I gralloc : alloc_device_free:586: Free handle(0x79dd20f600)
02-06 22:19:35.766   420  1256 I gralloc : alloc_device_free:586: Free handle(0x79c4cad600)
02-06 22:19:35.768 23586 23586 W System  : ClassLoader referenced unknown path: /data/app/com.example.zt.testandroid-2/lib/arm64
02-06 22:19:35.769 23586 23586 W art     : JIT profile information will not be recorded: profile file does not exits.
02-06 22:19:35.781 23586 23586 I HwCust  : Constructor found for class android.app.HwCustActivityImpl
02-06 22:19:35.786 23586 23586 I HwCust  : Constructor found for class android.app.HwCustHwWallpaperManagerImpl
02-06 22:19:35.794 23586 23586 W art     : Before Android 4.1, method android.graphics.PorterDuffColorFilter android.support.graphics.drawable.VectorDrawableCompat.updateTintFilter(android.graphics.PorterDuffColorFilter, android.content.res.ColorStateList, android.graphics.PorterDuff$Mode) would have incorrectly overridden the package-private method in android.graphics.drawable.Drawable
02-06 22:19:35.798 23586 23586 E rcvAppTag: 2018-02-06  22:19:35.797  1517926775798
02-06 22:19:35.827 23586 23586 E tag     : test
02-06 22:19:35.835 23586 23586 I HwPointEventFilter: support AFT
02-06 22:19:35.867 23586 23603 I OpenGLRenderer: Initialized EGL, version 1.4
02-06 22:19:35.873 23586 23603 W linker  : /vendor/lib64/libhwuibp.so: unused DT entry: type 0xf arg 0xe3a
02-06 22:19:35.875   420   441 I gralloc : alloc_device_alloc:564: Alloc handle(0x79dd232800): interfmt=200000001, stride=1088, size=8486912, usage=0xb00
02-06 22:19:35.882   420   441 I gralloc : alloc_device_alloc:564: Alloc handle(0x79c4cada00): interfmt=200000001, stride=1088, size=8486912, usage=0xb00
02-06 22:19:35.885   420   441 I gralloc : alloc_device_alloc:564: Alloc handle(0x79c4cadc00): interfmt=200000001, stride=1088, size=8486912, usage=0xb00
02-06 22:19:36.043  1517  2424 I PGServer: checkPkgType. calling pkg: android
02-06 22:19:36.109   420   420 I gralloc : alloc_device_free:586: Free handle(0x79dd232300)
02-06 22:19:36.473   420   420 I gralloc : alloc_device_free:586: Free handle(0x79dd232000)
02-06 22:19:36.763  1517  1528 I PGServer: checkPkgType. calling pkg: android
02-06 22:19:39.536  1029  1231 I chatty  : uid=1000(system) WiFiArpStateMac expire 14 lines
02-06 22:19:46.485  1029  1050 I chatty  : uid=1000(system) android.fg expire 2 lines
02-06 22:19:53.373  1268  1268 W KeyguardUpdateMonitor: ACTION_BATTERY_CHANGED AMP: 0; Volt: 0
02-06 22:19:53.382  1268  1268 W KeyguardUpdateMonitor: ChargingSpeed  Wattage: -1 ST: 5000000 --> 7500000
02-06 22:19:53.382  1268  1268 I KgBattery: BatteryInfo updated:  5lPC-1
02-06 22:19:53.382  1268  1268 W AppHandler: sendMessage with obj100
02-06 22:19:53.387  2128  3507 I VRService: no vr mode
02-06 22:19:53.394 24124 22298 E CloudAlbum[8.0.3.304]: [ReceiverManager] not log on ignore
02-06 22:19:53.408  1268  1268 W HwLockScreenPanel: refreshBatteryInfo: null
02-06 22:19:53.409  1268  1268 W HwLockScreenPanel: Handle message: 100
02-06 22:19:54.660  1029  1231 I chatty  : uid=1000(system) WiFiArpStateMac expire 5 lines
02-06 22:19:56.742  1029  1178 I chatty  : uid=1000(system) WifiStateMachin expire 1 line
02-06 22:19:59.672  1029  1231 I chatty  : uid=1000(system) WiFiArpStateMac expire 3 lines
02-06 22:19:59.761  1029  1178 I chatty  : uid=1000(system) WifiStateMachin expire 2 lines
02-06 22:20:00.050  1268  1268 I EventCenter: EventCenter Get :android.intent.action.TIME_TICK
02-06 22:20:00.057  1268  1268 W ResourceType: Failure getting entry for 0xffffffff (t=254 e=65535) (error -2147483647)
02-06 22:20:00.058  1268  1268 E DateLunarView: mDateString is: 2月6日星期二
02-06 22:20:00.063  1268  1268 W ResourceType: Failure getting entry for 0xffffffff (t=254 e=65535) (error -2147483647)
02-06 22:20:00.063  1268  1268 E DateLunarView: mDateString is: 2月6日星期二
02-06 22:20:00.077  2226  2226 I HwLauncher: Model  onReceive intent=Intent { act=android.intent.action.TIME_TICK flg=0x50000014 (has extras) }
02-06 22:20:00.077  2226  2226 I HwLauncher: Model  onReceive user=UserHandle{0}
02-06 22:20:00.087  2226  2226 I TotemWeather: WeatherDataObserver info:receive action = #Intent;action=android.intent.action.TIME_TICK;launchFlags=0x50000014;i.android.intent.extra.ALARM_COUNT=1;end
02-06 22:20:00.106 24990 25031 I Step_LSC: 80001313|processHandleBroadcastAction action:android.intent.action.TIME_TICK
02-06 22:20:00.139  2226  2226 I TotemWeather: DateTimeView info:,Time =10:20,[:] timezone=中国标准时间
02-06 22:20:00.144  2226  2226 I TotemWeather: DateTimeView info:updateNextData nextTime: 60857
02-06 22:20:00.144  2226  2226 I TotemWeather: DateTimeView info:onTimeChanged
02-06 22:20:00.145  2226  2226 I TotemWeather: DateTimeView info:updateNextData nextTime: 0
02-06 22:20:00.145  2226  2226 I TotemWeather: DateTimeView info:onTimeChanged
02-06 22:20:00.145  2226  2226 I TotemWeather: DateTimeView info:updateNextData nextTime: 0
02-06 22:20:00.149  2226  2226 I TotemWeather: DateTimeView info:,Time =10:20,[:] timezone=中国标准时间
02-06 22:20:00.154  2226  2226 I TotemWeather: DateTimeView info:updateNextData nextTime: 60847
02-06 22:20:01.334  1029  1160 I chatty  : uid=1000(system) AlarmManager expire 1 line
02-06 22:20:01.339  2051  2066 W Ptm.AbnormalObserver: unhandled mesg: 4008
02-06 22:20:01.340  1029  1178 I chatty  : uid=1000(system) WifiStateMachin expire 1 line
02-06 22:20:01.351  1029  1187 I chatty  : uid=1000(system) WifiScanningSer expire 3 lines
02-06 22:20:02.789  1029  1178 E WifiConfigManager: updateConfiguration freq=5805 BSSID=48:7a:da:2c:c7:a4 RSSI=-55 "cloudtropy-work"WPA_PSK
02-06 22:20:03.037 15015 17880 I SocketReaderNew: SocketReader(962) continue
02-06 22:20:03.039 15015 17880 W System.err: java.net.SocketException: Socket is closed
02-06 22:20:03.039 15015 17880 W System.err: 	at java.net.Socket.getSoTimeout(Socket.java:1128)
02-06 22:20:03.039 15015 17880 W System.err: 	at com.tencent.qphone.base.util.MsfSocketInputBuffer.isDataAvailable(MsfSocketInputBuffer.java:71)
02-06 22:20:03.039 15015 17880 W System.err: 	at com.tencent.mobileqq.msf.core.net.l$b.run(SocketEngine.java:491)
02-06 22:20:03.040 15015 17880 I SocketReaderNew: SocketReader(962) wait
02-06 22:20:04.682  1029  1231 E HwCHRWebMonitor: WebMonitor [mNetWorkIsSuck=0 mUIDIsSuck=]  WebSpeed [WEBSENDSEGS=0  WEBRESENDSEGS=0  WEBRECVSEGS=0  WEBERRSEGS=0  WEBOUTRSTS=0  WEBESTABLISRST=0  WEBRTTDURATION=0  WEBRTTSEGS=0  WEBSRTT=240  WEBSNDDUPACKS=0  SENDSEGS=0  RESENDSEGS=0  RECVSEGS=0  ERRSEGS=0  OUTRSTS=0  ESTABLISRST=0  RTTDURATION=0  RTTSEGS=0  SNDDUPACKS=0  suckTimes=0 recovage_times=0]
02-06 22:20:04.682  1029  1231 E HwCHRWifiRSSIGroupSummery: updateTcpSummery mRSSI:-55  HwCHRWifiRSSIGroup [rssi_index=4, rtt_tcp_packets=709, rtt_tcp_duration=39629, rtt_lan_duration=1306, rtt_lan_failures=0, rtt_lan_succ=155, rtt_lan_max=32, rtt_lan_min=2,same_area_frequency=0,adjacent_area_frequency=0]
02-06 22:20:04.695  1029  1231 E HwCHRWebMonitor: HwCHRWifiPacketCnt [mTXGood=78, mTXbad=0, mRXGood=2] rssi=-55
02-06 22:20:04.699  1029  1231 E HwCHRWebMonitor: running processName=com.example.zt.testandroid
02-06 22:20:05.816  1029  1178 E WifiConfigManager: updateConfiguration freq=5805 BSSID=48:7a:da:2c:c7:a4 RSSI=-55 "cloudtropy-work"WPA_PSK
02-06 22:20:06.798  2051  2051 W PTM.PeriodCheckManager: getPeriodCheckStatsInfo
02-06 22:20:06.802  2051  2051 W PTM.PeriodCheckManager: getPeriodCheckStatsInfo:powergenie_mode=2; backlight=1111; discharging=76; system_h=29; pa_0=27; soc_thermal=32; gpu=31; CpuFreqBig=1306000; CpuFreqlittle=807000; DDRFreq=360000000; GpuFreq=360000000; 
02-06 22:20:06.802  2051  2051 W PTM.PeriodCheckManager: mPeriodHanlder start
02-06 22:20:06.830  2051  2051 W PTM.PeriodCheckManager: enter the sendData func.
02-06 22:20:06.830  2051  2051 W PTM.PeriodCheckManager: sendData ready!
02-06 22:20:06.833  2051  2051 I iMonitor: create: 903001011
02-06 22:20:06.845  2051  2051 I iMonitor: send: 903001011
02-06 22:20:06.846   591   860 I logserver: handle_exception_events enter
02-06 22:20:06.846  2051  2051 W PTM.PeriodCheckManager: mSendService start
02-06 22:20:06.885  2051  2102 E LogCollectService: illegal eventid
02-06 22:20:08.395   574   574 E Thermal-daemon: [pa_0] temp_new :25  temp_old :26
02-06 22:20:08.396   574   574 E Thermal-daemon: Report temperature: [pa_0] temp :25  report_threshold:1
02-06 22:20:08.837  1029  1178 E WifiConfigManager: updateConfiguration freq=5805 BSSID=48:7a:da:2c:c7:a4 RSSI=-55 "cloudtropy-work"WPA_PSK
02-06 22:20:08.865  1029  2371 E HsmCoreServiceImpl: onTransact in code is: 103
02-06 22:20:08.865  1029  2371 I MediaProcessHandler: playingUids: 
02-06 22:20:08.901  1268  1268 I SlideTouchEvent: Sliding distance is too short, can not trigger the lazy mode
02-06 22:20:08.942   420  1256 I gralloc : alloc_device_alloc:564: Alloc handle(0x79c4cad600): interfmt=1, stride=704, size=2920448, usage=0x333
02-06 22:20:08.943   420   441 I gralloc : alloc_device_free:586: Free handle(0x79c4cad600)
02-06 22:20:08.968  2226  2226 I HwIntelligent3_HiBoardHwIntelligentManager: onReceive: action: android.intent.action.CLOSE_SYSTEM_DIALOGS
02-06 22:20:08.972  2051  2801 W Ptm.AbnormalObserver: unhandled mesg: 4005
02-06 22:20:08.973  1517  1811 I PGServer: report state:10000 event type:2 pid:0 uid:0 pkg:com.example.zt.testandroid to pid: 1029
02-06 22:20:08.973  1517  1811 I PGServer: report state:10000 event type:1 pid:0 uid:0 pkg:com.android.systemui to pid: 1029
02-06 22:20:08.973  1029 12176 W AudioEffectLowPowerTaskImpl: onStateChanged, stateType = 10000, eventType = 2, pid = 0, pkg = com.example.zt.testandroid, uid = 0
02-06 22:20:08.973  1029 12176 W AudioEffectLowPowerTaskImpl: onStateChanged, stateType = 10000, eventType = 1, pid = 0, pkg = com.android.systemui, uid = 0
02-06 22:20:08.974   420   441 I gralloc : alloc_device_free:586: Free handle(0x79dd232800)
02-06 22:20:08.974   420   441 I gralloc : alloc_device_free:586: Free handle(0x79c4cada00)
02-06 22:20:08.983  1268  1268 W StatusBarWindowManager: Apply window Height 72
02-06 22:20:08.983  1268  1268 I PanelBar: panelExpansionChanged 0.0, false
02-06 22:20:08.983  1268  1268 I PanelBar: panelExpansionChanged 0.0, false
02-06 22:20:08.985   420   441 I gralloc : alloc_device_alloc:564: Alloc handle(0x79dd232900): interfmt=200000001, stride=1088, size=8486912, usage=0xb00
02-06 22:20:08.996   420   441 I gralloc : alloc_device_alloc:564: Alloc handle(0x79c4cad300): interfmt=200000001, stride=1088, size=8486912, usage=0xb00
02-06 22:20:08.996   420   441 I gralloc : alloc_device_alloc:564: Alloc handle(0x79dd232a00): interfmt=200000001, stride=1088, size=8486912, usage=0xb00
02-06 22:20:09.007   420  1256 I gralloc : alloc_device_alloc:564: Alloc handle(0x79dd20f600): interfmt=1, stride=1024, size=688128, usage=0x933
02-06 22:20:09.040  1029  2264 E HsmCoreServiceImpl: onTransact in code is: 103
02-06 22:20:09.040  1029  2264 I MediaProcessHandler: playingUids: 
02-06 22:20:09.290  1517  2424 I PGServer: checkPkgType. calling pkg: android
02-06 22:20:09.385   420   420 I gralloc : alloc_device_free:586: Free handle(0x79dd20f600)
02-06 22:20:09.387   420   420 I gralloc : alloc_device_free:586: Free handle(0x79c4cadc00)
02-06 22:20:09.933  1268  1268 I SendBroadcastPermission: action:huawei.intent.action.hsm_remove_pkg, mPermissionType:0
02-06 22:20:09.939  1029  2238 E ReportTools: This is not beta user build
02-06 22:20:09.969  1029 20368 E HsmCoreServiceImpl: onTransact in code is: 102
02-06 22:20:09.969  1029 20368 I MediaProcessHandler: processOp opType: 1, uid: 10193, pid: 23586
02-06 22:20:09.969  1029 20368 W MediaProcessHandler: remove target not exist, maybe the UI process: uid: 10193, pid: 23586
02-06 22:20:10.071  1517  1601 I ScenarioAction: new ScenarioAction sPoolSize: 0
02-06 22:20:10.116  1517  1601 I ScenarioAction: new ScenarioAction sPoolSize: 0
02-06 22:20:10.117  1517  1601 I ScenarioAction: new ScenarioAction sPoolSize: 0
02-06 22:20:10.364  1268  1268 I SendBroadcastPermission: action:huawei.intent.action.hsm_remove_pkg, mPermissionType:0
02-06 22:20:10.366  2226  2226 I HwIntelligent3_HiBoardHwIntelligentManager: onReceive: action: android.intent.action.CLOSE_SYSTEM_DIALOGS
02-06 22:20:10.369  1029  2238 E ReportTools: This is not beta user build
02-06 22:20:10.397  1268  1268 W StatusBarWindowManager: Apply window Height 72
02-06 22:20:10.398  1268  1268 I PanelBar: panelExpansionChanged 0.0, false
02-06 22:20:10.398  1268  1268 I PanelBar: panelExpansionChanged 0.0, false
02-06 22:20:10.398  1029  1040 E HsmCoreServiceImpl: onTransact in code is: 102
02-06 22:20:10.399  1029  1040 I MediaProcessHandler: processOp opType: 1, uid: 10194, pid: 22831
02-06 22:20:10.399  1029  1040 W MediaProcessHandler: remove target not exist, maybe the UI process: uid: 10194, pid: 22831
02-06 22:20:10.399  1268  1268 I HwRecentTaskRemove: notifyRemoveStart called, clickTime:0
02-06 22:20:10.402  1517  1601 I ScenarioAction: new ScenarioAction sPoolSize: 0
02-06 22:20:10.408  1517  1811 I PGServer: report state:10000 event type:2 pid:0 uid:0 pkg:com.android.systemui to pid: 1029
02-06 22:20:10.408  1517  1811 I PGServer: report state:10010 event type:1 pid:0 uid:0 pkg:com.huawei.android.launcher to pid: 1029
02-06 22:20:10.408  1029 31658 W AudioEffectLowPowerTaskImpl: onStateChanged, stateType = 10000, eventType = 2, pid = 0, pkg = com.android.systemui, uid = 0
02-06 22:20:10.408  1029 31658 W AudioEffectLowPowerTaskImpl: onStateChanged, stateType = 10010, eventType = 1, pid = 0, pkg = com.huawei.android.launcher, uid = 0
02-06 22:20:10.408  2051  2801 W Ptm.AbnormalObserver: unhandled mesg: 4005
02-06 22:20:10.410  1268  1268 W ImageWallpaper: trimMemory condition not ready!
02-06 22:20:10.413   591   665 E bdatd   : [UidStat.cpp] setPidCputime# Invalid delta time, uid: 10194, pid: 22831 name: com.apptest
02-06 22:20:10.414  2226  2226 I HwLauncher: Launcher  onNewIntent mIsToUninstallApp = false,mIsLoading = false
02-06 22:20:10.415  2226  2226 I HwLauncher: Launcher  onNewIntent alreadyOnHome = false, touchActive = false
02-06 22:20:10.415  2226  2226 I HwLauncher: Workspace  changeState() fromState = NORMAL_MODE, toState = NORMAL_MODE, animated = false, delay = 40
02-06 22:20:10.415  2226  2226 W HwLauncher: Workspace  changeState() state no change.
02-06 22:20:10.415  2226  2226 I HwLauncher: Launcher  onNewIntent end
02-06 22:20:10.416  2226  2226 I HwLauncher: Launcher onStart()
02-06 22:20:10.416  2226  2226 I HwLauncher: Launcher dynamicIconsRegister
02-06 22:20:10.416  2226  2226 I HwLauncher: DynamicUpdater registerReceiver
02-06 22:20:10.416  2226  2226 I HwLauncher: DynamicUpdater call updateFolder
02-06 22:20:10.417  2226  2226 I HwLauncher: DynamicIcon onResume  isvisible = false   mAttachedToWindow:true    mWindowVisible:falsecom.android.calendar
02-06 22:20:10.417  2226  2226 I HwLauncher: DynamicUpdater registerReceiver
02-06 22:20:10.417  2226  2226 I HwLauncher: DynamicUpdater call updateFolder
02-06 22:20:10.417  2226  2375 I HwLauncher: WeatherDynamicUpdater positiveUpdate at WeatherDynamicUpdater
02-06 22:20:10.417  2226  2226 I HwLauncher: DynamicIcon onResume  isvisible = true   mAttachedToWindow:false    mWindowVisible:falsecom.huawei.android.totemweather
02-06 22:20:10.417  2226  2226 I HwLauncher: DynamicUpdater registerReceiver
02-06 22:20:10.421  2226  2226 I HwLauncher: DynamicUpdater call updateFolder
02-06 22:20:10.421  2226  2226 I HwLauncher: DynamicIcon onResume  isvisible = false   mAttachedToWindow:true    mWindowVisible:falsecom.android.deskclock
02-06 22:20:10.421 10965 30668 I TotemWeather: Utils info:launcherIntent for weather DynamicIcon
02-06 22:20:10.421  2226  2226 I HwLauncher: Launcher  Launcher.onStart() cost 5 ms
02-06 22:20:10.421 10965 30668 I TotemWeather: Utils info:getWidgetShowCityInfo return myLocation
02-06 22:20:10.421  2226  2226 I HwLauncher: Launcher onResume()
02-06 22:20:10.421  2226  2226 I HwLauncher: Launcher doResumeWork()
02-06 22:20:10.422  2226  2226 I HwLauncher: Launcher  onResume mIsToUninstallApp = false
02-06 22:20:10.422  2226  2226 I HwLauncher: Launcher  Launcher hot start cost 6 ms
02-06 22:20:10.427 10965 30668 I SendBroadcastPermission: action:com.huawei.android.action.launcher_weather_icon_change, mPermissionType:0
02-06 22:20:10.431  2226  2226 I TotemWeather: DateTimeView info:updateNextData nextTime: 0
02-06 22:20:10.431 10965 23646 I TotemWeather: WeatherService info:processIntent action =com.huawei.android.action.NOTIFY_STATE
02-06 22:20:10.431 10965 23646 I TotemWeather: DeviceStateListener info:onTaskStateChanged->taskType:1, taskState:1
02-06 22:20:10.431 10965 23646 I TotemWeather: DeviceStateListener info:checkWeatherInfoTimeOut: weather update in half an hour,return
02-06 22:20:10.432 10965 23646 I TotemWeather: DeviceStateListener info:checkWeatherInfoTimeOut: weather update befor an hour,create 
02-06 22:20:10.432 10965 23646 I TotemWeather: DeviceStateListener info:createTaskByHost->host:auto
02-06 22:20:10.432  2226  2527 I TotemWeather: WeatherDataManager info:queryCityTaskImpl: my location is enable locateCity = Yangpu District
02-06 22:20:10.432  2226  2527 I TotemWeather: WeatherDataManager info:my location is same as home city
02-06 22:20:10.433 10965 23646 I TotemWeather: WeatherService info:processIntent action =com.huawei.android.action.REQUEST_WEATHER
02-06 22:20:10.433 10965 23646 I TotemWeather: WeatherTaskController info:addWeatherTask->citycode= 74833
02-06 22:20:10.433 10965 23646 I TotemWeather: WeatherTaskController info:shouldAddTask->task type:auto
02-06 22:20:10.433 10965 23646 I TotemWeather: WeatherTaskController info:info task not Add to tasklist or retry task list, add to mTaskList
02-06 22:20:10.433 10965 23646 I TotemWeather: WeatherTaskController info:addWeatherTask->add this task to mTaskList:74833
02-06 22:20:10.433 10965 30392 I TotemWeather: WeatherTaskController info:handleTask citycode= 74833state= 0
02-06 22:20:10.433 10965 30392 I TotemWeather: WeatherParserFactorys info:WeatherParser type is 1
02-06 22:20:10.433 10965 30392 I TotemWeather: JAccuWeatherParser info:JsonWeatherParser parser/sLanguageCode:zh-CN
02-06 22:20:10.433 10965 30392 I TotemWeather: JsonWeatherParser info:parserImpl->parse start
02-06 22:20:10.434 10965 23647 I TotemWeather: JAccuWeatherParser info:getHeaderJSONObject locationCityCode = 74833
02-06 22:20:10.435  2226  2375 E HwLauncher: SettingsEx , no such field.
02-06 22:20:10.435  2226  2375 W HwLauncher: Clock getDataFormat the getSystemString failed.
02-06 22:20:10.435 10965 23646 I SendBroadcastPermission: action:com.huawei.android.action.WEATHER_CHANGE, mPermissionType:0
02-06 22:20:10.435  2226  2375 I HwLauncher: ClockDynamicUpdater clock update folder at ClockDynamicUpdater
02-06 22:20:10.435  2226  2375 I HwLauncher: DynamicUpdater updateBitmap end and send update message
02-06 22:20:10.440   420  4432 I gralloc : alloc_device_alloc:564: Alloc handle(0x79dd232b00): interfmt=200000001, stride=1088, size=8486912, usage=0xb00
02-06 22:20:10.441  1029  1050 I SendBroadcastPermission: action:android.net.conn.DATA_ACTIVITY_CHANGE, mPermissionType:0
02-06 22:20:10.442  2226  2226 I TotemWeather: DateTimeView info:,Time =10:20,[:] timezone=中国标准时间
02-06 22:20:10.444  2226  2226 I TotemWeather: DateTimeView info:updateNextData nextTime: 50557
02-06 22:20:10.444  2226  2226 I HwLauncher: WeatherDynamicUpdater receive action = com.huawei.android.action.launcher_weather_icon_change
02-06 22:20:10.444  2226  2226 I HwLauncher: DynamicUpdater call updateFolder
02-06 22:20:10.444  2226  2226 I TotemWeather: WeatherDataObserver info:receive action = #Intent;action=com.huawei.android.action.WEATHER_CHANGE;launchFlags=0x10;i.status=2;S.EXTRA_REQUEST_WEATHER_HOST=auto;l._id=2;end
02-06 22:20:10.445  2226  2375 I HwLauncher: WeatherDynamicUpdater receiver data is int[] = [0, 0, 128, 256, 128, 256] ; stringArray[] = [sunny, num0, tempc] ; dynamic_gravity = center
02-06 22:20:10.445  2226  2375 I HwLauncher: WeatherDynamicUpdater update before : mDrawingData[0] = sunny:0, 0, 0
02-06 22:20:10.447  1268  1268 I EventCenter: EventCenter Get :com.huawei.android.action.WEATHER_CHANGE
02-06 22:20:10.449  2226  2375 I HwLauncher: WeatherDynamicUpdater update before : mDrawingData[1] = num0:128, 256, 0
02-06 22:20:10.450  2226  2375 I HwLauncher: WeatherDynamicUpdater update before : mDrawingData[2] = tempc:128, 256, 0
02-06 22:20:10.450  2226  2375 I HwLauncher: WeatherDynamicUpdater  picNames.length not equal tmpMapList.size(), so no need to updatePreData... ; picNames.length = 3 , tmpMapList.size() = 1
02-06 22:20:10.452   420  4432 I gralloc : alloc_device_alloc:564: Alloc handle(0x79dd232f00): interfmt=200000001, stride=1088, size=8486912, usage=0xb00
02-06 22:20:10.452   420  4432 I gralloc : alloc_device_alloc:564: Alloc handle(0x79dd232d00): interfmt=200000001, stride=1088, size=8486912, usage=0xb00
02-06 22:20:10.455 25101 25101 I SendBroadcastPermission: action:com.baidu.input.entry.launcer, mPermissionType:0
02-06 22:20:10.469  2226  2226 I TotemWeather: WidgetDataManager info:getLightColorType : 3
02-06 22:20:10.471  2226  2226 I TotemWeather: DateTimeView info:updateNextData nextTime: 0
02-06 22:20:10.473  2226  2226 I TotemWeather: DateTimeView info:updateNextData nextTime: 0
02-06 22:20:10.473  2226  2226 W HwIntelligent3_CardRootView50:  var is null at CardRootView50 dismissPopMenu 209
02-06 22:20:10.473  1268  1268 I PhoneStatusBarPolicy: updateBluetooth:::setBluetoothBatteryEnable false.
02-06 22:20:10.473  1268  1268 I PhoneStatusBarPolicy: updateBluetooth::bluetoothEnabled:false, bluetoothConnected=false, bluetoothTransfering=false
02-06 22:20:10.480  2226  2226 I TotemWeather: DateTimeView info:,Time =10:20,[:] timezone=中国标准时间
02-06 22:20:10.482  2226  2226 I TotemWeather: DateTimeView info:updateNextData nextTime: 50518
02-06 22:20:10.483  1029  1164 W InputDispatcher: channel 'd8ba3e com.apptest/com.apptest.MainActivity (server)' ~ Consumer closed input channel or an error occurred.  events=0x9
02-06 22:20:10.483  1029  1164 E InputDispatcher: channel 'd8ba3e com.apptest/com.apptest.MainActivity (server)' ~ Channel is unrecoverably broken and will be disposed!
02-06 22:20:10.483  1029  2161 W InputDispatcher: Attempted to unregister already unregistered input channel 'd8ba3e com.apptest/com.apptest.MainActivity (server)'
02-06 22:20:10.527  1029 12176 E HsmCoreServiceImpl: onTransact in code is: 103
02-06 22:20:10.527  1029 12176 I MediaProcessHandler: playingUids: 
02-06 22:20:10.589  2226  2527 I TotemWeather: WeatherDataManager info:queryCityTaskImpl: my location is enable locateCity = Yangpu District
02-06 22:20:10.589  2226  2527 I TotemWeather: WeatherDataManager info:my location is same as home city
02-06 22:20:10.649  2226  2226 I TotemWeather: WidgetDataManager info:getLightColorType : 3
02-06 22:20:10.652  2226  2226 I TotemWeather: DateTimeView info:updateNextData nextTime: 0
02-06 22:20:10.655  2226  2226 I TotemWeather: DateTimeView info:updateNextData nextTime: 0
02-06 22:20:10.663  1029  1231 E HwCHRWifiRSSIGroupSummery: updatArpSummery mRSSI:-56  HwCHRWifiRSSIGroup [rssi_index=4, rtt_tcp_packets=709, rtt_tcp_duration=39629, rtt_lan_duration=1312, rtt_lan_failures=0, rtt_lan_succ=156, rtt_lan_max=32, rtt_lan_min=2,same_area_frequency=0,adjacent_area_frequency=0]
02-06 22:20:10.667  2226  2226 I TotemWeather: DateTimeView info:,Time =10:20,[:] timezone=中国标准时间
02-06 22:20:10.671  2226  2226 I TotemWeather: DateTimeView info:updateNextData nextTime: 50330
02-06 22:20:10.676   420  4432 I gralloc : alloc_device_free:586: Free handle(0x79dd232900)
02-06 22:20:10.676   420  4432 I gralloc : alloc_device_free:586: Free handle(0x79c4cad300)
02-06 22:20:10.692   420   420 I gralloc : alloc_device_free:586: Free handle(0x79dd232a00)
02-06 22:20:10.714  1029  1231 E HwCHRWebMonitor: WebMonitor [mNetWorkIsSuck=0 mUIDIsSuck=]  WebSpeed [WEBSENDSEGS=10  WEBRESENDSEGS=0  WEBRECVSEGS=2  WEBERRSEGS=0  WEBOUTRSTS=0  WEBESTABLISRST=0  WEBRTTDURATION=363  WEBRTTSEGS=2  WEBSRTT=1480  WEBSNDDUPACKS=0  SENDSEGS=0  RESENDSEGS=0  RECVSEGS=0  ERRSEGS=0  OUTRSTS=0  ESTABLISRST=0  RTTDURATION=0  RTTSEGS=0  SNDDUPACKS=0  suckTimes=0 recovage_times=0]
02-06 22:20:10.714  1029  1231 E HwCHRWifiRSSIGroupSummery: updateTcpSummery mRSSI:-56  HwCHRWifiRSSIGroup [rssi_index=4, rtt_tcp_packets=711, rtt_tcp_duration=39992, rtt_lan_duration=1312, rtt_lan_failures=0, rtt_lan_succ=156, rtt_lan_max=32, rtt_lan_min=2,same_area_frequency=0,adjacent_area_frequency=0]
02-06 22:20:10.720  1029  1231 E HwCHRWebMonitor: HwCHRWifiPacketCnt [mTXGood=17, mTXbad=0, mRXGood=5] rssi=-56
02-06 22:20:10.721  1029  1231 E HwCHRWebMonitor: running processName=com.huawei.android.launcher
02-06 22:20:10.722  1029  1231 E HwCHRWebMonitor: HwCHRWifiUIDWebSpeed [appName=com.huawei.android.totemweather UID=10036  WEBSENDSEGS=10  WEBRESENDSEGS=0  WEBRECVSEGS=2  WEBERRSEGS=0  WEBOUTRSTS=0  WEBESTABLISRST=0  WEBRTTDURATION=363  WEBRTTSEGS=2  WEBSNDDUPACKS=0  suckTimes=0 recovage_times=0]
02-06 22:20:10.815 10965 23647 I TotemWeather: JAccuWeatherParser info:parseLocation start
02-06 22:20:10.816 10965 23647 I TotemWeather: JAccuWeatherParser info:parseNodeLocation end , WeatherInfo = CityCode =74833 Status =0 StateName =Shanghai CityName =Yangpu District TimeZone =Asia/Shanghai Time =0 IsDayLight =false Temperature =0.0 WeatherIcon =0 WeatherDes =null ObservationTime =0 WindSpeed =-1 WindDirection =-1 PMNum =-1 PMStatus =null PMDESCnull PM2.5 =-1.0 PM10 =-1.0 CO2 =-1.0 CO =-1.0 SO2 =-1.0 O3 =-1.0 MobileLink =null
02-06 22:20:10.816 10965 23647 I TotemWeather:  ForecastDayInfo= 
02-06 22:20:10.816 10965 23647 I TotemWeather:  null
02-06 22:20:10.976  2226  2441 W OpenGLRenderer: Incorrectly called buildLayer on View: ShortcutAndWidgetContainer, destroying layer...
02-06 22:20:10.976  2226  2441 W OpenGLRenderer: Incorrectly called buildLayer on View: ShortcutAndWidgetContainer, destroying layer...
02-06 22:20:11.218  2226  2226 I HwLauncher: FPSMonitor  [Launcher , dispatchTouchEvent begin, false, true] down event  x = 933 y = 1079
02-06 22:20:11.218  2226  2226 I HwLauncher: Launcher workspaceTranslationX = 0.0
02-06 22:20:11.218  2226  2226 I HwLauncher: FPSMonitor  [PagedView , onIntercept] down event  x = 933 y = 1079
02-06 22:20:11.220  2226  2226 I HwLauncher: FPSMonitor  [Launcher , dispatchTouchEvent end, false, true] down event  x = 933 y = 1079
02-06 22:20:11.247  2226  2226 I HwLauncher: FPSMonitor  [Launcher , dispatchTouchEvent begin, false, true] up event  x = 932 y = 1079
02-06 22:20:11.247  2226  2226 I HwLauncher: FPSMonitor  [PagedView , onIntercept] up event  x = 932 y = 1079
02-06 22:20:11.247  2226  2226 I HwLauncher: FPSMonitor  [Launcher , dispatchTouchEvent end, false, true] up event  x = 932 y = 1079
02-06 22:20:11.248  2226  2226 I HwLauncher: Launcher onclick begin com.huawei.android.launcher.BubbleTextView{f8a21f6 VFED..CL. ...P..ID 792,966-1056,1248 #9c020303}
02-06 22:20:11.248  2226  2226 I HwLauncher: Launcher.Utilities  startActivitySafely useLaunchAnimation = true
02-06 22:20:11.248  2226  2226 I HwLauncher: Launcher.Utilities  startActivitySafely begin startActivity() for current user
02-06 22:20:11.255  2181  2344 I amsnl   : csr
02-06 22:20:11.255  1029 12176 I SendBroadcastPermission: action:android.intent.action.SIG_STR, mPermissionType:0
02-06 22:20:11.255  1029  1029 I MQoS    : onSignal: mSubId=0,currDataSubID=0
02-06 22:20:11.255  1029  1029 I MQoS    : received cell-signal:5
02-06 22:20:11.255  2181  2344 I amsnl   : t:false, fl: false, p: 2147483647000, ce: true, we: true
02-06 22:20:11.257  2181  2344 I amsnl   : m1: false
02-06 22:20:11.260  2226  2226 I HwLauncher: Launcher.Utilities  startActivitySafely end startActivity() for current user
02-06 22:20:11.260  2226  2226 I HwLauncher: Launcher this view's parent is not SearchGridView , so no need to reportRecentApp.
02-06 22:20:11.260  2226  2226 I HwLauncher: Launcher onclick end
02-06 22:20:11.261  2181  2344 I amsnl   : m2: false, m3: false
02-06 22:20:11.261  2181  2344 I amsnl   : c: true, w: false, t: false, l: false
02-06 22:20:11.261  1029  1052 I HwPointEventFilter: support AFT
02-06 22:20:11.264  2226  2226 I HwLauncher: Launcher onPause()
02-06 22:20:11.265  2226 23658 I HwLauncher: Launcher.MotionManager stopMotionAppsReco begin,mFlg = 403
02-06 22:20:11.265  2226 23658 W HwLauncher: Launcher.MotionManager stopMotionAppsReco service flg 403 is unavailable
02-06 22:20:11.272 23659 23659 I         : power log dlsym ok
02-06 22:20:11.274 23659 23659 I art     : Late-enabling -Xcheck:jni
02-06 22:20:11.275 23659 23659 I art     : Reinit property: dalvik.vm.checkjni= false
02-06 22:20:11.295   420  4432 I gralloc : alloc_device_alloc:564: Alloc handle(0x79c4cad300): interfmt=1, stride=64, size=4096, usage=0x100
02-06 22:20:11.296  1517  1811 I PGServer: report state:10010 event type:2 pid:0 uid:0 pkg:com.huawei.android.launcher to pid: 1029
