02-06 22:14:49.359   584 23055 E imgvideo-omx: IMG_OMD_GetExtensionIndex FAILED: Index Not Found.
02-06 22:14:49.359   584 23055 W imgvideo-omx: Extension index OMX.google.android.index.describeHDRStaticInfo not found
02-06 22:14:49.359   584 23055 E imgvideo-omx: IMG_OMD_GetExtensionIndex FAILED: Index Not Found.
02-06 22:14:49.359   584 23055 E imgvideo-omx: IMG_OMD_SetConfig FAILED: Unsupported paramter structure.
02-06 22:14:49.359   584 23055 E OMXNodeInstance: setConfig(2480063:IMG.MSVDX.Decoder.AVC, ConfigPriority(0x6f800002)) ERROR: UnsupportedIndex(0x8000101a)
02-06 22:14:49.359   584 23055 I ACodec  : codec does not support config priority (err -1010)
02-06 22:14:49.359   584 23055 E imgvideo-omx: IMG_OMD_SetConfig FAILED: Unsupported paramter structure.
02-06 22:14:49.359   584 23055 E OMXNodeInstance: setConfig(2480063:IMG.MSVDX.Decoder.AVC, ConfigOperatingRate(0x6f800003)) ERROR: UnsupportedIndex(0x8000101a)
02-06 22:14:49.359   584 23055 I ACodec  : codec does not support config operating rate (err -1010)
02-06 22:14:49.360   584 23057 I MediaCodec: MediaCodec will operate in async mode
02-06 22:14:49.361   584 23060 W SimpleSoftOMXComponent: onChangeState mState= 1, mTargetState = 1, state = 2
02-06 22:14:49.361   584 23060 W SimpleSoftOMXComponent: checkTransitions port is not populate
02-06 22:14:49.361   584 23057 W SimpleSoftOMXComponent: checkTransitions port is not populate
02-06 22:14:49.361   584 23057 W SimpleSoftOMXComponent: checkTransitions mState = 1, mTargetState = 2
02-06 22:14:49.361   584 23054 I MediaCodec: MediaCodec will operate in async mode
02-06 22:14:49.362   584 23060 W SimpleSoftOMXComponent: onChangeState mState= 2, mTargetState = 2, state = 3
02-06 22:14:49.362   584 23060 W SimpleSoftOMXComponent: checkTransitions mState = 2, mTargetState = 3
02-06 22:14:49.364   584 23060 I SoftAAC2: Reconfiguring decoder: 0->44100 Hz, 0->1 channels
02-06 22:14:49.366   584 23056 I Utils   : vstride = -309852736,vsliceHeight = -309850808
02-06 22:14:49.367   671   848 I APM_AudioPolicyManager: getOutput() device 2, stream 3, samplingRate 0, format 0, channelMask 3, flags 0
02-06 22:14:49.367   671   848 I APM_AudioPolicyManager: getOutputForDevice() returns output 13
02-06 22:14:49.368   671  1203 I APM_AudioPolicyManager: getOutput() device 2, stream 3, samplingRate 0, format 0, channelMask 3, flags 0
02-06 22:14:49.368   671  1203 I APM_AudioPolicyManager: getOutputForDevice() returns output 13
02-06 22:14:49.369   671   671 I APM_AudioPolicyManager: getOutput() device 2, stream 3, samplingRate 44100, format 1, channelMask 1, flags 0
02-06 22:14:49.369   671   671 I APM_AudioPolicyManager: getOutputForDevice() returns output 13
02-06 22:14:49.369   671   671 I APM_AudioPolicyManager: getOutputForAttr() returns output 13 stream 3
02-06 22:14:49.369   671  1202 I hash_map_utils: key: 'mode' value: ''
02-06 22:14:49.370   671  1202 I AudioMixer: NumTracks(0)
02-06 22:14:49.370   671  1202 I AudioMixer: Pid:671 add track (0)
02-06 22:14:49.371   671   671 I APM_AudioPolicyManager: startOutput() output 13, stream 3, session 665
02-06 22:14:49.371   671   671 I APM_AudioPolicyManager: getNewOutputDevice() selected device 2
02-06 22:14:49.371   671   671 I APM_AudioPolicyManager: setOutputDevice() device 0x0002 delayMs 0 force 1
02-06 22:14:49.371   671   671 I APM_AudioPolicyManager: setOutputDevice() changing to device 0x0002 , muteWaitMs 0
02-06 22:14:49.373   671   840 I soundtrigger_msg: sound_trigger_set_parameters:set_parameters string![srs_cfg:trumedia_enable=1]
02-06 22:14:49.374   671   840 I audio_hw_primary: select_devices++ mode[0]
02-06 22:14:49.374   671   840 I audio_hw_primary: select_devices--
02-06 22:14:49.374   671   671 I APM_AudioPolicyManager: setOutputDevice() createAudioPatch returned 0 patchHandle 284 num_sources 1 num_sinks 1
02-06 22:14:49.374   671   671 I APM_AudioPolicyManager: checkOutputForStrategy() getDeviceForStrategy strategy=3 newDevice=2 oldDevice=2
02-06 22:14:49.379   584 23058 I imgvideo-omx: VDECUtil_AddPortBuf Allocating shadow buffer port index 0
02-06 22:14:49.384   584 23058 I imgvideo-omx: VDECUtil_AddPortBuf Allocating shadow buffer port index 0
02-06 22:14:49.388   584 23058 I imgvideo-omx: VDECUtil_AddPortBuf Allocating shadow buffer port index 0
02-06 22:14:49.393   584 23058 I imgvideo-omx: VDECUtil_AddPortBuf Allocating shadow buffer port index 0
02-06 22:14:49.399   584 23063 I imgvideo-vdecapi: [SID=0x05000001] VDECDD_EVENT_STREAM_STOPPED
02-06 22:14:49.399   584 23058 I imgvideo-omx: VDEC_STOPSTATUS_CLOSED_GOP
02-06 22:14:49.399   584 23058 I imgvideo-omx: VDEC_STOPSTATUS_RECONFIGURE
02-06 22:14:49.399   584 23058 I imgvideo-omx: vdecutil_CheckPictBufConfig returned PSC = TRUE 
02-06 22:14:49.399   584 23058 I imgvideo-omx: Port Enabled: 1
02-06 22:14:49.399   584 23063 I imgvideo-vdecapi: [SID=0x05000001] VDECDD_EVENT_STREAM_FLUSHED
02-06 22:14:49.400   584 23058 I imgvideo-omx: PSC: Framerate (Q16) :1E0000, Height :480, Width :480, Stride :512, SliceHeight: 480 BitRate: 0
02-06 22:14:49.400   584 23058 I imgvideo-omx: Left :0  Top :0 Width :480 Height :480
02-06 22:14:49.443   420   440 I chatty  : uid=1000(system) Binder:420_1 expire 11 lines
02-06 22:14:49.445   420  1256 I chatty  : uid=1000(system) Binder:420_3 expire 12 lines
02-06 22:14:49.447   420  1259 I chatty  : uid=1000(system) Binder:420_4 expire 16 lines
02-06 22:14:49.451   420   441 I chatty  : uid=1000(system) Binder:420_2 expire 12 lines
02-06 22:14:49.453   584 23052 I NuPlayerRenderer: possible video time jump of 0ms or uninitialized media clock, retrying in 100ms
02-06 22:14:49.453   584 23043 I Utils   : vstride = -336051904,vsliceHeight = -336051856
02-06 22:14:49.453 22831 22843 W MediaPlayer: info/warning (3, 0)
02-06 22:14:51.113  2128  3507 I VRService: no vr mode
02-06 22:14:51.115  1268  1268 W KeyguardUpdateMonitor: ACTION_BATTERY_CHANGED AMP: 0; Volt: 0
02-06 22:14:51.118 24124 22298 E CloudAlbum[8.0.3.304]: [ReceiverManager] not log on ignore
02-06 22:14:51.120  2051  2051 I chatty  : uid=1000(system) com.huawei.imonitor expire 16 lines
02-06 22:14:51.134  1268  1268 W KeyguardUpdateMonitor: ChargingSpeed  Wattage: -1 ST: 5000000 --> 7500000
02-06 22:14:51.134  1268  1268 I KgBattery: BatteryInfo updated:  5lPC-1
02-06 22:14:51.134  1268  1268 W AppHandler: sendMessage with obj100
02-06 22:14:51.142   584 23045 I NuCachedSource2: retrying a previously failed read succeeded.
02-06 22:14:51.147  1268  1268 W HwLockScreenPanel: refreshBatteryInfo: null
02-06 22:14:51.147  1268  1268 W HwLockScreenPanel: Handle message: 100
02-06 22:14:51.209   584 23040 W MediaExtractor: creating media extractor in calling process
02-06 22:14:51.209   584 23040 I MediaExtractor: extractor created in uid: 1013 (media)
02-06 22:14:51.210   584 23040 I SampleTable: There are reordered frames present.
02-06 22:14:51.211   584 23040 I MediaExtractor: extractor created in uid: 1013 (media)
02-06 22:14:51.211   584 23040 I SampleTable: There are reordered frames present.
02-06 22:14:51.212   584 23040 I Utils   : vstride = -363498196,vsliceHeight = -296392063
02-06 22:14:51.212   584 23040 W AMessage: failed to post message as target looper for handler 0 is gone.
02-06 22:14:51.212   584 23040 W AMessage: failed to post message as target looper for handler 0 is gone.
02-06 22:14:51.213   584 23040 W AMessage: failed to post message as target looper for handler 0 is gone.
02-06 22:14:51.471 22831 22831 I MediaPlayer: [HSM] stayAwake false uid: 10194, pid: 22831
02-06 22:14:51.472 22831 22831 I MediaPlayer: [HSM] stayAwake false uid: 10194, pid: 22831
02-06 22:14:51.472  1029  2161 I chatty  : uid=1000(system) Binder:1029_D expire 16 lines
02-06 22:14:51.474   584 23063 I imgvideo-vdecapi: [SID=0x05000001] VDECDD_EVENT_STREAM_STOPPED
02-06 22:14:51.474   584 23060 W SimpleSoftOMXComponent: onChangeState mState= 3, mTargetState = 3, state = 2
02-06 22:14:51.474   584 23058 I img_omd_vdec_task: ==============flush==========
02-06 22:14:51.474   584 23060 W SimpleSoftOMXComponent: onChangeState mState= 2, mTargetState = 2, state = 1
02-06 22:14:51.474   584 23060 W SimpleSoftOMXComponent: checkTransitions port buf count is not zero
02-06 22:14:51.474   584 23057 W SimpleSoftOMXComponent: checkTransitions port buf count is not zero
02-06 22:14:51.475   584 23057 W SimpleSoftOMXComponent: checkTransitions port buf count is not zero
02-06 22:14:51.475   584 23057 W SimpleSoftOMXComponent: checkTransitions port buf count is not zero
02-06 22:14:51.475   584 23058 I img_omd_vdec_task: ==============flush==========
02-06 22:14:51.475   584 23057 W SimpleSoftOMXComponent: checkTransitions port buf count is not zero
02-06 22:14:51.475   584 23058 I imgvideo-omx: MISSING_STOP_FLAG
02-06 22:14:51.475   584 23057 W SimpleSoftOMXComponent: checkTransitions port buf count is not zero
02-06 22:14:51.475   584 23057 W SimpleSoftOMXComponent: checkTransitions port buf count is not zero
02-06 22:14:51.475   584 23057 W SimpleSoftOMXComponent: checkTransitions port buf count is not zero
02-06 22:14:51.475   584 23057 W SimpleSoftOMXComponent: checkTransitions mState = 2, mTargetState = 1
02-06 22:14:51.475   584 23063 I imgvideo-vdecapi: [SID=0x05000001] VDECDD_EVENT_STREAM_STOPPED
02-06 22:14:51.475   584 23058 I imgvideo-omx: #Total number of Frames Decoded: 63
02-06 22:14:51.493   671   840 I AudioTrackShared: server obtain null buf part1:0 rear:112896 front:112896 mFrameCount:22050
02-06 22:14:51.493   671   840 I AudioMixer: mShoudEliminatePop
02-06 22:14:51.494   584 23058 I imgvideo-omx: Exiting VDECTask
02-06 22:14:51.494   584 23055 I imgvideo-omx: Destroying VdecTask e957feb0
02-06 22:14:51.494   584 23055 I imgvideo-omx: IMG_OMD_ComponentDeInit Done.
02-06 22:14:51.498   584 23043 I NuPlayerRenderer: mNumDropFramesTotal = 0, mNumVideoFramesTotal = 60, dropFrameRate = 0.00%
02-06 22:14:51.501 22831 22831 I MediaPlayer: [HSM] stayAwake false uid: 10194, pid: 22831
02-06 22:14:51.501  1029  1782 I chatty  : uid=1000(system) Binder:1029_9 expire 5 lines
02-06 22:14:51.501 22831 22831 I MediaPlayer: Pid:22831 MediaPlayer destructor
02-06 22:14:51.553   671   840 I AudioMixer: Pid:671 deleteTrackName(0)
02-06 22:14:51.564   671   686 I APM_AudioPolicyManager: stopOutput() output 13, stream 3, session 665
02-06 22:14:51.564   671   686 I APM_AudioPolicyManager: getNewOutputDevice() selected device 0
02-06 22:14:51.564   671   686 I APM_AudioPolicyManager: setOutputDevice() device 0x0000 delayMs 80 force 0
02-06 22:14:51.564   671   686 I APM_AudioPolicyManager: setOutputDevice() setting same device 0x0000 or null device
02-06 22:14:51.564   671   686 I APM_AudioPolicyManager: checkOutputForStrategy() getDeviceForStrategy strategy=3 newDevice=2 oldDevice=2
02-06 22:14:51.760  2128  3507 I VRService: no vr mode
02-06 22:14:51.761  1268  1268 W KeyguardUpdateMonitor: ACTION_BATTERY_CHANGED AMP: 0; Volt: 0
02-06 22:14:51.767 24124 22298 E CloudAlbum[8.0.3.304]: [ReceiverManager] not log on ignore
02-06 22:14:51.792  1268  1268 W KeyguardUpdateMonitor: ChargingSpeed  Wattage: -1 ST: 5000000 --> 7500000
02-06 22:14:51.792  1268  1268 I KgBattery: BatteryInfo updated:  5lPC-1
02-06 22:14:51.793  1268  1268 W AppHandler: sendMessage with obj100
02-06 22:14:51.800  1268  1268 W HwLockScreenPanel: refreshBatteryInfo: null
02-06 22:14:51.800  1268  1268 W HwLockScreenPanel: Handle message: 100
02-06 22:14:54.495   671   840 I audio_hw_primary: do_out_standby standby: 0, out_device: 2
02-06 22:14:54.512   671   840 I audio_hw_primary: select_devices++ mode[0]
02-06 22:14:54.513   671   840 I audio_hw_primary: output_device_id is 0, output_route is null;input_source_id is 0, input_route is null.
02-06 22:14:54.514   671   840 I MAX98925_SPK: set  MAX98925 SINGLE SPK POWER OFF
02-06 22:14:54.517   671   840 I MAX98925_SPK: MAX98925 SPK POWER OFF
02-06 22:14:54.517   671   840 I dsp_common: dsp_common_control_algo:set device = 0
02-06 22:14:54.517   671   840 I dsp_maxim_ctl: maxim_get_prop: get codec_name succ, codec_name = hi6402
02-06 22:14:54.518   671   840 I dsp_maxim_ctl: maxim_get_prop: get multi mic function enable succ, multi_mic_enable = 0
02-06 22:14:54.523   671   840 I dsp_codec_ctl: codec_adsp_send_sync_cmd:ioctl ret=0
02-06 22:14:54.524   671   840 I dsp_maxim_ctl: smartpa_control succ with value:0
02-06 22:14:54.527   671   840 I audio_pop: pop change S4 OL SWITCH SWITCH dir 0
02-06 22:14:54.530   671   840 I audio_pop: pop change S4 OR SWITCH SWITCH dir 0
02-06 22:14:54.534   671   840 I audio_pop: pop change SP IL SWITCH SWITCH dir 0
02-06 22:14:54.534   671   840 I audio_pop: pop change SP IR SWITCH SWITCH dir 0
02-06 22:14:54.536   671   840 I dsp_common: dsp_common_control_algo:set device = 0
02-06 22:14:54.537   671   840 I dsp_maxim_ctl: maxim_get_prop: get codec_name succ, codec_name = hi6402
02-06 22:14:54.538   671   840 I dsp_maxim_ctl: maxim_get_prop: get multi mic function enable succ, multi_mic_enable = 0
02-06 22:14:54.538   671   840 I audio_hw_primary: select_devices--
02-06 22:14:54.998 22831 22880 I ReactNativeJS: 'Video press', 1517926494998
02-06 22:14:55.087 22831 22831 W MediaPlayer: setScreenOnWhilePlaying(true) is ineffective without a SurfaceHolder
02-06 22:14:55.088 22831 22831 I MediaPlayer: [HSM] stayAwake false uid: 10194, pid: 22831
02-06 22:14:55.089 22831 22831 I MediaPlayer: [HSM] stayAwake false uid: 10194, pid: 22831
02-06 22:14:55.090 22831 22831 I MediaPlayer: setDataSource(http://qiubai-video.qiushibaike.com/A14EXG7JQ53PYURP.mp4)
02-06 22:14:55.091   584  1478 I MediaPlayerService: setDataSource(http://qiubai-video.qiushibaike.com/A14EXG7JQ53PYURP.mp4)
02-06 22:14:55.115 22831 22880 I ReactNativeJS: 'video starting', NaN
02-06 22:14:55.120 22831 22831 I MediaPlayer: [HSM] stayAwake false uid: 10194, pid: 22831
02-06 22:14:55.123   584 23071 W AMessage: failed to post message as target looper for handler 0 is gone.
02-06 22:14:55.124 22831 22831 I MediaPlayer: [HSM] stayAwake false uid: 10194, pid: 22831
02-06 22:14:55.124  1029  2265 I chatty  : uid=1000(system) Binder:1029_12 expire 8 lines
02-06 22:14:55.125 22831 22831 I MediaPlayer: setDataSource(http://qiubai-video.qiushibaike.com/A14EXG7JQ53PYURP.mp4)
02-06 22:14:55.125   584  1450 I MediaPlayerService: setDataSource(http://qiubai-video.qiushibaike.com/A14EXG7JQ53PYURP.mp4)
02-06 22:14:55.129 22831 22880 I ReactNativeJS: 'video starting', NaN
02-06 22:14:55.135 22831 22831 W MediaPlayer: setScreenOnWhilePlaying(true) is ineffective for Surface
02-06 22:14:55.179 22831 22983 W System.err: java.lang.NullPointerException: Attempt to invoke virtual method 'java.net.URL java.net.HttpURLConnection.getURL()' on a null object reference
02-06 22:14:55.179 22831 22983 W System.err: 	at android.media.MediaHTTPConnection.seekTo(MediaHTTPConnection.java:276)
02-06 22:14:55.179 22831 22983 W System.err: 	at android.media.MediaHTTPConnection.getMIMEType(MediaHTTPConnection.java:414)
02-06 22:14:55.179 22831 22983 W System.err: 	at android.media.IMediaHTTPConnection$Stub.onTransact(IMediaHTTPConnection.java:88)
02-06 22:14:55.179 22831 22983 W System.err: 	at android.os.Binder.execTransact(Binder.java:565)
02-06 22:14:55.181   584 23077 E NuCachedSource2: source returned error -1, 10 retries left
02-06 22:14:55.273   584 23075 W MediaExtractor: creating media extractor in calling process
02-06 22:14:55.273   584 23075 I MediaExtractor: extractor created in uid: 1013 (media)
02-06 22:14:55.273   584 23075 I SampleTable: There are reordered frames present.
02-06 22:14:55.274   584 23075 I MediaExtractor: extractor created in uid: 1013 (media)
02-06 22:14:55.274   584 23075 I SampleTable: There are reordered frames present.
02-06 22:14:55.275   584 23075 I Utils   : vstride = -364542676,vsliceHeight = -296392063
02-06 22:14:55.446   584 23076 I NuCachedSource2: caching reached eos.
02-06 22:14:56.283 22831 22831 I MediaPlayer: [HSM] stayAwake true uid: 10194, pid: 22831
02-06 22:14:56.283  1029  2163 I chatty  : uid=1000(system) Binder:1029_E expire 18 lines
02-06 22:14:56.284 22831 22880 I ReactNativeJS: 'video loaded', 1154
02-06 22:14:56.284 22831 22831 I MediaPlayer: Pid:22831 MediaPlayer::start
02-06 22:14:56.285   584 23074 I Utils   : vstride = 1852404852,vsliceHeight = 741353575
02-06 22:14:56.285   671   848 I hash_map_utils: key: 'mode' value: ''
02-06 22:14:56.286   584 23074 I GenericSource: start
02-06 22:14:56.288   584 23074 I Utils   : vstride = 1767269750,vsliceHeight = 1030710628
02-06 22:14:56.289   584 23074 I Utils   : vstride = 0,vsliceHeight = -362453220
02-06 22:14:56.290   671  1202 I hash_map_utils: key: 'mode' value: ''
02-06 22:14:56.292   584 23085 I MediaPlayerService: MediaPlayerService::getOMX
02-06 22:14:56.292   584 23085 I OMXMaster: makeComponentInstance(OMX.IMG.MSVDX.Decoder.AVC) in mediaserver process
02-06 22:14:56.293   584 23085 I imgvideo-omx: Created VdecTask eb9b57f0
02-06 22:14:56.294   584 23085 I imgvideo-omx: IMG_OMD_ComponentInit Done.
02-06 22:14:56.294   584 23085 I ACodec  : In onAllocateComponent create compenent, codec name: OMX.IMG.MSVDX.Decoder.AVC
02-06 22:14:56.296   584 23088 I MediaPlayerService: MediaPlayerService::getOMX
02-06 22:14:56.297   584 23088 I OMXMaster: makeComponentInstance(OMX.google.aac.decoder) in mediaserver process
02-06 22:14:56.298   584 23084 I MediaCodec: [OMX.IMG.MSVDX.Decoder.AVC] setting surface generation to 598042
02-06 22:14:56.299   584 23088 I ACodec  : In onAllocateComponent create compenent, codec name: OMX.google.aac.decoder
02-06 22:14:56.301   584 23085 W imgvideo-omx: Extension index OMX.google.android.index.storeANWBufferInMetadata not found
02-06 22:14:56.301   584 23085 E imgvideo-omx: IMG_OMD_GetExtensionIndex FAILED: Index Not Found.
02-06 22:14:56.301   584 23085 I HwExtendedCodec: mime is [video/avc] at setVideoFormat
02-06 22:14:56.301   584 23088 E OMXNodeInstance: setConfig(2480066:google.aac.decoder, ConfigPriority(0x6f800002)) ERROR: Undefined(0x80001001)
02-06 22:14:56.301   584 23085 I         : framerate = 30  
02-06 22:14:56.301   584 23088 I ACodec  : codec does not support config priority (err -2147483648)
02-06 22:14:56.301   584 23085 I img_omd_vdec_task: >>>>>>>psPortDef->nPortIndex = 0 xFramerate = 30
02-06 22:14:56.301   584 23085 I img_omd_vdec_task: mFrameRate = 30
02-06 22:14:56.301   584 23085 W imgvideo-omx: Extension index OMX.google.android.index.describeColorAspects not found
02-06 22:14:56.301   584 23085 E imgvideo-omx: IMG_OMD_GetExtensionIndex FAILED: Index Not Found.
02-06 22:14:56.301   584 23085 W imgvideo-omx: Extension index OMX.google.android.index.describeHDRStaticInfo not found
02-06 22:14:56.301   584 23085 E imgvideo-omx: IMG_OMD_GetExtensionIndex FAILED: Index Not Found.
02-06 22:14:56.301   584 23085 E imgvideo-omx: IMG_OMD_SetConfig FAILED: Unsupported paramter structure.
02-06 22:14:56.301   584 23085 E OMXNodeInstance: setConfig(2480065:IMG.MSVDX.Decoder.AVC, ConfigPriority(0x6f800002)) ERROR: UnsupportedIndex(0x8000101a)
02-06 22:14:56.301   584 23085 I ACodec  : codec does not support config priority (err -1010)
02-06 22:14:56.301   584 23085 E imgvideo-omx: IMG_OMD_SetConfig FAILED: Unsupported paramter structure.
02-06 22:14:56.301   584 23085 E OMXNodeInstance: setConfig(2480065:IMG.MSVDX.Decoder.AVC, ConfigOperatingRate(0x6f800003)) ERROR: UnsupportedIndex(0x8000101a)
02-06 22:14:56.301   584 23085 I ACodec  : codec does not support config operating rate (err -1010)
02-06 22:14:56.303   584 23088 I MediaCodec: MediaCodec will operate in async mode
02-06 22:14:56.305   584 23084 I MediaCodec: MediaCodec will operate in async mode
02-06 22:14:56.305   584 23090 W SimpleSoftOMXComponent: onChangeState mState= 1, mTargetState = 1, state = 2
02-06 22:14:56.305   584 23090 W SimpleSoftOMXComponent: checkTransitions port is not populate
02-06 22:14:56.306   584 23088 W SimpleSoftOMXComponent: checkTransitions port is not populate
02-06 22:14:56.306   584 23088 W SimpleSoftOMXComponent: checkTransitions mState = 1, mTargetState = 2
02-06 22:14:56.307   584 23090 W SimpleSoftOMXComponent: onChangeState mState= 2, mTargetState = 2, state = 3
02-06 22:14:56.307   584 23090 W SimpleSoftOMXComponent: checkTransitions mState = 2, mTargetState = 3
02-06 22:14:56.308   584 23090 I SoftAAC2: Reconfiguring decoder: 0->44100 Hz, 0->1 channels
02-06 22:14:56.312   584 23087 I Utils   : vstride = -309782336,vsliceHeight = 49139
02-06 22:14:56.313   671   671 I APM_AudioPolicyManager: getOutput() device 2, stream 3, samplingRate 0, format 0, channelMask 3, flags 0
02-06 22:14:56.313   671   671 I APM_AudioPolicyManager: getOutputForDevice() returns output 13
02-06 22:14:56.313   671  1203 I APM_AudioPolicyManager: getOutput() device 2, stream 3, samplingRate 0, format 0, channelMask 3, flags 0
02-06 22:14:56.313   671  1203 I APM_AudioPolicyManager: getOutputForDevice() returns output 13
02-06 22:14:56.314   671   848 I APM_AudioPolicyManager: getOutput() device 2, stream 3, samplingRate 44100, format 1, channelMask 1, flags 0
02-06 22:14:56.314   671   848 I APM_AudioPolicyManager: getOutputForDevice() returns output 13
02-06 22:14:56.314   671   848 I APM_AudioPolicyManager: getOutputForAttr() returns output 13 stream 3
02-06 22:14:56.314   671  1202 I hash_map_utils: key: 'mode' value: ''
02-06 22:14:56.315   671  1202 I AudioMixer: NumTracks(0)
02-06 22:14:56.315   671  1202 I AudioMixer: Pid:671 add track (0)
02-06 22:14:56.318   671   848 I APM_AudioPolicyManager: startOutput() output 13, stream 3, session 673
02-06 22:14:56.318   671   848 I APM_AudioPolicyManager: getNewOutputDevice() selected device 2
02-06 22:14:56.318   671   848 I APM_AudioPolicyManager: setOutputDevice() device 0x0002 delayMs 0 force 1
02-06 22:14:56.318   671   848 I APM_AudioPolicyManager: setOutputDevice() changing to device 0x0002 , muteWaitMs 0
02-06 22:14:56.320   671   840 I soundtrigger_msg: sound_trigger_set_parameters:set_parameters string![srs_cfg:trumedia_enable=1]
02-06 22:14:56.320  1517  1601 I chatty  : uid=1000(system) core expire 15 lines
02-06 22:14:56.320   671   848 I APM_AudioPolicyManager: setOutputDevice() createAudioPatch returned 0 patchHandle 292 num_sources 1 num_sinks 1
02-06 22:14:56.320   671   848 I APM_AudioPolicyManager: checkOutputForStrategy() getDeviceForStrategy strategy=3 newDevice=2 oldDevice=2
02-06 22:14:56.322   671   840 I audio_hw_primary: start_output_stream++: out_type = 0, out_device = 0
02-06 22:14:56.324   584 23086 I imgvideo-omx: VDECUtil_AddPortBuf Allocating shadow buffer port index 0
02-06 22:14:56.326  1268  1268 I SlideTouchEvent: Sliding distance is too short, can not trigger the lazy mode
02-06 22:14:56.328   671   840 I audio_hw_primary: select_devices++ mode[0]
02-06 22:14:56.328   671   840 I audio_hw_primary: output_device_id is 2, output_route is media-speaker;input_source_id is 0, input_route is null.
02-06 22:14:56.329   671   840 I dsp_common: dsp_common_control_algo:set device = 2
02-06 22:14:56.329   671   840 I dsp_maxim_ctl: get_smartpa_sence:device = 0x2
02-06 22:14:56.329   671   840 I dsp_maxim_ctl: maxim_get_prop: get codec_name succ, codec_name = hi6402
02-06 22:14:56.329   671   840 I dsp_maxim_ctl: maxim_get_prop: get multi mic function enable succ, multi_mic_enable = 0
02-06 22:14:56.329   584 23086 I imgvideo-omx: VDECUtil_AddPortBuf Allocating shadow buffer port index 0
02-06 22:14:56.336   584 23086 I imgvideo-omx: VDECUtil_AddPortBuf Allocating shadow buffer port index 0
02-06 22:14:56.341   584 23086 I imgvideo-omx: VDECUtil_AddPortBuf Allocating shadow buffer port index 0
02-06 22:14:56.349   584 23093 I imgvideo-vdecapi: [SID=0x05000001] VDECDD_EVENT_STREAM_STOPPED
02-06 22:14:56.349   584 23086 I imgvideo-omx: VDEC_STOPSTATUS_CLOSED_GOP
02-06 22:14:56.349   584 23086 I imgvideo-omx: VDEC_STOPSTATUS_RECONFIGURE
02-06 22:14:56.349   584 23086 I imgvideo-omx: vdecutil_CheckPictBufConfig returned PSC = TRUE 
02-06 22:14:56.349   584 23086 I imgvideo-omx: Port Enabled: 1
02-06 22:14:56.349   584 23093 I imgvideo-vdecapi: [SID=0x05000001] VDECDD_EVENT_STREAM_FLUSHED
02-06 22:14:56.350   584 23086 I imgvideo-omx: PSC: Framerate (Q16) :1E0000, Height :480, Width :480, Stride :512, SliceHeight: 480 BitRate: 0
02-06 22:14:56.350   584 23086 I imgvideo-omx: Left :0  Top :0 Width :480 Height :480
02-06 22:14:56.378   671   840 I audio_pop: pop change S4 OL SWITCH SWITCH dir 1
02-06 22:14:56.379   671   840 I audio_pop: pop change S4 OR SWITCH SWITCH dir 1
02-06 22:14:56.380   671   840 I audio_pop: pop change SP IL SWITCH SWITCH dir 1
02-06 22:14:56.380   671   840 I audio_pop: pop change SP IR SWITCH SWITCH dir 1
02-06 22:14:56.380   671   840 I dsp_common: dsp_common_control_algo:set device = 2
02-06 22:14:56.380   671   840 I dsp_maxim_ctl: get_smartpa_sence:device = 0x2
02-06 22:14:56.380   671   840 I dsp_maxim_ctl: maxim_get_prop: get codec_name succ, codec_name = hi6402
02-06 22:14:56.380   671   840 I dsp_maxim_ctl: maxim_get_prop: get multi mic function enable succ, multi_mic_enable = 0
02-06 22:14:56.380   671   840 I dsp_maxim_ctl: maxim_control_algo : product_name = EVA
02-06 22:14:56.385   671   840 I dsp_codec_ctl: codec_adsp_send_sync_cmd:ioctl ret=0
02-06 22:14:56.385   671   840 I dsp_maxim_ctl: smartpa_control succ with value:1
02-06 22:14:56.386   671   840 I MAX98925_SPK: set  MAX98925 SINGLE SPK POWER ON
02-06 22:14:56.386   671   840 I MAX98925_SPK: MAX98925 SPK POWER ON
02-06 22:14:56.386   671   840 I audio_hw_primary: select_devices--
02-06 22:14:56.386   671   840 I audio_hw_primary: start_output_stream--
02-06 22:14:56.402   584 23074 I Utils   : vstride = -336051904,vsliceHeight = -336051856
02-06 22:14:56.402   584 23082 I NuPlayerRenderer: possible video time jump of 0ms or uninitialized media clock, retrying in 100ms
02-06 22:14:56.403 22831 22983 W MediaPlayer: info/warning (3, 0)
02-06 22:14:56.427  1029  2160 I chatty  : uid=1000(system) Binder:1029_C expire 12 lines
02-06 22:14:56.427  2181  2344 I amsnl   : csr
02-06 22:14:56.428  2181  2344 I amsnl   : t:false, fl: false, p: 2147483647000, ce: true, we: true
02-06 22:14:56.430  2181  2344 I amsnl   : m1: false
02-06 22:14:56.432  2181  2344 I amsnl   : m2: false, m3: false
02-06 22:14:56.433  2181  2344 I amsnl   : c: true, w: false, t: false, l: false
02-06 22:14:56.802 22831 22831 I MediaPlayer: [HSM] stayAwake false uid: 10194, pid: 22831
02-06 22:14:56.803  1029 25718 I chatty  : uid=1000(system) Binder:1029_19 expire 4 lines
02-06 22:14:56.804 22831 22831 I MediaPlayer: [HSM] stayAwake false uid: 10194, pid: 22831
02-06 22:14:56.804  1029 12176 I chatty  : uid=1000(system) Binder:1029_16 expire 21 lines
02-06 22:14:56.805   584 23093 I imgvideo-vdecapi: [SID=0x05000001] VDECDD_EVENT_STREAM_STOPPED
02-06 22:14:56.806   584 23086 I img_omd_vdec_task: ==============flush==========
02-06 22:14:56.806   584 23086 I img_omd_vdec_task: ==============flush==========
02-06 22:14:56.806   584 23086 I imgvideo-omx: MISSING_STOP_FLAG
02-06 22:14:56.806   584 23090 W SimpleSoftOMXComponent: onChangeState mState= 3, mTargetState = 3, state = 2
02-06 22:14:56.806   584 23090 W SimpleSoftOMXComponent: onChangeState mState= 2, mTargetState = 2, state = 1
02-06 22:14:56.806   584 23090 W SimpleSoftOMXComponent: checkTransitions port buf count is not zero
02-06 22:14:56.806   584 23088 W SimpleSoftOMXComponent: checkTransitions port buf count is not zero
02-06 22:14:56.806   584 23093 I imgvideo-vdecapi: [SID=0x05000001] VDECDD_EVENT_STREAM_STOPPED
02-06 22:14:56.806   584 23088 W SimpleSoftOMXComponent: checkTransitions port buf count is not zero
02-06 22:14:56.806   584 23088 W SimpleSoftOMXComponent: checkTransitions port buf count is not zero
02-06 22:14:56.806   584 23088 W SimpleSoftOMXComponent: checkTransitions port buf count is not zero
02-06 22:14:56.806   584 23088 W SimpleSoftOMXComponent: checkTransitions port buf count is not zero
02-06 22:14:56.806   584 23086 I imgvideo-omx: #Total number of Frames Decoded: 15
02-06 22:14:56.806   584 23088 W SimpleSoftOMXComponent: checkTransitions port buf count is not zero
02-06 22:14:56.806   584 23088 W SimpleSoftOMXComponent: checkTransitions port buf count is not zero
02-06 22:14:56.806   584 23088 W SimpleSoftOMXComponent: checkTransitions mState = 2, mTargetState = 1
02-06 22:14:56.808   671   840 I AudioTrackShared: server obtain null buf part1:0 rear:41454 front:41454 mFrameCount:22050
02-06 22:14:56.808   671   840 I AudioMixer: mShoudEliminatePop
02-06 22:14:56.825   584 23085 I imgvideo-omx: Destroying VdecTask eb9b57f0
02-06 22:14:56.825   584 23086 I imgvideo-omx: Exiting VDECTask
02-06 22:14:56.826   584 23085 I imgvideo-omx: IMG_OMD_ComponentDeInit Done.
02-06 22:14:56.830   584 23074 I NuPlayerRenderer: mNumDropFramesTotal = 0, mNumVideoFramesTotal = 11, dropFrameRate = 0.00%
02-06 22:14:56.833 22831 22831 I MediaPlayer: [HSM] stayAwake false uid: 10194, pid: 22831
02-06 22:14:56.834  1029  1475 I chatty  : uid=1000(system) Binder:1029_5 expire 13 lines
02-06 22:14:56.834 22831 22831 I MediaPlayer: Pid:22831 MediaPlayer destructor
02-06 22:14:56.868   671   840 I AudioMixer: Pid:671 deleteTrackName(0)
02-06 22:14:56.879   671   686 I APM_AudioPolicyManager: stopOutput() output 13, stream 3, session 673
02-06 22:14:56.879   671   686 I APM_AudioPolicyManager: getNewOutputDevice() selected device 0
02-06 22:14:56.879   671   686 I APM_AudioPolicyManager: setOutputDevice() device 0x0000 delayMs 80 force 0
02-06 22:14:56.879   671   686 I APM_AudioPolicyManager: setOutputDevice() setting same device 0x0000 or null device
02-06 22:14:56.879   671   686 I APM_AudioPolicyManager: checkOutputForStrategy() getDeviceForStrategy strategy=3 newDevice=2 oldDevice=2
02-06 22:14:57.586 22831 22880 I ReactNativeJS: 'Video press', 1517926497586
02-06 22:14:57.664 22831 22831 W MediaPlayer: setScreenOnWhilePlaying(true) is ineffective without a SurfaceHolder
02-06 22:14:57.664 22831 22831 I MediaPlayer: [HSM] stayAwake false uid: 10194, pid: 22831
02-06 22:14:57.666 22831 22831 I MediaPlayer: [HSM] stayAwake false uid: 10194, pid: 22831
02-06 22:14:57.666 22831 22831 I MediaPlayer: setDataSource(http://qiubai-video.qiushibaike.com/A14EXG7JQ53PYURP.mp4)
02-06 22:14:57.667   584  1450 I MediaPlayerService: setDataSource(http://qiubai-video.qiushibaike.com/A14EXG7JQ53PYURP.mp4)
02-06 22:14:57.697 22831 22880 I ReactNativeJS: 'video starting', NaN
02-06 22:14:57.704 22831 22831 I MediaPlayer: [HSM] stayAwake false uid: 10194, pid: 22831
02-06 22:14:57.705  1029  1040 I chatty  : uid=1000(system) Binder:1029_2 expire 3 lines
02-06 22:14:57.706   584 23098 E AMRExtractor: read header failed!
02-06 22:14:57.706   584 23098 E AMRExtractor: the datasource size = 564459
02-06 22:14:57.707 22831 22844 W System.err: java.lang.NullPointerException: Attempt to invoke virtual method 'java.lang.String java.net.URL.toString()' on a null object reference
02-06 22:14:57.707 22831 22844 W System.err: 	at android.media.MediaHTTPConnection.getUri(MediaHTTPConnection.java:425)
02-06 22:14:57.707 22831 22844 W System.err: 	at android.media.IMediaHTTPConnection$Stub.onTransact(IMediaHTTPConnection.java:96)
02-06 22:14:57.707 22831 22844 W System.err: 	at android.os.Binder.execTransact(Binder.java:565)
02-06 22:14:57.707   584 23099 I NuCachedSource2: caching reached eos.
02-06 22:14:57.707   584 23097 W AMessage: failed to post message as target looper for handler 0 is gone.
02-06 22:14:57.708 22831 22831 I MediaPlayer: [HSM] stayAwake false uid: 10194, pid: 22831
02-06 22:14:57.709 22831 22831 I MediaPlayer: setDataSource(http://qiubai-video.qiushibaike.com/A14EXG7JQ53PYURP.mp4)
02-06 22:14:57.709   584  1478 I MediaPlayerService: setDataSource(http://qiubai-video.qiushibaike.com/A14EXG7JQ53PYURP.mp4)
02-06 22:14:57.712 22831 22880 I ReactNativeJS: 'video starting', NaN
02-06 22:14:57.717   584 23098 W MediaExtractor: creating media extractor in calling process
02-06 22:14:57.718   584 23098 I MediaExtractor: extractor created in uid: 1013 (media)
02-06 22:14:57.718 22831 22984 W System.err: java.lang.NullPointerException: Attempt to invoke virtual method 'java.lang.String java.net.URL.toString()' on a null object reference
02-06 22:14:57.718 22831 22984 W System.err: 	at android.media.MediaHTTPConnection.getUri(MediaHTTPConnection.java:425)
02-06 22:14:57.718 22831 22984 W System.err: 	at android.media.IMediaHTTPConnection$Stub.onTransact(IMediaHTTPConnection.java:96)
02-06 22:14:57.718 22831 22984 W System.err: 	at android.os.Binder.execTransact(Binder.java:565)
02-06 22:14:57.721 22831 22831 W MediaPlayer: setScreenOnWhilePlaying(true) is ineffective for Surface
02-06 22:14:57.795   584 23098 I FFMPEGExtractor: in setVideoMeta MIME = video/avc
02-06 22:14:57.795   584 23098 I FFMPEGExtractor: MIME: video/avc,codec->codec_id = 28
02-06 22:14:57.795   584 23098 I FFMPEGExtractorUtils: Video:
02-06 22:14:57.795   584 23098 I FFMPEGExtractorUtils: {
02-06 22:14:57.795   584 23098 I FFMPEGExtractorUtils:     kKeyMIMEType        = [video/avc]
02-06 22:14:57.796   584 23098 I FFMPEGExtractorUtils:     kKeyDuration        = [00:00:09.40]
02-06 22:14:57.796   584 23098 I FFMPEGExtractorUtils:     kKeyBitRate         = [468830 bps]
02-06 22:14:57.796   584 23098 I FFMPEGExtractorUtils:     kKeyWidth           = [480]
02-06 22:14:57.796   584 23098 I FFMPEGExtractorUtils:     kKeyHeight          = [480]
02-06 22:14:57.796   584 23098 I FFMPEGExtractorUtils: }
02-06 22:14:57.796   584 23098 I FFMPEGExtractor: Unknown MIME,try using ffmpegaudiodecorder to decode
02-06 22:14:57.796   584 23098 I FFMPEGExtractorUtils: Audio:
02-06 22:14:57.796   584 23098 I FFMPEGExtractorUtils: {
02-06 22:14:57.796   584 23098 I FFMPEGExtractorUtils:     kKeyMIMEType        = [audio/ffmpeg]
02-06 22:14:57.796   584 23098 I FFMPEGExtractorUtils:     kKeyDuration        = [00:00:09.07]
02-06 22:14:57.796   584 23098 I FFMPEGExtractorUtils:     kKeyBitRate         = [2082 bps]
02-06 22:14:57.796   584 23098 I FFMPEGExtractorUtils:     kKeyChannelCount    = [1]
02-06 22:14:57.796   584 23098 I FFMPEGExtractorUtils:     kKeySampleRate      = [44100 hz]
02-06 22:14:57.796   584 23098 I FFMPEGExtractorUtils: }
02-06 22:14:57.796   584 23098 I Utils   : vstride = 0,vsliceHeight = -302952177
02-06 22:14:57.796   584 23098 W AMessage: failed to post message as target looper for handler 0 is gone.
02-06 22:14:57.796   584 23098 W AMessage: failed to post message as target looper for handler 0 is gone.
02-06 22:14:57.796   584 23098 W AMessage: failed to post message as target looper for handler 0 is gone.
02-06 22:14:57.796   584 23098 W AMessage: failed to post message as target looper for handler 0 is gone.
02-06 22:14:57.812   584 23101 W MediaExtractor: creating media extractor in calling process
02-06 22:14:57.812   584 23101 I MediaExtractor: extractor created in uid: 1013 (media)
02-06 22:14:57.812   584 23101 I SampleTable: There are reordered frames present.
02-06 22:14:57.813   584 23101 I MediaExtractor: extractor created in uid: 1013 (media)
02-06 22:14:57.813   584 23101 I SampleTable: There are reordered frames present.
02-06 22:14:57.813   584 23101 I Utils   : vstride = -370150100,vsliceHeight = -296392063
02-06 22:14:57.936   584 23104 I NuCachedSource2: caching reached eos.
02-06 22:14:58.235   584 23077 I NuCachedSource2: retrying a previously failed read succeeded.
02-06 22:14:58.261   584 23072 W MediaExtractor: creating media extractor in calling process
02-06 22:14:58.261   584 23072 I MediaExtractor: extractor created in uid: 1013 (media)
02-06 22:14:58.262   584 23072 I SampleTable: There are reordered frames present.
02-06 22:14:58.262   584 23072 I MediaExtractor: extractor created in uid: 1013 (media)
02-06 22:14:58.262   584 23072 I SampleTable: There are reordered frames present.
02-06 22:14:58.263   584 23072 I Utils   : vstride = -363498196,vsliceHeight = -296392063
02-06 22:14:58.263   584 23072 W AMessage: failed to post message as target looper for handler 0 is gone.
02-06 22:14:58.263   584 23072 W AMessage: failed to post message as target looper for handler 0 is gone.
02-06 22:14:58.263   584 23072 W AMessage: failed to post message as target looper for handler 0 is gone.
02-06 22:14:58.826 22831 22831 I MediaPlayer: [HSM] stayAwake true uid: 10194, pid: 22831
02-06 22:14:58.826  1029  2371 I chatty  : uid=1000(system) Binder:1029_14 expire 2 lines
02-06 22:14:58.826 22831 22880 I ReactNativeJS: 'video loaded', 1114
02-06 22:14:58.827 22831 22831 I MediaPlayer: Pid:22831 MediaPlayer::start
02-06 22:14:58.828   584 23100 I Utils   : vstride = 1852404852,vsliceHeight = 741353575
02-06 22:14:58.829   671   671 I hash_map_utils: key: 'mode' value: ''
02-06 22:14:58.829   584 23100 I GenericSource: start
02-06 22:14:58.833   584 23100 I Utils   : vstride = 1767269750,vsliceHeight = 1030710628
02-06 22:14:58.834   584 23100 I Utils   : vstride = 0,vsliceHeight = 1
02-06 22:14:58.835   671  1202 I hash_map_utils: key: 'mode' value: ''
02-06 22:14:58.838   584 23115 I MediaPlayerService: MediaPlayerService::getOMX
02-06 22:14:58.838   584 23115 I OMXMaster: makeComponentInstance(OMX.IMG.MSVDX.Decoder.AVC) in mediaserver process
02-06 22:14:58.838   584 23115 I imgvideo-omx: Created VdecTask e957f990
02-06 22:14:58.838   584 23115 I imgvideo-omx: IMG_OMD_ComponentInit Done.
02-06 22:14:58.839   584 23115 I ACodec  : In onAllocateComponent create compenent, codec name: OMX.IMG.MSVDX.Decoder.AVC
02-06 22:14:58.839   584 23114 I MediaPlayerService: MediaPlayerService::getOMX
02-06 22:14:58.839   584 23114 I OMXMaster: makeComponentInstance(OMX.google.aac.decoder) in mediaserver process
02-06 22:14:58.841   584 23112 I MediaCodec: [OMX.IMG.MSVDX.Decoder.AVC] setting surface generation to 598043
02-06 22:14:58.841   584 23114 I ACodec  : In onAllocateComponent create compenent, codec name: OMX.google.aac.decoder
02-06 22:14:58.843   584 23115 W imgvideo-omx: Extension index OMX.google.android.index.storeANWBufferInMetadata not found
02-06 22:14:58.843   584 23115 E imgvideo-omx: IMG_OMD_GetExtensionIndex FAILED: Index Not Found.
02-06 22:14:58.843   584 23115 I HwExtendedCodec: mime is [video/avc] at setVideoFormat
02-06 22:14:58.843   584 23114 E OMXNodeInstance: setConfig(2480068:google.aac.decoder, ConfigPriority(0x6f800002)) ERROR: Undefined(0x80001001)
02-06 22:14:58.843   584 23115 I         : framerate = 30  
02-06 22:14:58.843   584 23114 I ACodec  : codec does not support config priority (err -2147483648)
02-06 22:14:58.843   584 23115 I img_omd_vdec_task: >>>>>>>psPortDef->nPortIndex = 0 xFramerate = 30
02-06 22:14:58.843   584 23115 I img_omd_vdec_task: mFrameRate = 30
02-06 22:14:58.843   584 23115 W imgvideo-omx: Extension index OMX.google.android.index.describeColorAspects not found
02-06 22:14:58.843   584 23115 E imgvideo-omx: IMG_OMD_GetExtensionIndex FAILED: Index Not Found.
02-06 22:14:58.843   584 23115 W imgvideo-omx: Extension index OMX.google.android.index.describeHDRStaticInfo not found
02-06 22:14:58.843   584 23115 E imgvideo-omx: IMG_OMD_GetExtensionIndex FAILED: Index Not Found.
02-06 22:14:58.843   584 23115 E imgvideo-omx: IMG_OMD_SetConfig FAILED: Unsupported paramter structure.
02-06 22:14:58.843   584 23115 E OMXNodeInstance: setConfig(2480067:IMG.MSVDX.Decoder.AVC, ConfigPriority(0x6f800002)) ERROR: UnsupportedIndex(0x8000101a)
02-06 22:14:58.843   584 23115 I ACodec  : codec does not support config priority (err -1010)
02-06 22:14:58.843   584 23115 E imgvideo-omx: IMG_OMD_SetConfig FAILED: Unsupported paramter structure.
02-06 22:14:58.843   584 23115 E OMXNodeInstance: setConfig(2480067:IMG.MSVDX.Decoder.AVC, ConfigOperatingRate(0x6f800003)) ERROR: UnsupportedIndex(0x8000101a)
02-06 22:14:58.843   584 23115 I ACodec  : codec does not support config operating rate (err -1010)
02-06 22:14:58.846   584 23114 I MediaCodec: MediaCodec will operate in async mode
02-06 22:14:58.847   584 23112 I MediaCodec: MediaCodec will operate in async mode
02-06 22:14:58.847   584 23118 W SimpleSoftOMXComponent: onChangeState mState= 1, mTargetState = 1, state = 2
02-06 22:14:58.847   584 23118 W SimpleSoftOMXComponent: checkTransitions port is not populate
02-06 22:14:58.847   584 23114 W SimpleSoftOMXComponent: checkTransitions port is not populate
02-06 22:14:58.848   584 23114 W SimpleSoftOMXComponent: checkTransitions mState = 1, mTargetState = 2
02-06 22:14:58.848   584 23118 W SimpleSoftOMXComponent: onChangeState mState= 2, mTargetState = 2, state = 3
02-06 22:14:58.848   584 23118 W SimpleSoftOMXComponent: checkTransitions mState = 2, mTargetState = 3
02-06 22:14:58.850   584 23118 I SoftAAC2: Reconfiguring decoder: 0->44100 Hz, 0->1 channels
02-06 22:14:58.853   584 23113 I Utils   : vstride = -309782336,vsliceHeight = 49139
02-06 22:14:58.854   671   848 I APM_AudioPolicyManager: getOutput() device 2, stream 3, samplingRate 0, format 0, channelMask 3, flags 0
02-06 22:14:58.854   671   848 I APM_AudioPolicyManager: getOutputForDevice() returns output 13
02-06 22:14:58.855   671  1203 I APM_AudioPolicyManager: getOutput() device 2, stream 3, samplingRate 0, format 0, channelMask 3, flags 0
02-06 22:14:58.855   671  1203 I APM_AudioPolicyManager: getOutputForDevice() returns output 13
02-06 22:14:58.855   671   671 I APM_AudioPolicyManager: getOutput() device 2, stream 3, samplingRate 44100, format 1, channelMask 1, flags 0
02-06 22:14:58.855   671   671 I APM_AudioPolicyManager: getOutputForDevice() returns output 13
02-06 22:14:58.855   671   671 I APM_AudioPolicyManager: getOutputForAttr() returns output 13 stream 3
02-06 22:14:58.856   671  1202 I hash_map_utils: key: 'mode' value: ''
02-06 22:14:58.857   671  1202 I AudioMixer: NumTracks(0)
02-06 22:14:58.857   671  1202 I AudioMixer: Pid:671 add track (0)
02-06 22:14:58.859   671   671 I APM_AudioPolicyManager: startOutput() output 13, stream 3, session 681
02-06 22:14:58.860   671   671 I APM_AudioPolicyManager: getNewOutputDevice() selected device 2
02-06 22:14:58.860   671   671 I APM_AudioPolicyManager: setOutputDevice() device 0x0002 delayMs 0 force 1
02-06 22:14:58.860   671   671 I APM_AudioPolicyManager: setOutputDevice() changing to device 0x0002 , muteWaitMs 0
02-06 22:14:58.865   584 23116 I imgvideo-omx: VDECUtil_AddPortBuf Allocating shadow buffer port index 0
02-06 22:14:58.869   671   840 I soundtrigger_msg: sound_trigger_set_parameters:set_parameters string![srs_cfg:trumedia_enable=1]
02-06 22:14:58.869   671   840 I audio_hw_primary: select_devices++ mode[0]
02-06 22:14:58.869   671   840 I audio_hw_primary: select_devices--
02-06 22:14:58.869   671   671 I APM_AudioPolicyManager: setOutputDevice() createAudioPatch returned 0 patchHandle 300 num_sources 1 num_sinks 1
02-06 22:14:58.869   671   671 I APM_AudioPolicyManager: checkOutputForStrategy() getDeviceForStrategy strategy=3 newDevice=2 oldDevice=2
02-06 22:14:58.870   584 23116 I imgvideo-omx: VDECUtil_AddPortBuf Allocating shadow buffer port index 0
02-06 22:14:58.875   584 23116 I imgvideo-omx: VDECUtil_AddPortBuf Allocating shadow buffer port index 0
02-06 22:14:58.880   584 23116 I imgvideo-omx: VDECUtil_AddPortBuf Allocating shadow buffer port index 0
02-06 22:14:58.885   420  4432 I chatty  : uid=1000(system) Binder:420_5 expire 13 lines
02-06 22:14:58.888   584 23121 I imgvideo-vdecapi: [SID=0x05000001] VDECDD_EVENT_STREAM_STOPPED
02-06 22:14:58.888   584 23116 I imgvideo-omx: VDEC_STOPSTATUS_CLOSED_GOP
02-06 22:14:58.888   584 23116 I imgvideo-omx: VDEC_STOPSTATUS_RECONFIGURE
02-06 22:14:58.888   584 23116 I imgvideo-omx: vdecutil_CheckPictBufConfig returned PSC = TRUE 
02-06 22:14:58.888   584 23116 I imgvideo-omx: Port Enabled: 1
02-06 22:14:58.888   584 23121 I imgvideo-vdecapi: [SID=0x05000001] VDECDD_EVENT_STREAM_FLUSHED
02-06 22:14:58.888   584 23116 I imgvideo-omx: PSC: Framerate (Q16) :1E0000, Height :480, Width :480, Stride :512, SliceHeight: 480 BitRate: 0
02-06 22:14:58.888   584 23116 I imgvideo-omx: Left :0  Top :0 Width :480 Height :480
02-06 22:14:58.953   584 23100 I Utils   : vstride = -336053440,vsliceHeight = -336053392
02-06 22:14:58.953   584 23110 I NuPlayerRenderer: possible video time jump of 0ms or uninitialized media clock, retrying in 100ms
02-06 22:14:58.954 22831 22983 W MediaPlayer: info/warning (3, 0)
02-06 22:15:00.038  1268  1268 I EventCenter: EventCenter Get :android.intent.action.TIME_TICK
02-06 22:15:00.045  1268  1268 W ResourceType: Failure getting entry for 0xffffffff (t=254 e=65535) (error -2147483647)
02-06 22:15:00.046  1268  1268 E DateLunarView: mDateString is: 2月6日星期二
02-06 22:15:00.055  1268  1268 W ResourceType: Failure getting entry for 0xffffffff (t=254 e=65535) (error -2147483647)
02-06 22:15:00.056  1268  1268 E DateLunarView: mDateString is: 2月6日星期二
02-06 22:15:00.078  2226  2226 I HwLauncher: Model  onReceive intent=Intent { act=android.intent.action.TIME_TICK flg=0x50000014 (has extras) }
02-06 22:15:00.078  2226  2226 I HwLauncher: Model  onReceive user=UserHandle{0}
02-06 22:15:00.100  2226  2226 I TotemWeather: WeatherDataObserver info:receive action = #Intent;action=android.intent.action.TIME_TICK;launchFlags=0x50000014;i.android.intent.extra.ALARM_COUNT=1;end
02-06 22:15:00.135 24990 25031 I Step_LSC: 80001313|processHandleBroadcastAction action:android.intent.action.TIME_TICK
02-06 22:15:00.156  2226  2226 I TotemWeather: DateTimeView info:,Time =10:15,[:] timezone=中国标准时间
02-06 22:15:00.161  2226  2226 I TotemWeather: DateTimeView info:updateNextData nextTime: 60840
02-06 22:15:00.161  2226  2226 I TotemWeather: DateTimeView info:onTimeChanged
02-06 22:15:00.162  2226  2226 I TotemWeather: DateTimeView info:updateNextData nextTime: 0
02-06 22:15:00.162  2226  2226 I TotemWeather: DateTimeView info:onTimeChanged
02-06 22:15:00.162  2226  2226 I TotemWeather: DateTimeView info:updateNextData nextTime: 0
02-06 22:15:00.166  2226  2226 I TotemWeather: DateTimeView info:,Time =10:15,[:] timezone=中国标准时间
02-06 22:15:00.169  2226  2226 I TotemWeather: DateTimeView info:updateNextData nextTime: 60831
02-06 22:15:00.684 22831 22831 I MediaPlayer: [HSM] stayAwake false uid: 10194, pid: 22831
02-06 22:15:00.685 22831 22831 I MediaPlayer: [HSM] stayAwake false uid: 10194, pid: 22831
02-06 22:15:00.685  1029 20206 I chatty  : uid=1000(system) Binder:1029_17 expire 4 lines
02-06 22:15:00.687   584 23121 I imgvideo-vdecapi: [SID=0x05000001] VDECDD_EVENT_STREAM_STOPPED
02-06 22:15:00.687   584 23116 I img_omd_vdec_task: ==============flush==========
02-06 22:15:00.687   584 23118 W SimpleSoftOMXComponent: onChangeState mState= 3, mTargetState = 3, state = 2
02-06 22:15:00.687   584 23118 W SimpleSoftOMXComponent: onChangeState mState= 2, mTargetState = 2, state = 1
02-06 22:15:00.687   584 23116 I img_omd_vdec_task: ==============flush==========
02-06 22:15:00.687   584 23118 W SimpleSoftOMXComponent: checkTransitions port buf count is not zero
02-06 22:15:00.687   584 23116 I imgvideo-omx: MISSING_STOP_FLAG
02-06 22:15:00.687   584 23114 W SimpleSoftOMXComponent: checkTransitions port buf count is not zero
02-06 22:15:00.687   584 23114 W SimpleSoftOMXComponent: checkTransitions port buf count is not zero
02-06 22:15:00.687   584 23114 W SimpleSoftOMXComponent: checkTransitions port buf count is not zero
02-06 22:15:00.687   584 23114 W SimpleSoftOMXComponent: checkTransitions mState = 2, mTargetState = 1
02-06 22:15:00.687   584 23121 I imgvideo-vdecapi: [SID=0x05000001] VDECDD_EVENT_STREAM_STOPPED
02-06 22:15:00.688   584 23116 I imgvideo-omx: #Total number of Frames Decoded: 55
02-06 22:15:00.688   671   840 I AudioTrackShared: server obtain null buf part1:0 rear:100548 front:100548 mFrameCount:22050
02-06 22:15:00.688   671   840 I AudioMixer: mShoudEliminatePop
02-06 22:15:00.707   584 23116 I imgvideo-omx: Exiting VDECTask
02-06 22:15:00.707   584 23115 I imgvideo-omx: Destroying VdecTask e957f990
02-06 22:15:00.707   584 23115 I imgvideo-omx: IMG_OMD_ComponentDeInit Done.
02-06 22:15:00.711   584 23100 I NuPlayerRenderer: mNumDropFramesTotal = 0, mNumVideoFramesTotal = 52, dropFrameRate = 0.00%
02-06 22:15:00.713 22831 22831 I MediaPlayer: [HSM] stayAwake false uid: 10194, pid: 22831
02-06 22:15:00.713  1029  2165 I chatty  : uid=1000(system) Binder:1029_10 expire 3 lines
02-06 22:15:00.714 22831 22831 I MediaPlayer: Pid:22831 MediaPlayer destructor
02-06 22:15:00.748   671   840 I AudioMixer: Pid:671 deleteTrackName(0)
02-06 22:15:00.758   671   686 I APM_AudioPolicyManager: stopOutput() output 13, stream 3, session 681
02-06 22:15:00.758   671   686 I APM_AudioPolicyManager: getNewOutputDevice() selected device 0
02-06 22:15:00.759   671   686 I APM_AudioPolicyManager: setOutputDevice() device 0x0000 delayMs 80 force 0
02-06 22:15:00.759   671   686 I APM_AudioPolicyManager: setOutputDevice() setting same device 0x0000 or null device
02-06 22:15:00.759   671   686 I APM_AudioPolicyManager: checkOutputForStrategy() getDeviceForStrategy strategy=3 newDevice=2 oldDevice=2
02-06 22:15:01.571  2181  2344 I amsnl   : csr
02-06 22:15:01.573  2181  2344 I amsnl   : t:false, fl: false, p: 2147483647000, ce: true, we: true
02-06 22:15:01.580  2181  2344 I amsnl   : m1: false
02-06 22:15:01.589  2181  2344 I amsnl   : m2: false, m3: false
02-06 22:15:01.590  2181  2344 I amsnl   : c: true, w: false, t: false, l: false
02-06 22:15:02.687  1268  1268 W StatusBarWindowManager: Apply window Height 72
02-06 22:15:02.688  2226  2226 I HwIntelligent3_HiBoardHwIntelligentManager: onReceive: action: android.intent.action.CLOSE_SYSTEM_DIALOGS
02-06 22:15:02.690  1268  1268 I PanelBar: panelExpansionChanged 0.0, false
02-06 22:15:02.691  1268  1268 I PanelBar: panelExpansionChanged 0.0, false
02-06 22:15:02.739  2226  2226 I HwLauncher: Launcher  onNewIntent mIsToUninstallApp = false,mIsLoading = false
02-06 22:15:02.740  2226  2226 I HwLauncher: Launcher  onNewIntent alreadyOnHome = false, touchActive = false
