02-06 22:13:13.924 22731 22731 E XmlParser: parse File:/vendor/etc/HwFrameworkNormalization.xml failed
02-06 22:13:13.924 22731 22731 I libEGL  : egl_cache_t() !XML_VALUE_GETCORRECT NAME_MAXTOTLESIZE
02-06 22:13:13.924 22731 22731 I libEGL  : egl_cache_t() maxKeySize:1024  maxTotalSize:65536
02-06 22:13:13.928 22731 22731 I appproc : CLASSPATH=/system/framework/am.jar
02-06 22:13:13.928 22731 22731 I appproc : Command=app_process /system/bin com.android.commands.am.Am get-config 
02-06 22:13:13.931 22731 22731 I AndroidRuntime: readDownloadBoosterConfig: 'false'
02-06 22:13:13.968 22731 22731 I art     : Reinit property: dalvik.vm.checkjni= false
02-06 22:13:13.977 22731 22731 I HWSERVICES: hwnative_get_component_register:libdrmbitmap,JNI
02-06 22:13:13.980 22731 22731 I Radio-JNI: register_android_hardware_Radio DONE
02-06 22:13:13.982 22731 22731 I android_hardware_fm.cpp: register_android_hardware_fm_fmradio
02-06 22:13:13.982 22731 22731 I android_hardware_fm.cpp: ========64bit long size = 8
02-06 22:13:13.982 22731 22731 I android_hardware_fm.cpp: FM: get chip type = bcm43xx
02-06 22:13:13.983 22731 22731 E fm_if.c : find the id:fm and begins to open the devices
02-06 22:13:13.983 22731 22731 I android_hardware_fm.cpp: register_android_hardware_fm_fmradio, ret is 0
02-06 22:13:14.273 22741 22741 E XmlParser: open file:/vendor/etc/HwFrameworkNormalization.xml filed in parseXml
02-06 22:13:14.273 22741 22741 E XmlParser: parse File:/vendor/etc/HwFrameworkNormalization.xml failed
02-06 22:13:14.273 22741 22741 I libEGL  : egl_cache_t() !XML_VALUE_GETCORRECT NAME_MAXKEYSIZE
02-06 22:13:14.273 22741 22741 E XmlParser: open file:/vendor/etc/HwFrameworkNormalization.xml filed in parseXml
02-06 22:13:14.273 22741 22741 E XmlParser: parse File:/vendor/etc/HwFrameworkNormalization.xml failed
02-06 22:13:14.273 22741 22741 I libEGL  : egl_cache_t() !XML_VALUE_GETCORRECT NAME_MAXTOTLESIZE
02-06 22:13:14.273 22741 22741 I libEGL  : egl_cache_t() maxKeySize:1024  maxTotalSize:65536
02-06 22:13:14.277 22741 22741 I appproc : CLASSPATH=/system/framework/pm.jar
02-06 22:13:14.277 22741 22741 I appproc : Command=app_process /system/bin com.android.commands.pm.Pm install-create -r -S 8007480 
02-06 22:13:14.279 22741 22741 I AndroidRuntime: readDownloadBoosterConfig: 'false'
02-06 22:13:14.316 22741 22741 I art     : Reinit property: dalvik.vm.checkjni= false
02-06 22:13:14.324 22741 22741 I HWSERVICES: hwnative_get_component_register:libdrmbitmap,JNI
02-06 22:13:14.326 22741 22741 I Radio-JNI: register_android_hardware_Radio DONE
02-06 22:13:14.328 22741 22741 I android_hardware_fm.cpp: register_android_hardware_fm_fmradio
02-06 22:13:14.328 22741 22741 I android_hardware_fm.cpp: ========64bit long size = 8
02-06 22:13:14.328 22741 22741 I android_hardware_fm.cpp: FM: get chip type = bcm43xx
02-06 22:13:14.329 22741 22741 E fm_if.c : find the id:fm and begins to open the devices
02-06 22:13:14.329 22741 22741 I android_hardware_fm.cpp: register_android_hardware_fm_fmradio, ret is 0
02-06 22:13:14.344 22741 22741 I art     : System.exit called, status: 0
02-06 22:13:14.344 22741 22741 I AndroidRuntime: VM exiting with result code 0.
02-06 22:13:14.601 22752 22752 E XmlParser: open file:/vendor/etc/HwFrameworkNormalization.xml filed in parseXml
02-06 22:13:14.601 22752 22752 E XmlParser: parse File:/vendor/etc/HwFrameworkNormalization.xml failed
02-06 22:13:14.601 22752 22752 I libEGL  : egl_cache_t() !XML_VALUE_GETCORRECT NAME_MAXKEYSIZE
02-06 22:13:14.601 22752 22752 E XmlParser: open file:/vendor/etc/HwFrameworkNormalization.xml filed in parseXml
02-06 22:13:14.601 22752 22752 E XmlParser: parse File:/vendor/etc/HwFrameworkNormalization.xml failed
02-06 22:13:14.601 22752 22752 I libEGL  : egl_cache_t() !XML_VALUE_GETCORRECT NAME_MAXTOTLESIZE
02-06 22:13:14.601 22752 22752 I libEGL  : egl_cache_t() maxKeySize:1024  maxTotalSize:65536
02-06 22:13:14.605 22752 22752 I appproc : CLASSPATH=/system/framework/pm.jar
02-06 22:13:14.605 22752 22752 I appproc : Command=app_process /system/bin com.android.commands.pm.Pm install-write -S 8007480 1250479757 0_app-debug - 
02-06 22:13:14.607 22752 22752 I AndroidRuntime: readDownloadBoosterConfig: 'false'
02-06 22:13:14.645 22752 22752 I art     : Reinit property: dalvik.vm.checkjni= false
02-06 22:13:14.654 22752 22752 I HWSERVICES: hwnative_get_component_register:libdrmbitmap,JNI
02-06 22:13:14.657 22752 22752 I Radio-JNI: register_android_hardware_Radio DONE
02-06 22:13:14.659 22752 22752 I android_hardware_fm.cpp: register_android_hardware_fm_fmradio
02-06 22:13:14.659 22752 22752 I android_hardware_fm.cpp: ========64bit long size = 8
02-06 22:13:14.659 22752 22752 I android_hardware_fm.cpp: FM: get chip type = bcm43xx
02-06 22:13:14.660 22752 22752 E fm_if.c : find the id:fm and begins to open the devices
02-06 22:13:14.660 22752 22752 I android_hardware_fm.cpp: register_android_hardware_fm_fmradio, ret is 0
02-06 22:13:14.674   580   580 I         : free_cache(8007480) avail 45654614016
02-06 22:13:14.924  2181  2344 I amsnl   : csr
02-06 22:13:14.925  2181  2344 I amsnl   : t:false, fl: false, p: 2147483647000, ce: true, we: true
02-06 22:13:14.927  2181  2344 I amsnl   : m1: false
02-06 22:13:14.929  2181  2344 I amsnl   : m2: false, m3: false
02-06 22:13:14.929  2181  2344 I amsnl   : c: true, w: false, t: false, l: false
02-06 22:13:15.613 22752 22752 I art     : System.exit called, status: 0
02-06 22:13:15.613 22752 22752 I AndroidRuntime: VM exiting with result code 0.
02-06 22:13:15.964 22765 22765 E XmlParser: open file:/vendor/etc/HwFrameworkNormalization.xml filed in parseXml
02-06 22:13:15.964 22765 22765 E XmlParser: parse File:/vendor/etc/HwFrameworkNormalization.xml failed
02-06 22:13:15.964 22765 22765 I libEGL  : egl_cache_t() !XML_VALUE_GETCORRECT NAME_MAXKEYSIZE
02-06 22:13:15.964 22765 22765 E XmlParser: open file:/vendor/etc/HwFrameworkNormalization.xml filed in parseXml
02-06 22:13:15.964 22765 22765 E XmlParser: parse File:/vendor/etc/HwFrameworkNormalization.xml failed
02-06 22:13:15.964 22765 22765 I libEGL  : egl_cache_t() !XML_VALUE_GETCORRECT NAME_MAXTOTLESIZE
02-06 22:13:15.964 22765 22765 I libEGL  : egl_cache_t() maxKeySize:1024  maxTotalSize:65536
02-06 22:13:15.968 22765 22765 I appproc : CLASSPATH=/system/framework/pm.jar
02-06 22:13:15.968 22765 22765 I appproc : Command=app_process /system/bin com.android.commands.pm.Pm install-commit 1250479757 
02-06 22:13:15.970 22765 22765 I AndroidRuntime: readDownloadBoosterConfig: 'false'
02-06 22:13:16.008 22765 22765 I art     : Reinit property: dalvik.vm.checkjni= false
02-06 22:13:16.016 22765 22765 I HWSERVICES: hwnative_get_component_register:libdrmbitmap,JNI
02-06 22:13:16.019 22765 22765 I Radio-JNI: register_android_hardware_Radio DONE
02-06 22:13:16.020 22765 22765 I android_hardware_fm.cpp: register_android_hardware_fm_fmradio
02-06 22:13:16.020 22765 22765 I android_hardware_fm.cpp: ========64bit long size = 8
02-06 22:13:16.020 22765 22765 I android_hardware_fm.cpp: FM: get chip type = bcm43xx
02-06 22:13:16.021 22765 22765 E fm_if.c : find the id:fm and begins to open the devices
02-06 22:13:16.021 22765 22765 I android_hardware_fm.cpp: register_android_hardware_fm_fmradio, ret is 0
02-06 22:13:16.060   591  2309 E iMonitor: [M/listen_server] dsm_stat_mm has error (924003001) reported
02-06 22:13:16.060   591  2309 E iMonitor: [M/listen_server] action-0, cname-dsm_stat_mm, info-0
02-06 22:13:16.060   591  2309 E iMonitor: [M/dsm_dump_error] dsm_stat_mm finish dump 49 bytes
02-06 22:13:16.067   591  2309 E iMonitor: [M/listen_server] Enter select
02-06 22:13:16.086   591  2309 E iMonitor: [M/listen_server] dsm_stat_mm has error (924003001) reported
02-06 22:13:16.086   591  2309 E iMonitor: [M/listen_server] action-0, cname-dsm_stat_mm, info-0
02-06 22:13:16.086   591  2309 E iMonitor: [M/dsm_dump_error] dsm_stat_mm finish dump 49 bytes
02-06 22:13:16.091   591  2309 E iMonitor: [M/listen_server] Enter select
02-06 22:13:16.104   591  2309 E iMonitor: [M/listen_server] dsm_stat_mm has error (924003001) reported
02-06 22:13:16.104   591  2309 E iMonitor: [M/listen_server] action-0, cname-dsm_stat_mm, info-0
02-06 22:13:16.104   591  2309 E iMonitor: [M/dsm_dump_error] dsm_stat_mm finish dump 49 bytes
02-06 22:13:16.109   591  2309 E iMonitor: [M/listen_server] Enter select
02-06 22:13:16.119   591  2309 E iMonitor: [M/listen_server] dsm_stat_mm has error (924003001) reported
02-06 22:13:16.119   591  2309 E iMonitor: [M/listen_server] action-0, cname-dsm_stat_mm, info-0
02-06 22:13:16.119   591  2309 E iMonitor: [M/dsm_dump_error] dsm_stat_mm finish dump 49 bytes
02-06 22:13:16.125   591  2309 E iMonitor: [M/listen_server] Enter select
02-06 22:13:16.132   591  2309 E iMonitor: [M/listen_server] dsm_stat_mm has error (924003001) reported
02-06 22:13:16.133   591  2309 E iMonitor: [M/listen_server] action-0, cname-dsm_stat_mm, info-0
02-06 22:13:16.133   591  2309 E iMonitor: [M/dsm_dump_error] dsm_stat_mm finish dump 49 bytes
02-06 22:13:16.138   591  2309 E iMonitor: [M/listen_server] Enter select
02-06 22:13:16.147   591  2309 E iMonitor: [M/listen_server] dsm_stat_mm has error (924003001) reported
02-06 22:13:16.147   591  2309 E iMonitor: [M/listen_server] action-0, cname-dsm_stat_mm, info-0
02-06 22:13:16.147   591  2309 E iMonitor: [M/dsm_dump_error] dsm_stat_mm finish dump 49 bytes
02-06 22:13:16.153   591  2309 E iMonitor: [M/listen_server] Enter select
02-06 22:13:16.167   591  2309 E iMonitor: [M/listen_server] dsm_stat_mm has error (924003001) reported
02-06 22:13:16.167   591  2309 E iMonitor: [M/listen_server] action-0, cname-dsm_stat_mm, info-0
02-06 22:13:16.167   591  2309 E iMonitor: [M/dsm_dump_error] dsm_stat_mm finish dump 49 bytes
02-06 22:13:16.173   591  2309 E iMonitor: [M/listen_server] Enter select
02-06 22:13:16.182   591  2309 E iMonitor: [M/listen_server] dsm_stat_mm has error (924003001) reported
02-06 22:13:16.182   591  2309 E iMonitor: [M/listen_server] action-0, cname-dsm_stat_mm, info-0
02-06 22:13:16.182   591  2309 E iMonitor: [M/dsm_dump_error] dsm_stat_mm finish dump 49 bytes
02-06 22:13:16.188   591  2309 E iMonitor: [M/listen_server] Enter select
02-06 22:13:16.190   591  2309 E iMonitor: [M/listen_server] dsm_stat_mm has error (924003001) reported
02-06 22:13:16.190   591  2309 E iMonitor: [M/listen_server] action-0, cname-dsm_stat_mm, info-0
02-06 22:13:16.190   591  2309 E iMonitor: [M/dsm_dump_error] dsm_stat_mm finish dump 49 bytes
02-06 22:13:16.195   591  2309 E iMonitor: [M/listen_server] Enter select
02-06 22:13:16.330  1029  1067 I chatty  : uid=1000(system) PackageManager expire 23 lines
02-06 22:13:16.373 22776 22776 I dex2oat : /system/bin/dex2oat --compiler-filter=interpret-only -j4 --debuggable
02-06 22:13:16.725 22776 22776 W dex2oat : Before Android 4.1, method int android.support.v7.internal.widget.ListViewCompat.lookForSelectablePosition(int, boolean) would have incorrectly overridden the package-private method in android.widget.ListView
02-06 22:13:17.005 22776 22776 I dex2oat : dex2oat took 632.778ms (threads: 4) arena alloc=5KB (6128B) java alloc=4MB (4252248B) native alloc=5MB (6215344B) free=2MB (2697552B)
02-06 22:13:17.235  1517  1601 I chatty  : uid=1000(system) core expire 8 lines
02-06 22:13:17.257  1029  1164 I chatty  : uid=1000(system) InputDispatcher expire 2 lines
02-06 22:13:17.410  1029  1043 I chatty  : uid=1000(system) ActivityManager expire 1 line
02-06 22:13:17.456  2226  2226 I HwLauncher: Launcher onStart()
02-06 22:13:17.456  2226  2226 I HwLauncher: Launcher dynamicIconsRegister
02-06 22:13:17.456  2226  2226 I HwLauncher: DynamicUpdater registerReceiver
02-06 22:13:17.457  2051  2801 W Ptm.AbnormalObserver: unhandled mesg: 4005
02-06 22:13:17.457  1029 20206 I chatty  : uid=1000(system) Binder:1029_17 expire 3 lines
02-06 22:13:17.458  2226  2226 I HwLauncher: DynamicUpdater call updateFolder
02-06 22:13:17.458  2226  2226 I HwLauncher: DynamicIcon onResume  isvisible = false   mAttachedToWindow:true    mWindowVisible:falsecom.android.calendar
02-06 22:13:17.458  2226  2226 I HwLauncher: DynamicUpdater registerReceiver
02-06 22:13:17.459  2226  2226 I HwLauncher: DynamicUpdater call updateFolder
02-06 22:13:17.459  2226  2375 I HwLauncher: WeatherDynamicUpdater positiveUpdate at WeatherDynamicUpdater
02-06 22:13:17.459  2226  2226 I HwLauncher: DynamicIcon onResume  isvisible = true   mAttachedToWindow:false    mWindowVisible:falsecom.huawei.android.totemweather
02-06 22:13:17.459  2226  2226 I HwLauncher: DynamicUpdater registerReceiver
02-06 22:13:17.464  2226  2226 I HwLauncher: DynamicUpdater call updateFolder
02-06 22:13:17.464  2226  2226 I HwLauncher: DynamicIcon onResume  isvisible = false   mAttachedToWindow:true    mWindowVisible:falsecom.android.deskclock
02-06 22:13:17.464  2226  2226 I HwLauncher: Launcher  Launcher.onStart() cost 8 ms
02-06 22:13:17.464  2226  2226 I HwLauncher: Launcher onResume()
02-06 22:13:17.464 10965 10988 I TotemWeather: Utils info:launcherIntent for weather DynamicIcon
02-06 22:13:17.464 10965 10988 I TotemWeather: Utils info:getWidgetShowCityInfo return myLocation
02-06 22:13:17.464  2226  2226 I HwLauncher: Launcher doResumeWork()
02-06 22:13:17.466  2226  2226 I HwLauncher: Launcher  onResume mIsToUninstallApp = false
02-06 22:13:17.466  2226  2226 I HwLauncher: Launcher  Launcher hot start cost 10 ms
02-06 22:13:17.470 10965 10988 I SendBroadcastPermission: action:com.huawei.android.action.launcher_weather_icon_change, mPermissionType:0
02-06 22:13:17.472 10965 22786 I TotemWeather: WeatherService info:processIntent action =com.huawei.android.action.NOTIFY_STATE
02-06 22:13:17.472 10965 22786 I TotemWeather: DeviceStateListener info:onTaskStateChanged->taskType:1, taskState:1
02-06 22:13:17.472 10965 22786 I TotemWeather: DeviceStateListener info:checkWeatherInfoTimeOut: weather update in half an hour,return
02-06 22:13:17.472  2226  2375 E HwLauncher: SettingsEx , no such field.
02-06 22:13:17.472  2226  2375 W HwLauncher: Clock getDataFormat the getSystemString failed.
02-06 22:13:17.473  2226  2527 I TotemWeather: WeatherDataManager info:queryCityTaskImpl: my location is enable locateCity = Yangpu District
02-06 22:13:17.473  2226  2527 I TotemWeather: WeatherDataManager info:my location is same as home city
02-06 22:13:17.473  2226  2375 I HwLauncher: ClockDynamicUpdater clock update folder at ClockDynamicUpdater
02-06 22:13:17.473  2226  2375 I HwLauncher: DynamicUpdater updateBitmap end and send update message
02-06 22:13:17.473  2226  2226 I TotemWeather: DateTimeView info:updateNextData nextTime: 0
02-06 22:13:17.485  2226  2226 I HwLauncher: DynamicUpdater call updateFolder
02-06 22:13:17.488  2226  2226 I TotemWeather: DateTimeView info:,Time =10:13,[:] timezone=中国标准时间
02-06 22:13:17.493  1268  1268 I PhoneStatusBarPolicy: updateBluetooth:::setBluetoothBatteryEnable false.
02-06 22:13:17.493  1268  1268 I PhoneStatusBarPolicy: updateBluetooth::bluetoothEnabled:false, bluetoothConnected=false, bluetoothTransfering=false
02-06 22:13:17.496  2226  2226 I TotemWeather: DateTimeView info:updateNextData nextTime: 43504
02-06 22:13:17.497  2226  2226 I HwLauncher: WeatherDynamicUpdater receive action = com.huawei.android.action.launcher_weather_icon_change
02-06 22:13:17.497  2226  2375 I HwLauncher: WeatherDynamicUpdater receiver data is int[] = [0, 0, 128, 256, 128, 256] ; stringArray[] = [sunny, num0, tempc] ; dynamic_gravity = center
02-06 22:13:17.497  2226  2375 I HwLauncher: WeatherDynamicUpdater update before : mDrawingData[0] = sunny:0, 0, 0
02-06 22:13:17.500  2226  2375 I HwLauncher: WeatherDynamicUpdater update before : mDrawingData[1] = num0:128, 256, 0
02-06 22:13:17.500  2226  2375 I HwLauncher: WeatherDynamicUpdater update before : mDrawingData[2] = tempc:128, 256, 0
02-06 22:13:17.500  2226  2375 I HwLauncher: WeatherDynamicUpdater  picNames.length not equal tmpMapList.size(), so no need to updatePreData... ; picNames.length = 3 , tmpMapList.size() = 1
02-06 22:13:17.502 25101 25101 I SendBroadcastPermission: action:com.baidu.input.entry.launcer, mPermissionType:0
02-06 22:13:17.523  2226  2226 I TotemWeather: WidgetDataManager info:getLightColorType : 3
02-06 22:13:17.524  2226  2226 I TotemWeather: DateTimeView info:updateNextData nextTime: 0
02-06 22:13:17.526  2226  2226 I TotemWeather: DateTimeView info:updateNextData nextTime: 0
02-06 22:13:17.541  2226  2226 I TotemWeather: DateTimeView info:,Time =10:13,[:] timezone=中国标准时间
02-06 22:13:17.543  2226  2226 I TotemWeather: DateTimeView info:updateNextData nextTime: 43458
02-06 22:13:17.552   580   580 E         : Couldn't opendir /data/app/vmdl1250479757.tmp: No such file or directory
02-06 22:13:17.553  1621  1621 E HwSystemManager: HandleInstalledPackageInfoService:second action: pkgData is null
02-06 22:13:17.554 22765 22765 I art     : System.exit called, status: 0
02-06 22:13:17.554 22765 22765 I AndroidRuntime: VM exiting with result code 0.
02-06 22:13:17.563  2226  2226 I HwLauncher: LauncherDownloadModel onReceive intent=Intent { act=android.intent.action.PACKAGE_REMOVED dat=package:com.apptest flg=0x4000010 (has extras) }
02-06 22:13:17.563  2226  2226 I HwLauncher: SimpleLauncherModeaction= android.intent.action.PACKAGE_REMOVEDpackageName = com.apptest
02-06 22:13:17.563  4048  4048 I PushLog2824: [main-1]action is android.intent.action.PACKAGE_REMOVED(android/null:-1)
02-06 22:13:17.563  1268  1268 I EventCenter: EventCenter Get :android.intent.action.PACKAGE_REMOVED
02-06 22:13:17.576 18140 18188 W ResourceType: For resource 0x7f021089, entry index(4233) is beyond type entryCount(562)
02-06 22:13:17.576 18140 18188 W ResourceType: Failure getting entry for 0x7f021089 (t=1 e=4233) (error -75)
02-06 22:13:17.576 18140 18188 W ResourceType: For resource 0x7f021088, entry index(4232) is beyond type entryCount(562)
02-06 22:13:17.576 18140 18188 W ResourceType: Failure getting entry for 0x7f021088 (t=1 e=4232) (error -75)
02-06 22:13:17.580 32352 32352 I SendBroadcastPermission: action:com.huawei.appmarket.service.downloadservice.Receiver, mPermissionType:0
02-06 22:13:17.584  4048  4048 W PackageManager: STAHP USING HIDDEN APIS KTHX
02-06 22:13:17.586  1268  1268 I EventCenter: EventCenter Get :android.intent.action.PACKAGE_ADDED
02-06 22:13:17.586  2226  2226 I HwLauncher: LauncherDownloadModel onReceive intent=Intent { act=android.intent.action.PACKAGE_ADDED dat=package:com.apptest flg=0x4000010 (has extras) }
02-06 22:13:17.586  2226  2226 I HwLauncher: SimpleLauncherModeaction= android.intent.action.PACKAGE_ADDEDpackageName = com.apptest
02-06 22:13:17.586  2226  2226 I HwLauncher: LauncherDownloadModel onReceive intent=Intent { act=com.huawei.appmarket.service.downloadservice.Receiver flg=0x10 }
02-06 22:13:17.586  2226  2226 W HwLauncher: get getBundleExtra with downloadtask all return null!
02-06 22:13:17.586  4048  4048 I PushLog2824: [main-1]enter ctrlSockets(cmd:1 param:3)(android/null:-1)
02-06 22:13:17.587  2226  2381 I HwLauncher: SimpleLauncherModemAllAppsList.updatePackage com.apptest
02-06 22:13:17.588  2226  2381 I HwLauncher: SimpleAllAppsList  updatePackage : package[com.apptest] matched activity's size is 1 and data List size is 0
02-06 22:13:17.591  2226  2381 I HwLauncher: Launcher.LauncherProvider  queried count: 0
02-06 22:13:17.592  2226  2381 I HwLauncher: SimpleAllAppsList  findAndUpdateInfoInDB : found 0 shortcutInfo for package[com.apptest] in db
02-06 22:13:17.592  2226  2381 I HwLauncher: SimpleAllAppsList  updatePackage do not add new SimpleApplicationInfo,It's in normal now. package = com.apptest
02-06 22:13:17.592  2226  2381 W HwLauncher: SimpleLauncherModeNobody to tell about the new app.  Launcher is probably loading.
02-06 22:13:17.592 18140 18188 W ResourceType: For resource 0x7f020f28, entry index(3880) is beyond type entryCount(562)
02-06 22:13:17.592 18140 18188 W ResourceType: Failure getting entry for 0x7f020f28 (t=1 e=3880) (error -75)
02-06 22:13:17.593 18140 18188 W ResourceType: For resource 0x7f020f28, entry index(3880) is beyond type entryCount(562)
02-06 22:13:17.593 18140 18188 W ResourceType: Failure getting entry for 0x7f020f28 (t=1 e=3880) (error -75)
02-06 22:13:17.593 18140 18188 W ResourceType: For resource 0x7f020f28, entry index(3880) is beyond type entryCount(562)
02-06 22:13:17.593 18140 18188 W ResourceType: Failure getting entry for 0x7f020f28 (t=1 e=3880) (error -75)
02-06 22:13:17.593  4048  4048 W PackageManager: STAHP USING HIDDEN APIS KTHX
02-06 22:13:17.594  4048  4048 I PushLog2824: [main-1]broadcast(),and mReceivers  4(android/null:-1)
02-06 22:13:17.598 18140 18188 W ResourceType: For resource 0x7f021089, entry index(4233) is beyond type entryCount(562)
02-06 22:13:17.598 18140 18188 W ResourceType: Failure getting entry for 0x7f021089 (t=1 e=4233) (error -75)
02-06 22:13:17.598  4048  4048 I PushLog2824: [main-1]action is android.intent.action.PACKAGE_ADDED(android/null:-1)
02-06 22:13:17.598 18140 18188 W ResourceType: For resource 0x7f021088, entry index(4232) is beyond type entryCount(562)
02-06 22:13:17.598 18140 18188 W ResourceType: Failure getting entry for 0x7f021088 (t=1 e=4232) (error -75)
02-06 22:13:17.603 18140 18188 W ResourceType: For resource 0x7f020f28, entry index(3880) is beyond type entryCount(562)
02-06 22:13:17.603 18140 18188 W ResourceType: Failure getting entry for 0x7f020f28 (t=1 e=3880) (error -75)
02-06 22:13:17.603 18140 18188 W ResourceType: For resource 0x7f020f28, entry index(3880) is beyond type entryCount(562)
02-06 22:13:17.603 18140 18188 W ResourceType: Failure getting entry for 0x7f020f28 (t=1 e=3880) (error -75)
02-06 22:13:17.603 18140 18188 W ResourceType: For resource 0x7f020f28, entry index(3880) is beyond type entryCount(562)
02-06 22:13:17.603 18140 18188 W ResourceType: Failure getting entry for 0x7f020f28 (t=1 e=3880) (error -75)
02-06 22:13:17.606  4048  4048 W PackageManager: STAHP USING HIDDEN APIS KTHX
02-06 22:13:17.607  4048  4048 I PushLog2824: [main-1]enter ctrlSockets(cmd:1 param:3)(android/null:-1)
02-06 22:13:17.609 32352 32352 I SendBroadcastPermission: action:com.huawei.appmarket.service.downloadservice.Receiver, mPermissionType:0
02-06 22:13:17.612 32352 32391 E HiApp.DBHandler: pool-5-thread-1{501} <<< ERROR >>> delete ex:
02-06 22:13:17.612 32352 32391 E HiApp.DBHandler: java.lang.IllegalStateException: attempt to re-open an already-closed object: SQLiteDatabase: /data/user/0/com.huawei.appmarket/databases/app.db
02-06 22:13:17.612 32352 32391 E HiApp.DBHandler: 	at android.database.sqlite.SQLiteClosable.acquireReference(SQLiteClosable.java:55)
02-06 22:13:17.612 32352 32391 E HiApp.DBHandler: 	at android.database.sqlite.SQLiteDatabase.delete(SQLiteDatabase.java:1755)
02-06 22:13:17.612 32352 32391 E HiApp.DBHandler: 	at o.sn.ˎ(:9278)
02-06 22:13:17.612 32352 32391 E HiApp.DBHandler: 	at o.aga$b.doInBackground(:3044)
02-06 22:13:17.612 32352 32391 E HiApp.DBHandler: 	at android.os.AsyncTask$2.call(AsyncTask.java:316)
02-06 22:13:17.612 32352 32391 E HiApp.DBHandler: 	at java.util.concurrent.FutureTask.run(FutureTask.java:237)
02-06 22:13:17.612 32352 32391 E HiApp.DBHandler: 	at java.util.concurrent.ThreadPoolExecutor.runWorker(ThreadPoolExecutor.java:1133)
02-06 22:13:17.612 32352 32391 E HiApp.DBHandler: 	at java.util.concurrent.ThreadPoolExecutor$Worker.run(ThreadPoolExecutor.java:607)
02-06 22:13:17.612 32352 32391 E HiApp.DBHandler: 	at java.lang.Thread.run(Thread.java:776)
02-06 22:13:17.619  4048  4048 W PackageManager: STAHP USING HIDDEN APIS KTHX
02-06 22:13:17.622  4048  4048 I PushLog2824: [main-1]broadcast(),and mReceivers  4(android/null:-1)
02-06 22:13:17.624  2226  2226 I HwLauncher: LauncherDownloadModel onReceive intent=Intent { act=com.huawei.appmarket.service.downloadservice.Receiver flg=0x10 }
02-06 22:13:17.624  2226  2226 W HwLauncher: get getBundleExtra with downloadtask all return null!
02-06 22:13:17.625 32352 32352 I SendBroadcastPermission: action:com.huawei.appmarket.service.downloadservice.Receiver, mPermissionType:0
02-06 22:13:17.632  1621  1773 E HwSystemManager: StartupProviderHelper:querySingleNormalStartupInfo got invalid result for package:com.apptest
02-06 22:13:17.634  2226  2226 I HwLauncher: LauncherDownloadModel onReceive intent=Intent { act=com.huawei.appmarket.service.downloadservice.Receiver flg=0x10 }
02-06 22:13:17.634  2226  2226 W HwLauncher: get getBundleExtra with downloadtask all return null!
02-06 22:13:17.664 18191 18191 I PushLogAC2818: [main-1]action is android.intent.action.PACKAGE_REMOVED(pushagent/null:-1)
02-06 22:13:17.667 32352 32352 I SendBroadcastPermission: action:com.huawei.appmarket.service.downloadservice.Receiver, mPermissionType:0
02-06 22:13:17.667 18191 18205 I PushLogAC2818: [Thread-3-808]votedPackage from file:android(pushagent/null:-1)
02-06 22:13:17.673  2226  2226 I HwLauncher: LauncherDownloadModel onReceive intent=Intent { act=com.huawei.appmarket.service.downloadservice.Receiver flg=0x10 }
02-06 22:13:17.673  2226  2226 W HwLauncher: get getBundleExtra with downloadtask all return null!
02-06 22:13:17.683 18207 18207 I PushLogSC2609: [main-1]action is android.intent.action.PACKAGE_REMOVED(remoteassistant/null:-1)
02-06 22:13:17.686 18207 18223 I PushLogSC2609: [Thread-3-924]framework push exist, use framework push first(remoteassistant/null:-1)
02-06 22:13:17.688  1338  1338 I AppUninstallReceiver: replaced = true dataRemoved = false
02-06 22:13:17.734  1029  1042 I chatty  : uid=1000(system) android.bg expire 6 lines
02-06 22:13:17.756  1621  1621 E HwSystemManager: AppCleanUpService:msg is 1
02-06 22:13:17.768  2226  2226 I HwLauncher: Model onPackageChanged packageName = com.apptest user = UserHandle{0}
02-06 22:13:17.769  2226  2226 I HwLauncher: MutilSelectedIcons onPreHandleUpdatedTask : mIsInMutilSelectMode = false task = 2 packages = [com.apptest] hasHandleInvisiblePanel = false
02-06 22:13:17.769  2226  2226 I HwLauncher: Model  enqueuePackageUpdated post task
02-06 22:13:17.769  2226  2226 I HwLauncher: PowerSaveLauncherModel onPackageChanged packageName = com.apptest user = UserHandle{0}
02-06 22:13:17.769  2226  2226 E HwLauncher: PowerSaveLauncherModel onPackageChanged:  not inPowerSaveLauncher 
02-06 22:13:17.769  2226  2375 I HwLauncher: Model  PackageUpdatedTask Op : 2
02-06 22:13:17.770  2226  2375 I HwLauncher: Model mAllAppsList.updatePackage com.apptest
02-06 22:13:17.770  2226  2375 I HwLauncher: AllIdleAppsList  updatePackage  isCloneApp =  false
02-06 22:13:17.770  2226  2375 I HwLauncher: AllIdleAppsList  updatePackage : package[com.apptest] matched activity's size is 1 and data List size is 72
02-06 22:13:17.781  2226  2375 I HwResourcesImpl: load icon id : 7f030000, pkgName : com.apptest
02-06 22:13:17.782  2226  2375 W CfgFilePolicy: No config file found for:/themes/diff/icons
02-06 22:13:17.782  2226  2375 W CfgFilePolicy: CFG_DIRS length : 9
02-06 22:13:17.782  2226  2375 I HwResourcesImpl: icon : com.apptest found in app
02-06 22:13:17.783 32352 32352 I SendBroadcastPermission: action:com.huawei.appmarket.service.downloadservice.Receiver, mPermissionType:0
02-06 22:13:17.792  2226  2375 I HwLauncher: Launcher.IconCache, cacheLocked  Utilities.createIconBitmap entry.title = appTest ComponentName:ComponentInfo{com.apptest/com.apptest.MainActivity} user:UserHandle{0}
02-06 22:13:17.792  2226  2375 I HwLauncher: Model shortcutInfo.title = ShortcutInfo(title=appTest)ComponentInfo{com.apptest/com.apptest.MainActivity}
02-06 22:13:17.792  2226  2226 I HwLauncher: LauncherDownloadModel onReceive intent=Intent { act=com.huawei.appmarket.service.downloadservice.Receiver flg=0x10 }
02-06 22:13:17.792  2226  2226 W HwLauncher: get getBundleExtra with downloadtask all return null!
02-06 22:13:17.793  2226  2226 I HwLauncher: Workspace updateShortcuts apps.size() 1
02-06 22:13:17.793  2226  2226 I HwLauncher: Launcher.Folder childCount: 8
02-06 22:13:17.793  2226  2226 I HwLauncher: Launcher.Folder childCount: 9
02-06 22:13:17.793  2226  2226 I HwLauncher: Launcher.Folder childCount: 6
02-06 22:13:17.793  2226  2226 I HwLauncher: Launcher.Folder childCount: 9
02-06 22:13:17.793  2226  2226 I HwLauncher: Launcher.Folder childCount: 3
02-06 22:13:17.793  2226  2226 I HwLauncher: Workspace updateShortcuts shortcutInfo = ShortcutInfo(title=appTest)
02-06 22:13:17.795  2226  2226 E HideAppsPagedView:  syncPages mCurrentPage = 0
02-06 22:13:17.800  2226  2226 E HideAppsPagedView:  syncAppsPageItems page = 0 mNumAppsPages = 1 mCurrentPage = 0
02-06 22:13:17.800  2226  2226 E HideAppsPagedView:  createAddIcon count = 0
02-06 22:13:17.807  2226  2226 I HwLauncher: Launcher.Utilities   controlColor == 0
02-06 22:13:17.808  2226  2226 I HwLauncher:  FPSMonitor snapToPage whichPage = 0 delta = 0 duration = 300
02-06 22:13:17.813 18191 18191 I PushLogAC2818: [main-1]action is android.intent.action.PACKAGE_ADDED(pushagent/null:-1)
02-06 22:13:17.818 18191 18191 I PushLogAC2818: [main-1]run push selfshow(pushagent/null:-1)
02-06 22:13:17.825 18191 18205 I PushLogAC2818: [Thread-3-808]votedPackage from file:android(pushagent/null:-1)
02-06 22:13:17.832 18207 18207 I PushLogSC2609: [main-1]action is android.intent.action.PACKAGE_ADDED(remoteassistant/null:-1)
02-06 22:13:17.841 18207 18207 I PushLogSC2609: [main-1]run push selfshow(remoteassistant/null:-1)
02-06 22:13:17.845 18207 18223 I PushLogSC2609: [Thread-3-924]framework push exist, use framework push first(remoteassistant/null:-1)
02-06 22:13:17.849 32352 32715 E ConnectivityManager.CallbackHandler: callback not found for RELEASED message
02-06 22:13:17.877  1850  3494 W HwSystemManager: AppInstallationReceiver:The installed app has already configured. ignore com.apptest
02-06 22:13:17.877  1850  3494 I SendBroadcastPermission: action:PACKAGE_ADDED_OR_REMOVED, mPermissionType:0
02-06 22:13:17.899  1621 22809 W HwSystemManager: TencentAntiVirusEngine:initQScanner: Already initialized ,skip
02-06 22:13:17.900  1850  1990 W HwSystemManager: ProtectAppControl:com.apptest already exist!
02-06 22:13:17.911  1621 22809 W HwSystemManager: PushFileProvider:file does not exist which uri is content://com.huawei.systemmanager.push.provider/HwSystemManager/hsm_virus_pkgs.xml
02-06 22:13:17.911  1621 22809 E HwSystemManager: VirusPkgParser:parse InputStream is null
02-06 22:13:17.912  1621 22809 E TL      : Locale = zh_CN_#Hans
02-06 22:13:17.917  1850  3910 E HwSystemManager: SpaceCleanReceiver:doPkgAdd pi is not valid permission
02-06 22:13:17.917  1621  1621 E HwSystemManager: AppCleanUpService:msg is 0
02-06 22:13:17.967  1850  1850 W HwSystemManager: HsmIntentService:still has some task running, don't stop service.
02-06 22:13:17.997  1850  3495 I SendBroadcastPermission: action:PACKAGE_ADDED_OR_REMOVED, mPermissionType:0
02-06 22:13:18.025   574   574 I chatty  : uid=1000(system) /vendor/bin/thermal-daemon expire 12 lines
02-06 22:13:18.050  2226  2441 W OpenGLRenderer: Incorrectly called buildLayer on View: ShortcutAndWidgetContainer, destroying layer...
02-06 22:13:18.050  2226  2441 W OpenGLRenderer: Incorrectly called buildLayer on View: ShortcutAndWidgetContainer, destroying layer...
02-06 22:13:18.248  1621 22809 I SendBroadcastPermission: action:com.huawei.systemmanager.action.found_virusscan_app, mPermissionType:0
02-06 22:13:20.224  1621  1621 W HwSystemManager: AbsRecordInfo:createRecordFromBundle type provider or service
02-06 22:13:20.284  1029  1231 I chatty  : uid=1000(system) WiFiArpStateMac expire 23 lines
02-06 22:13:20.326  2226  2226 I HwLauncher: WidgetCustomizeContainer all widgets =[AppWidgetProviderInfo(UserHandle{0}/ComponentInfo{cn.wps.moffice_eng/cn.wps.widget.MofficeAppWidgetProvider_4x2}), AppWidgetProviderInfo(UserHandle{0}/ComponentInfo{com.android.calendar/com.android.calendar.widget.CalendarAppWidgetProvider}), AppWidgetProviderInfo(UserHandle{0}/ComponentInfo{com.android.calendar/com.android.calendar.simpleui.CalendarSimpleUiPRovider}), AppWidgetProviderInfo(UserHandle{0}/ComponentInfo{com.android.calendar/com.android.calendar.mycalendar.CalendarAppWidgetProvider}), AppWidgetProviderInfo(UserHandle{0}/ComponentInfo{com.android.deskclock/com.android.alarmclock.DigitalClockAppWidgetProvider}), AppWidgetProviderInfo(UserHandle{0}/ComponentInfo{com.android.deskclock/com.android.alarmclock.AnalogAppWidgetProvider}), AppWidgetProviderInfo(UserHandle{0}/ComponentInfo{com.android.deskclock/com.android.alarmclock.WorldClockAppWidgetProvider}), AppWidgetProviderInfo(UserHandle{0}/ComponentInfo{com.android.email/com.android.email.provider.WidgetProvider}), AppWidgetProviderInfo(UserHandle{0}/ComponentInfo{com.android.gallery3d/com.android.gallery3d.gadget.PhotoAppWidgetProvider}), AppWidgetProviderInfo(UserHandle{0}/ComponentInfo{com.android.mediacenter/com.android.mediacenter.localmusic.MediaAppWidgetProvider}), AppWidgetProviderInfo(UserHandle{0}/ComponentInfo{com.android.settings/com.android.settings.widget.SettingsAppWidgetProvider}), AppWidgetProviderInfo(UserHandle{0}/ComponentInfo{com.example.android.notepad/com.example.android.notepad.widget.NotesWidgetProvider}), AppWidgetProviderInfo(UserHandle{0}/ComponentInfo{com.huawei.android.launcher/com.huawei.android.launcher.widget.OneKeyCleanWidget}), AppWidgetProviderInfo(UserHandle{0}/ComponentInfo{com.huawei.android.totemweather/com.huawei.android.totemweather.widget.WeatherSmallWidgetProvider}), AppWidgetProviderInfo(UserHandle{0}/ComponentInfo{com.huawei.android.totemweather/com.huawei.android.totemweather.widget.WeatherSimpleWidgetProvider}), AppWidgetProviderInfo(UserHandle{0}/ComponentInfo{com.huawei.android.totemweather/com.huawei.android.totemweather.widget.doublecity.DualWidgetWeatherProvider}), AppWidgetProviderInfo(UserHandle{0}/ComponentInfo{com.huawei.android.totemweather/com.huawei.android.totemweather.widget.mulan.MulanWidgetWeatherProvider}), AppWidgetProviderInfo(UserHandle{0}/ComponentInfo{com.huawei.health/com.huawei.health.ui.widget.HealthSportWidget}), AppWidgetProviderInfo(UserHandle{0}/ComponentInfo{com.netease.newsreader.activity/com.netease.nr.biz.widget.WidgetProvider_4_2}), AppWidgetProviderInfo(UserHandle{0}/ComponentInfo{com.netease.newsreader.activity/com.netease.nr.biz.widget.WidgetProvider_4_3}), AppWidgetProviderInfo(UserHandle{0}/ComponentInfo{com.netease.newsreader.activity/com.netease.nr.biz.widget.WidgetProvider_4_1}), AppWidgetProviderInfo(UserHandle{0}/ComponentInfo{com.netease.newsreader.activity/com.netease.nr.biz.widget.WidgetProvider_4_4}), AppWidgetProviderInfo(UserHandle{0}/ComponentInfo{com.sina.weibo/com.sina.weibo.gowidget.GoWidgetProvider}), AppWidgetProviderInfo(UserHandle{0}/ComponentInfo{com.pixplicity.adb/com.pixplicity.adb.widget.AdbWidget1}), AppWidgetProviderInfo(UserHandle{0}/ComponentInfo{com.pixplicity.adb/com.pixplicity.adb.widget.AdbWidget2})]
02-06 22:13:20.935  2181  2344 I amsnl   : csr
02-06 22:13:20.937  2181  2344 I amsnl   : t:false, fl: false, p: 2147483647000, ce: true, we: true
02-06 22:13:20.942  2181  2344 I amsnl   : m1: false
02-06 22:13:20.945  2181  2344 I amsnl   : m2: false, m3: false
02-06 22:13:20.945  2181  2344 I amsnl   : c: true, w: false, t: false, l: false
02-06 22:13:21.275  1268  1268 W KeyguardUpdateMonitor: ACTION_BATTERY_CHANGED AMP: 0; Volt: 0
02-06 22:13:21.277  2128  3507 I VRService: no vr mode
02-06 22:13:21.278 24124 22298 E CloudAlbum[8.0.3.304]: [ReceiverManager] not log on ignore
02-06 22:13:21.280  1268  1268 W KeyguardUpdateMonitor: ChargingSpeed  Wattage: -1 ST: 5000000 --> 7500000
02-06 22:13:21.280  1268  1268 I KgBattery: BatteryInfo updated:  5lPC-1
02-06 22:13:21.280  1268  1268 W AppHandler: sendMessage with obj100
02-06 22:13:21.283  2051  2051 I Ptm.AbnormalObserver: current battery level value: 100
02-06 22:13:21.286  2051  2051 W Ptm.AbnormalObserver: ljs, in checkIsAbnormalHot, Ap_temp = 27
02-06 22:13:21.296  1268  1268 W HwLockScreenPanel: refreshBatteryInfo: null
02-06 22:13:21.296  1268  1268 W HwLockScreenPanel: Handle message: 100
02-06 22:13:21.316  2051  7738 W Ptm.AbnormalObserver: unhandled mesg: 4008
02-06 22:13:26.569 22820 22820 E XmlParser: open file:/vendor/etc/HwFrameworkNormalization.xml filed in parseXml
02-06 22:13:26.569 22820 22820 E XmlParser: parse File:/vendor/etc/HwFrameworkNormalization.xml failed
02-06 22:13:26.569 22820 22820 I libEGL  : egl_cache_t() !XML_VALUE_GETCORRECT NAME_MAXKEYSIZE
02-06 22:13:26.569 22820 22820 E XmlParser: open file:/vendor/etc/HwFrameworkNormalization.xml filed in parseXml
02-06 22:13:26.569 22820 22820 E XmlParser: parse File:/vendor/etc/HwFrameworkNormalization.xml failed
02-06 22:13:26.569 22820 22820 I libEGL  : egl_cache_t() !XML_VALUE_GETCORRECT NAME_MAXTOTLESIZE
02-06 22:13:26.569 22820 22820 I libEGL  : egl_cache_t() maxKeySize:1024  maxTotalSize:65536
02-06 22:13:26.574 22820 22820 I appproc : CLASSPATH=/system/framework/am.jar
02-06 22:13:26.574 22820 22820 I appproc : Command=app_process /system/bin com.android.commands.am.Am start -n com.apptest/com.apptest.MainActivity 
02-06 22:13:26.576 22820 22820 I AndroidRuntime: readDownloadBoosterConfig: 'false'
02-06 22:13:26.614 22820 22820 I art     : Reinit property: dalvik.vm.checkjni= false
02-06 22:13:26.622 22820 22820 I HWSERVICES: hwnative_get_component_register:libdrmbitmap,JNI
02-06 22:13:26.625 22820 22820 I Radio-JNI: register_android_hardware_Radio DONE
02-06 22:13:26.627 22820 22820 I android_hardware_fm.cpp: register_android_hardware_fm_fmradio
02-06 22:13:26.627 22820 22820 I android_hardware_fm.cpp: ========64bit long size = 8
02-06 22:13:26.627 22820 22820 I android_hardware_fm.cpp: FM: get chip type = bcm43xx
02-06 22:13:26.628 22820 22820 E fm_if.c : find the id:fm and begins to open the devices
02-06 22:13:26.628 22820 22820 I android_hardware_fm.cpp: register_android_hardware_fm_fmradio, ret is 0
02-06 22:13:26.649  2226  2226 I HwLauncher: Launcher onPause()
02-06 22:13:26.649  2226 22830 I HwLauncher: Launcher.MotionManager stopMotionAppsReco begin,mFlg = 403
02-06 22:13:26.649  2226 22830 W HwLauncher: Launcher.MotionManager stopMotionAppsReco service flg 403 is unavailable
02-06 22:13:26.651  1029  1052 I chatty  : uid=1000(system) android.display expire 2 lines
02-06 22:13:26.658 22831 22831 I         : power log dlsym ok
02-06 22:13:26.661 22831 22831 I art     : Late-enabling -Xcheck:jni
02-06 22:13:26.661 22831 22831 I art     : Reinit property: dalvik.vm.checkjni= false
02-06 22:13:26.684   420  1259 I chatty  : uid=1000(system) Binder:420_4 expire 12 lines
02-06 22:13:26.693  2051  2801 W Ptm.AbnormalObserver: unhandled mesg: 4005
02-06 22:13:26.704 10965 22847 I TotemWeather: WeatherService info:processIntent action =com.huawei.android.action.NOTIFY_STATE
02-06 22:13:26.704 10965 22847 I TotemWeather: DeviceStateListener info:onTaskStateChanged->taskType:1, taskState:0
02-06 22:13:26.704 22831 22831 W art     : JIT profile information will not be recorded: profile file does not exits.
02-06 22:13:26.728 22831 22831 I HwCust  : Constructor found for class android.app.HwCustActivityImpl
02-06 22:13:26.731 22831 22831 I HwCust  : Constructor found for class android.app.HwCustHwWallpaperManagerImpl
02-06 22:13:26.754  1029  2165 I chatty  : uid=1000(system) Binder:1029_10 expire 2 lines
02-06 22:13:26.771 22831 22861 W unknown:InspectorPackagerConnection: Couldn't connect to packager, will silently retry
02-06 22:13:26.776 22831 22831 I HwPointEventFilter: support AFT
02-06 22:13:26.783 22831 22831 W unknown:ReactNative: Packager connection already open, nooping.
02-06 22:13:26.803 22831 22862 I OpenGLRenderer: Initialized EGL, version 1.4
02-06 22:13:26.807  1268  1268 I PhoneStatusBarPolicy: updateBluetooth:::setBluetoothBatteryEnable false.
02-06 22:13:26.807  1268  1268 I PhoneStatusBarPolicy: updateBluetooth::bluetoothEnabled:false, bluetoothConnected=false, bluetoothTransfering=false
02-06 22:13:26.809 22831 22862 W linker  : /vendor/lib/libhwuibp.so: unused DT entry: type 0xf arg 0xeb5
02-06 22:13:26.828 22831 22831 I HwPointEventFilter: support AFT
02-06 22:13:26.852   420   441 I chatty  : uid=1000(system) Binder:420_2 expire 10 lines
02-06 22:13:26.898   420   420 I chatty  : uid=1000(system) /system/bin/surfaceflinger expire 4 lines
02-06 22:13:26.991  2226  2226 I HwLauncher: Launcher onStop()
02-06 22:13:27.535 22831 22877 I art     : Thread[22,tid=22877,Native,Thread*=0xc919e500,peer=0x12c773a0,"Thread-3"] recursive attempt to load library "/data/app/com.apptest-1/lib/arm/libfb.so"
02-06 22:13:27.541 22831 22877 W unknown:ViewManagerPropertyUpdater: Could not find generated setter for class com.facebook.react.views.art.ARTGroupViewManager
02-06 22:13:27.541 22831 22877 W unknown:ViewManagerPropertyUpdater: Could not find generated setter for class com.facebook.react.views.art.ARTGroupShadowNode
02-06 22:13:27.542 22831 22877 W unknown:ViewManagerPropertyUpdater: Could not find generated setter for class com.facebook.react.views.art.ARTShapeViewManager
02-06 22:13:27.542 22831 22877 W unknown:ViewManagerPropertyUpdater: Could not find generated setter for class com.facebook.react.views.art.ARTShapeShadowNode
02-06 22:13:27.543 22831 22877 W unknown:ViewManagerPropertyUpdater: Could not find generated setter for class com.facebook.react.views.art.ARTTextViewManager
02-06 22:13:27.543 22831 22877 W unknown:ViewManagerPropertyUpdater: Could not find generated setter for class com.facebook.react.views.art.ARTTextShadowNode
02-06 22:13:27.543 22831 22877 W unknown:ViewManagerPropertyUpdater: Could not find generated setter for class com.facebook.react.views.checkbox.ReactCheckBoxManager
02-06 22:13:27.545 22831 22877 W unknown:ViewManagerPropertyUpdater: Could not find generated setter for class com.facebook.react.uimanager.LayoutShadowNode
02-06 22:13:27.547 22831 22877 W unknown:ViewManagerPropertyUpdater: Could not find generated setter for class com.facebook.react.views.picker.ReactDialogPickerManager
02-06 22:13:27.548 22831 22877 W unknown:ViewManagerPropertyUpdater: Could not find generated setter for class com.facebook.react.views.drawer.ReactDrawerLayoutManager
02-06 22:13:27.550 22831 22877 W unknown:ViewManagerPropertyUpdater: Could not find generated setter for class com.facebook.react.views.picker.ReactDropdownPickerManager
02-06 22:13:27.550 22831 22877 W unknown:ViewManagerPropertyUpdater: Could not find generated setter for class com.facebook.react.views.scroll.ReactHorizontalScrollViewManager
02-06 22:13:27.552 22831 22877 W unknown:ViewManagerPropertyUpdater: Could not find generated setter for class com.facebook.react.views.scroll.ReactHorizontalScrollContainerViewManager
02-06 22:13:27.552 22831 22877 W unknown:ViewManagerPropertyUpdater: Could not find generated setter for class com.facebook.react.views.progressbar.ReactProgressBarViewManager
02-06 22:13:27.553 22831 22877 W unknown:ViewManagerPropertyUpdater: Could not find generated setter for class com.facebook.react.views.progressbar.ProgressBarShadowNode
02-06 22:13:27.554 22831 22877 W unknown:ViewManagerPropertyUpdater: Could not find generated setter for class com.facebook.react.views.scroll.ReactScrollViewManager
02-06 22:13:27.555 22831 22877 W unknown:ViewManagerPropertyUpdater: Could not find generated setter for class com.facebook.react.views.slider.ReactSliderManager
02-06 22:13:27.556 22831 22877 W unknown:ViewManagerPropertyUpdater: Could not find generated setter for class com.facebook.react.views.slider.ReactSliderManager$ReactSliderShadowNode
02-06 22:13:27.556 22831 22877 W unknown:ViewManagerPropertyUpdater: Could not find generated setter for class com.facebook.react.views.switchview.ReactSwitchManager
02-06 22:13:27.557 22831 22877 W unknown:ViewManagerPropertyUpdater: Could not find generated setter for class com.facebook.react.views.switchview.ReactSwitchManager$ReactSwitchShadowNode
02-06 22:13:27.558 22831 22877 W unknown:ViewManagerPropertyUpdater: Could not find generated setter for class com.facebook.react.views.toolbar.ReactToolbarManager
02-06 22:13:27.559 22831 22877 W unknown:ViewManagerPropertyUpdater: Could not find generated setter for class com.facebook.react.views.webview.ReactWebViewManager
02-06 22:13:27.560 22831 22877 W unknown:ViewManagerPropertyUpdater: Could not find generated setter for class com.facebook.react.views.swiperefresh.SwipeRefreshLayoutManager
02-06 22:13:27.562 22831 22877 W unknown:ViewManagerPropertyUpdater: Could not find generated setter for class com.facebook.react.views.art.ARTSurfaceViewManager
02-06 22:13:27.562 22831 22877 W unknown:ViewManagerPropertyUpdater: Could not find generated setter for class com.facebook.react.views.art.ARTSurfaceViewShadowNode
02-06 22:13:27.563 22831 22877 W unknown:ViewManagerPropertyUpdater: Could not find generated setter for class com.facebook.react.views.text.frescosupport.FrescoBasedReactTextInlineImageViewManager
02-06 22:13:27.563 22831 22877 W unknown:ViewManagerPropertyUpdater: Could not find generated setter for class com.facebook.react.views.text.frescosupport.FrescoBasedReactTextInlineImageShadowNode
02-06 22:13:27.564 22831 22877 W unknown:ViewManagerPropertyUpdater: Could not find generated setter for class com.facebook.react.views.image.ReactImageManager
02-06 22:13:27.566 22831 22877 W unknown:ViewManagerPropertyUpdater: Could not find generated setter for class com.facebook.react.views.modal.ReactModalHostManager
02-06 22:13:27.566 22831 22877 W unknown:ViewManagerPropertyUpdater: Could not find generated setter for class com.facebook.react.views.modal.ModalHostShadowNode
02-06 22:13:27.567 22831 22877 W unknown:ViewManagerPropertyUpdater: Could not find generated setter for class com.facebook.react.views.text.ReactRawTextManager
02-06 22:13:27.567 22831 22877 W unknown:ViewManagerPropertyUpdater: Could not find generated setter for class com.facebook.react.views.text.ReactRawTextShadowNode
02-06 22:13:27.568 22831 22877 W unknown:ViewManagerPropertyUpdater: Could not find generated setter for class com.facebook.react.views.textinput.ReactTextInputManager
02-06 22:13:27.570 22831 22877 W unknown:ViewManagerPropertyUpdater: Could not find generated setter for class com.facebook.react.views.textinput.ReactTextInputShadowNode
02-06 22:13:27.572 22831 22877 W unknown:ViewManagerPropertyUpdater: Could not find generated setter for class com.facebook.react.views.text.ReactTextViewManager
02-06 22:13:27.573 22831 22877 W unknown:ViewManagerPropertyUpdater: Could not find generated setter for class com.facebook.react.views.text.ReactTextShadowNode
02-06 22:13:27.573 22831 22877 W unknown:ViewManagerPropertyUpdater: Could not find generated setter for class com.facebook.react.views.view.ReactViewManager
02-06 22:13:27.575 22831 22877 W unknown:ViewManagerPropertyUpdater: Could not find generated setter for class com.facebook.react.views.viewpager.ReactViewPagerManager
02-06 22:13:27.576 22831 22877 W unknown:ViewManagerPropertyUpdater: Could not find generated setter for class com.facebook.react.views.text.ReactVirtualTextViewManager
02-06 22:13:27.576 22831 22877 W unknown:ViewManagerPropertyUpdater: Could not find generated setter for class com.facebook.react.views.text.ReactVirtualTextShadowNode
02-06 22:13:27.577 22831 22877 W unknown:ViewManagerPropertyUpdater: Could not find generated setter for class com.brentvatne.react.ReactVideoViewManager
02-06 22:13:27.591 22831 22831 W unknown:ReactNative: Packager connection already open, nooping.
02-06 22:13:27.600  1029  2370 I chatty  : uid=1000(system) Binder:1029_13 expire 11 lines
02-06 22:13:27.632  1029  1178 I chatty  : uid=1000(system) WifiStateMachin expire 10 lines
02-06 22:13:27.831 22831 22881 W System  : ClassLoader referenced unknown path: /system/app/WebViewGoogle/lib/arm
02-06 22:13:27.834 22831 22881 I WebViewFactory: Loading com.google.android.webview version 55.0.2883.91 (code 288309150)
02-06 22:13:27.858 22831 22881 I cr_LibraryLoader: Time to load native libraries: 5 ms (timestamps 131-136)
02-06 22:13:27.858 22831 22881 I cr_LibraryLoader: Expected native library version number "55.0.2883.91", actual native library version number "55.0.2883.91"
02-06 22:13:28.039 22831 22880 I ReactNativeJS: Running application "appTest" with appParams: {"rootTag":1}. __DEV__ === true, development-level warning are ON, performance optimizations are OFF
02-06 22:13:30.125 22831 22836 I art     : Do partial code cache collection, code=23KB, data=29KB
02-06 22:13:30.125 22831 22836 I art     : After code cache collection, code=23KB, data=29KB
02-06 22:13:30.125 22831 22836 I art     : Increasing code cache capacity to 128KB
02-06 22:13:30.181  1517 14853 I chatty  : uid=1000(system) traffic stats expire 4 lines
02-06 22:13:32.998 15015 17880 I SocketReaderNew: SocketReader(962) continue
02-06 22:13:32.999 15015 17880 W System.err: java.net.SocketException: Socket is closed
02-06 22:13:32.999 15015 17880 W System.err: 	at java.net.Socket.getSoTimeout(Socket.java:1128)
02-06 22:13:32.999 15015 17880 W System.err: 	at com.tencent.qphone.base.util.MsfSocketInputBuffer.isDataAvailable(MsfSocketInputBuffer.java:71)
02-06 22:13:32.999 15015 17880 W System.err: 	at com.tencent.mobileqq.msf.core.net.l$b.run(SocketEngine.java:491)
02-06 22:13:33.000 15015 17880 I SocketReaderNew: SocketReader(962) wait
02-06 22:13:33.824 22831 22880 I ReactNativeJS: 'new page press', 1517926413822
02-06 22:13:33.863 22831 22880 I ReactNativeJS: 'searchview start', 1517926413863
02-06 22:13:33.935 22831 22880 I ReactNativeJS: 'newPageLoaded', 72
02-06 22:13:34.506 22831 22836 I art     : Do partial code cache collection, code=55KB, data=62KB
02-06 22:13:34.506 22831 22836 I art     : After code cache collection, code=53KB, data=61KB
02-06 22:13:34.506 22831 22836 I art     : Increasing code cache capacity to 256KB
02-06 22:13:36.205 22831 22880 I ReactNativeJS: 'new page press', 1517926416204
02-06 22:13:36.298 22831 22880 I ReactNativeJS: 'searchview start', 1517926416298
